2025-06-19T10:06:22.1144193Z Current runner version: '2.325.0'
2025-06-19T10:06:22.1168458Z ##[group]Operating System
2025-06-19T10:06:22.1169349Z Ubuntu
2025-06-19T10:06:22.1169836Z 24.04.2
2025-06-19T10:06:22.1170273Z LTS
2025-06-19T10:06:22.1170799Z ##[endgroup]
2025-06-19T10:06:22.1171267Z ##[group]Runner Image
2025-06-19T10:06:22.1171859Z Image: ubuntu-24.04
2025-06-19T10:06:22.1172376Z Version: 20250615.1.0
2025-06-19T10:06:22.1173572Z Included Software: https://github.com/actions/runner-images/blob/ubuntu24/20250615.1/images/ubuntu/Ubuntu2404-Readme.md
2025-06-19T10:06:22.1174909Z Image Release: https://github.com/actions/runner-images/releases/tag/ubuntu24%2F20250615.1
2025-06-19T10:06:22.1175790Z ##[endgroup]
2025-06-19T10:06:22.1176310Z ##[group]Runner Image Provisioner
2025-06-19T10:06:22.1176878Z 2.0.437.1
2025-06-19T10:06:22.1177491Z ##[endgroup]
2025-06-19T10:06:22.1178533Z ##[group]GITHUB_TOKEN Permissions
2025-06-19T10:06:22.1180281Z Contents: read
2025-06-19T10:06:22.1180906Z Metadata: read
2025-06-19T10:06:22.1181589Z Packages: read
2025-06-19T10:06:22.1182214Z ##[endgroup]
2025-06-19T10:06:22.1184526Z Secret source: Actions
2025-06-19T10:06:22.1185201Z Prepare workflow directory
2025-06-19T10:06:22.1507988Z Prepare all required actions
2025-06-19T10:06:22.1547635Z Getting action download info
2025-06-19T10:06:22.6110521Z ##[group]Download immutable action package 'actions/checkout@v4'
2025-06-19T10:06:22.6111590Z Version: 4.2.2
2025-06-19T10:06:22.6112548Z Digest: sha256:ccb2698953eaebd21c7bf6268a94f9c26518a7e38e27e0b83c1fe1ad049819b1
2025-06-19T10:06:22.6114202Z Source commit SHA: 11bd71901bbe5b1630ceea73d27597364c9af683
2025-06-19T10:06:22.6115016Z ##[endgroup]
2025-06-19T10:06:22.7076188Z ##[group]Download immutable action package 'actions/setup-node@v4'
2025-06-19T10:06:22.7076969Z Version: 4.4.0
2025-06-19T10:06:22.7077755Z Digest: sha256:9427cefe82346e992fb5b949e3569b39d537ae41aa3086483b14eceebfc16bc1
2025-06-19T10:06:22.7078744Z Source commit SHA: 49933ea5288caeca8642d1e84afbd3f7d6820020
2025-06-19T10:06:22.7079674Z ##[endgroup]
2025-06-19T10:06:22.7969458Z ##[group]Download immutable action package 'actions/upload-artifact@v4'
2025-06-19T10:06:22.7970257Z Version: 4.6.2
2025-06-19T10:06:22.7971034Z Digest: sha256:290722aa3281d5caf23d0acdc3dbeb3424786a1a01a9cc97e72f147225e37c38
2025-06-19T10:06:22.7972012Z Source commit SHA: ea165f8d65b6e75b540449e92b4886f43607fa02
2025-06-19T10:06:22.7972682Z ##[endgroup]
2025-06-19T10:06:23.0029079Z Complete job name: visual-tests (1)
2025-06-19T10:06:23.0638263Z ##[group]Run actions/checkout@v4
2025-06-19T10:06:23.0639062Z with:
2025-06-19T10:06:23.0639424Z   fetch-depth: 0
2025-06-19T10:06:23.0639835Z   repository: mirqtio/anthrasite.io
2025-06-19T10:06:23.0640467Z   token: ***
2025-06-19T10:06:23.0640836Z   ssh-strict: true
2025-06-19T10:06:23.0641207Z   ssh-user: git
2025-06-19T10:06:23.0641595Z   persist-credentials: true
2025-06-19T10:06:23.0642026Z   clean: true
2025-06-19T10:06:23.0642414Z   sparse-checkout-cone-mode: true
2025-06-19T10:06:23.0643044Z   fetch-tags: false
2025-06-19T10:06:23.0643452Z   show-progress: true
2025-06-19T10:06:23.0643846Z   lfs: false
2025-06-19T10:06:23.0644198Z   submodules: false
2025-06-19T10:06:23.0644591Z   set-safe-directory: true
2025-06-19T10:06:23.0645241Z ##[endgroup]
2025-06-19T10:06:23.2974482Z Syncing repository: mirqtio/anthrasite.io
2025-06-19T10:06:23.2976511Z ##[group]Getting Git version info
2025-06-19T10:06:23.2977311Z Working directory is '/home/runner/work/anthrasite.io/anthrasite.io'
2025-06-19T10:06:23.2978290Z [command]/usr/bin/git version
2025-06-19T10:06:23.3068845Z git version 2.49.0
2025-06-19T10:06:23.3097637Z ##[endgroup]
2025-06-19T10:06:23.3118301Z Temporarily overriding HOME='/home/runner/work/_temp/d6dfeaeb-bf4d-4d19-88fb-b9b90a57ee78' before making global git config changes
2025-06-19T10:06:23.3119612Z Adding repository directory to the temporary git global config as a safe directory
2025-06-19T10:06:23.3123571Z [command]/usr/bin/git config --global --add safe.directory /home/runner/work/anthrasite.io/anthrasite.io
2025-06-19T10:06:23.3160135Z Deleting the contents of '/home/runner/work/anthrasite.io/anthrasite.io'
2025-06-19T10:06:23.3163617Z ##[group]Initializing the repository
2025-06-19T10:06:23.3167601Z [command]/usr/bin/git init /home/runner/work/anthrasite.io/anthrasite.io
2025-06-19T10:06:23.3236574Z hint: Using 'master' as the name for the initial branch. This default branch name
2025-06-19T10:06:23.3237799Z hint: is subject to change. To configure the initial branch name to use in all
2025-06-19T10:06:23.3239048Z hint: of your new repositories, which will suppress this warning, call:
2025-06-19T10:06:23.3239729Z hint:
2025-06-19T10:06:23.3240242Z hint: 	git config --global init.defaultBranch <name>
2025-06-19T10:06:23.3241075Z hint:
2025-06-19T10:06:23.3242039Z hint: Names commonly chosen instead of 'master' are 'main', 'trunk' and
2025-06-19T10:06:23.3243963Z hint: 'development'. The just-created branch can be renamed via this command:
2025-06-19T10:06:23.3245327Z hint:
2025-06-19T10:06:23.3246019Z hint: 	git branch -m <name>
2025-06-19T10:06:23.3247016Z Initialized empty Git repository in /home/runner/work/anthrasite.io/anthrasite.io/.git/
2025-06-19T10:06:23.3256163Z [command]/usr/bin/git remote add origin https://github.com/mirqtio/anthrasite.io
2025-06-19T10:06:23.3289180Z ##[endgroup]
2025-06-19T10:06:23.3289856Z ##[group]Disabling automatic garbage collection
2025-06-19T10:06:23.3293162Z [command]/usr/bin/git config --local gc.auto 0
2025-06-19T10:06:23.3321045Z ##[endgroup]
2025-06-19T10:06:23.3321676Z ##[group]Setting up auth
2025-06-19T10:06:23.3329563Z [command]/usr/bin/git config --local --name-only --get-regexp core\.sshCommand
2025-06-19T10:06:23.3360327Z [command]/usr/bin/git submodule foreach --recursive sh -c "git config --local --name-only --get-regexp 'core\.sshCommand' && git config --local --unset-all 'core.sshCommand' || :"
2025-06-19T10:06:23.3692074Z [command]/usr/bin/git config --local --name-only --get-regexp http\.https\:\/\/github\.com\/\.extraheader
2025-06-19T10:06:23.3724980Z [command]/usr/bin/git submodule foreach --recursive sh -c "git config --local --name-only --get-regexp 'http\.https\:\/\/github\.com\/\.extraheader' && git config --local --unset-all 'http.https://github.com/.extraheader' || :"
2025-06-19T10:06:23.3951659Z [command]/usr/bin/git config --local http.https://github.com/.extraheader AUTHORIZATION: basic ***
2025-06-19T10:06:23.3994532Z ##[endgroup]
2025-06-19T10:06:23.3995258Z ##[group]Fetching the repository
2025-06-19T10:06:23.4004293Z [command]/usr/bin/git -c protocol.version=2 fetch --prune --no-recurse-submodules origin +refs/heads/*:refs/remotes/origin/* +refs/tags/*:refs/tags/*
2025-06-19T10:06:24.6530842Z From https://github.com/mirqtio/anthrasite.io
2025-06-19T10:06:24.6533806Z  * [new branch]      fix/restore-proper-testing-standards -> origin/fix/restore-proper-testing-standards
2025-06-19T10:06:24.6536043Z  * [new branch]      main       -> origin/main
2025-06-19T10:06:24.6571424Z [command]/usr/bin/git branch --list --remote origin/main
2025-06-19T10:06:24.6595800Z   origin/main
2025-06-19T10:06:24.6606755Z [command]/usr/bin/git rev-parse refs/remotes/origin/main
2025-06-19T10:06:24.6629042Z cc5f5979eba54fcad198a59c73a92e96ae943e3c
2025-06-19T10:06:24.6636544Z ##[endgroup]
2025-06-19T10:06:24.6637846Z ##[group]Determining the checkout info
2025-06-19T10:06:24.6639164Z ##[endgroup]
2025-06-19T10:06:24.6642578Z [command]/usr/bin/git sparse-checkout disable
2025-06-19T10:06:24.6684282Z [command]/usr/bin/git config --local --unset-all extensions.worktreeConfig
2025-06-19T10:06:24.6711711Z ##[group]Checking out the ref
2025-06-19T10:06:24.6716807Z [command]/usr/bin/git checkout --progress --force -B main refs/remotes/origin/main
2025-06-19T10:06:24.7291674Z Switched to a new branch 'main'
2025-06-19T10:06:24.7293645Z branch 'main' set up to track 'origin/main'.
2025-06-19T10:06:24.7305996Z ##[endgroup]
2025-06-19T10:06:24.7346758Z [command]/usr/bin/git log -1 --format=%H
2025-06-19T10:06:24.7368748Z cc5f5979eba54fcad198a59c73a92e96ae943e3c
2025-06-19T10:06:24.7645309Z ##[group]Run actions/setup-node@v4
2025-06-19T10:06:24.7646554Z with:
2025-06-19T10:06:24.7647323Z   node-version: 20
2025-06-19T10:06:24.7648159Z   cache: npm
2025-06-19T10:06:24.7648955Z   always-auth: false
2025-06-19T10:06:24.7649830Z   check-latest: false
2025-06-19T10:06:24.7650985Z   token: ***
2025-06-19T10:06:24.7651780Z ##[endgroup]
2025-06-19T10:06:24.9421570Z Found in cache @ /opt/hostedtoolcache/node/20.19.2/x64
2025-06-19T10:06:24.9428583Z ##[group]Environment details
2025-06-19T10:06:25.3118519Z node: v20.19.2
2025-06-19T10:06:25.3119210Z npm: 10.8.2
2025-06-19T10:06:25.3119499Z yarn: 1.22.22
2025-06-19T10:06:25.3120322Z ##[endgroup]
2025-06-19T10:06:25.3147014Z [command]/opt/hostedtoolcache/node/20.19.2/x64/bin/npm config get cache
2025-06-19T10:06:25.4286827Z /home/runner/.npm
2025-06-19T10:06:25.7306246Z Cache hit for: node-cache-Linux-x64-npm-83b34af39050cb8dcf0f8fc59536a1514e9b948d1095880efafd299289ca3bea
2025-06-19T10:06:27.0481579Z Received 4194304 of 232013951 (1.8%), 4.0 MBs/sec
2025-06-19T10:06:28.0489430Z Received 100663296 of 232013951 (43.4%), 48.0 MBs/sec
2025-06-19T10:06:29.0493399Z Received 192937984 of 232013951 (83.2%), 61.3 MBs/sec
2025-06-19T10:06:29.4787843Z Received 232013951 of 232013951 (100.0%), 64.5 MBs/sec
2025-06-19T10:06:29.4790241Z Cache Size: ~221 MB (232013951 B)
2025-06-19T10:06:29.4916705Z [command]/usr/bin/tar -xf /home/runner/work/_temp/8c9fae61-e7d7-4aed-ada6-551485a2b8a1/cache.tzst -P -C /home/runner/work/anthrasite.io/anthrasite.io --use-compress-program unzstd
2025-06-19T10:06:29.9852472Z Cache restored successfully
2025-06-19T10:06:30.0320570Z Cache restored from key: node-cache-Linux-x64-npm-83b34af39050cb8dcf0f8fc59536a1514e9b948d1095880efafd299289ca3bea
2025-06-19T10:06:30.0474205Z ##[group]Run npm ci
2025-06-19T10:06:30.0474517Z [36;1mnpm ci[0m
2025-06-19T10:06:30.0578304Z shell: /usr/bin/bash -e {0}
2025-06-19T10:06:30.0578598Z ##[endgroup]
2025-06-19T10:06:37.0126528Z npm warn deprecated inflight@1.0.6: This module is not supported, and leaks memory. Do not use it. Check out lru-cache if you want a good and tested way to coalesce async requests by a key value, which is much more comprehensive and powerful.
2025-06-19T10:06:37.2231035Z npm warn deprecated @humanwhocodes/config-array@0.13.0: Use @eslint/config-array instead
2025-06-19T10:06:37.2506137Z npm warn deprecated rimraf@3.0.2: Rimraf versions prior to v4 are no longer supported
2025-06-19T10:06:37.4184608Z npm warn deprecated @humanwhocodes/object-schema@2.0.3: Use @eslint/object-schema instead
2025-06-19T10:06:37.4208367Z npm warn deprecated glob@7.2.3: Glob versions prior to v9 are no longer supported
2025-06-19T10:06:37.4220160Z npm warn deprecated glob@7.2.3: Glob versions prior to v9 are no longer supported
2025-06-19T10:06:42.9580559Z npm warn deprecated eslint@8.57.1: This version is no longer supported. Please see https://eslint.org/version-support for other options.
2025-06-19T10:06:51.2251768Z 
2025-06-19T10:06:51.2252594Z > anthrasite.io@1.0.0 postinstall
2025-06-19T10:06:51.2254435Z > prisma generate
2025-06-19T10:06:51.2254658Z 
2025-06-19T10:06:51.8729331Z Prisma schema loaded from prisma/schema.prisma
2025-06-19T10:06:52.1371583Z 
2025-06-19T10:06:52.1373734Z ✔ Generated Prisma Client (v6.9.0) to ./node_modules/@prisma/client in 88ms
2025-06-19T10:06:52.1374362Z 
2025-06-19T10:06:52.1375122Z Start by importing your Prisma Client (See: https://pris.ly/d/importing-client)
2025-06-19T10:06:52.1375789Z 
2025-06-19T10:06:52.1376986Z Tip: Need your database queries to be 1000x faster? Accelerate offers you that and more: https://pris.ly/tip-2-accelerate
2025-06-19T10:06:52.1377936Z 
2025-06-19T10:06:52.1837183Z 
2025-06-19T10:06:52.1837838Z > anthrasite.io@1.0.0 prepare
2025-06-19T10:06:52.1838345Z > husky
2025-06-19T10:06:52.1838498Z 
2025-06-19T10:06:52.2772166Z 
2025-06-19T10:06:52.2773233Z added 1400 packages, and audited 1401 packages in 22s
2025-06-19T10:06:52.2777649Z 
2025-06-19T10:06:52.2777973Z 280 packages are looking for funding
2025-06-19T10:06:52.2778546Z   run `npm fund` for details
2025-06-19T10:06:52.2790966Z 
2025-06-19T10:06:52.2791323Z found 0 vulnerabilities
2025-06-19T10:06:52.3974327Z ##[group]Run npx playwright install --with-deps chromium
2025-06-19T10:06:52.3974757Z [36;1mnpx playwright install --with-deps chromium[0m
2025-06-19T10:06:52.4049800Z shell: /usr/bin/bash -e {0}
2025-06-19T10:06:52.4050064Z ##[endgroup]
2025-06-19T10:06:53.1772606Z Installing dependencies...
2025-06-19T10:06:53.1842658Z Switching to root user to install dependencies...
2025-06-19T10:06:53.2560265Z Get:1 file:/etc/apt/apt-mirrors.txt Mirrorlist [144 B]
2025-06-19T10:06:53.2900601Z Hit:2 http://azure.archive.ubuntu.com/ubuntu noble InRelease
2025-06-19T10:06:53.2906012Z Hit:6 https://packages.microsoft.com/repos/azure-cli noble InRelease
2025-06-19T10:06:53.2907067Z Get:7 https://packages.microsoft.com/ubuntu/24.04/prod noble InRelease [3600 B]
2025-06-19T10:06:53.2919772Z Get:3 http://azure.archive.ubuntu.com/ubuntu noble-updates InRelease [126 kB]
2025-06-19T10:06:53.2960800Z Get:4 http://azure.archive.ubuntu.com/ubuntu noble-backports InRelease [126 kB]
2025-06-19T10:06:53.3009081Z Get:5 http://azure.archive.ubuntu.com/ubuntu noble-security InRelease [126 kB]
2025-06-19T10:06:53.4646004Z Get:8 https://packages.microsoft.com/ubuntu/24.04/prod noble/main amd64 Packages [34.7 kB]
2025-06-19T10:06:53.4772373Z Get:9 https://packages.microsoft.com/ubuntu/24.04/prod noble/main arm64 Packages [21.9 kB]
2025-06-19T10:06:53.4920222Z Get:10 https://packages.microsoft.com/ubuntu/24.04/prod noble/main armhf Packages [8607 B]
2025-06-19T10:06:53.5091039Z Get:11 http://azure.archive.ubuntu.com/ubuntu noble-updates/main amd64 Packages [1126 kB]
2025-06-19T10:06:53.5199949Z Get:12 http://azure.archive.ubuntu.com/ubuntu noble-updates/main Translation-en [240 kB]
2025-06-19T10:06:53.5209211Z Get:13 http://azure.archive.ubuntu.com/ubuntu noble-updates/main amd64 Components [161 kB]
2025-06-19T10:06:53.5309845Z Get:14 http://azure.archive.ubuntu.com/ubuntu noble-updates/universe amd64 Packages [1084 kB]
2025-06-19T10:06:53.5319527Z Get:15 http://azure.archive.ubuntu.com/ubuntu noble-updates/universe Translation-en [275 kB]
2025-06-19T10:06:53.5370123Z Get:16 http://azure.archive.ubuntu.com/ubuntu noble-updates/universe amd64 Components [376 kB]
2025-06-19T10:06:53.5428214Z Get:17 http://azure.archive.ubuntu.com/ubuntu noble-updates/restricted amd64 Components [212 B]
2025-06-19T10:06:53.5437193Z Get:18 http://azure.archive.ubuntu.com/ubuntu noble-updates/multiverse amd64 Components [940 B]
2025-06-19T10:06:53.5845185Z Get:19 http://azure.archive.ubuntu.com/ubuntu noble-backports/main amd64 Components [7064 B]
2025-06-19T10:06:53.5858207Z Get:20 http://azure.archive.ubuntu.com/ubuntu noble-backports/universe amd64 Components [16.4 kB]
2025-06-19T10:06:53.6336755Z Get:21 http://azure.archive.ubuntu.com/ubuntu noble-backports/restricted amd64 Components [216 B]
2025-06-19T10:06:53.6338048Z Get:22 http://azure.archive.ubuntu.com/ubuntu noble-backports/multiverse amd64 Components [212 B]
2025-06-19T10:06:53.6376675Z Get:23 http://azure.archive.ubuntu.com/ubuntu noble-security/main amd64 Packages [879 kB]
2025-06-19T10:06:53.6418017Z Get:24 http://azure.archive.ubuntu.com/ubuntu noble-security/main Translation-en [163 kB]
2025-06-19T10:06:53.6445014Z Get:25 http://azure.archive.ubuntu.com/ubuntu noble-security/main amd64 Components [21.6 kB]
2025-06-19T10:06:53.6456919Z Get:26 http://azure.archive.ubuntu.com/ubuntu noble-security/universe amd64 Packages [856 kB]
2025-06-19T10:06:53.6513319Z Get:27 http://azure.archive.ubuntu.com/ubuntu noble-security/universe Translation-en [188 kB]
2025-06-19T10:06:53.6531624Z Get:28 http://azure.archive.ubuntu.com/ubuntu noble-security/universe amd64 Components [52.3 kB]
2025-06-19T10:06:53.6543286Z Get:29 http://azure.archive.ubuntu.com/ubuntu noble-security/restricted amd64 Packages [1148 kB]
2025-06-19T10:06:53.6615592Z Get:30 http://azure.archive.ubuntu.com/ubuntu noble-security/restricted Translation-en [241 kB]
2025-06-19T10:06:53.6639305Z Get:31 http://azure.archive.ubuntu.com/ubuntu noble-security/restricted amd64 Components [212 B]
2025-06-19T10:06:53.6647198Z Get:32 http://azure.archive.ubuntu.com/ubuntu noble-security/multiverse amd64 Components [212 B]
2025-06-19T10:07:00.0859970Z Fetched 7285 kB in 1s (7335 kB/s)
2025-06-19T10:07:00.7566935Z Reading package lists...
2025-06-19T10:07:00.7876398Z Reading package lists...
2025-06-19T10:07:00.9571808Z Building dependency tree...
2025-06-19T10:07:00.9583120Z Reading state information...
2025-06-19T10:07:01.1154375Z libasound2t64 is already the newest version (1.2.11-1build2).
2025-06-19T10:07:01.1155218Z libasound2t64 set to manually installed.
2025-06-19T10:07:01.1156101Z libatk-bridge2.0-0t64 is already the newest version (2.52.0-1build1).
2025-06-19T10:07:01.1157070Z libatk-bridge2.0-0t64 set to manually installed.
2025-06-19T10:07:01.1158023Z libatk1.0-0t64 is already the newest version (2.52.0-1build1).
2025-06-19T10:07:01.1158865Z libatk1.0-0t64 set to manually installed.
2025-06-19T10:07:01.1159751Z libatspi2.0-0t64 is already the newest version (2.52.0-1build1).
2025-06-19T10:07:01.1160832Z libatspi2.0-0t64 set to manually installed.
2025-06-19T10:07:01.1161693Z libcairo2 is already the newest version (1.18.0-3build1).
2025-06-19T10:07:01.1162499Z libcairo2 set to manually installed.
2025-06-19T10:07:01.1163565Z libcups2t64 is already the newest version (2.4.7-1.2ubuntu7.3).
2025-06-19T10:07:01.1164101Z libcups2t64 set to manually installed.
2025-06-19T10:07:01.1164653Z libdbus-1-3 is already the newest version (1.14.10-4ubuntu4.1).
2025-06-19T10:07:01.1165165Z libdbus-1-3 set to manually installed.
2025-06-19T10:07:01.1165710Z libdrm2 is already the newest version (2.4.122-1~ubuntu0.24.04.1).
2025-06-19T10:07:01.1166224Z libdrm2 set to manually installed.
2025-06-19T10:07:01.1166747Z libgbm1 is already the newest version (24.2.8-1ubuntu1~24.04.1).
2025-06-19T10:07:01.1167251Z libgbm1 set to manually installed.
2025-06-19T10:07:01.1167784Z libglib2.0-0t64 is already the newest version (2.80.0-6ubuntu3.4).
2025-06-19T10:07:01.1168332Z libglib2.0-0t64 set to manually installed.
2025-06-19T10:07:01.1168894Z libnspr4 is already the newest version (2:4.35-1.1build1).
2025-06-19T10:07:01.1169391Z libnspr4 set to manually installed.
2025-06-19T10:07:01.1169891Z libnss3 is already the newest version (2:3.98-1build1).
2025-06-19T10:07:01.1170368Z libnss3 set to manually installed.
2025-06-19T10:07:01.1170909Z libpango-1.0-0 is already the newest version (1.52.1+ds-1build1).
2025-06-19T10:07:01.1171371Z libpango-1.0-0 set to manually installed.
2025-06-19T10:07:01.1171736Z libx11-6 is already the newest version (2:1.8.7-1build1).
2025-06-19T10:07:01.1172074Z libx11-6 set to manually installed.
2025-06-19T10:07:01.1172411Z libxcb1 is already the newest version (1.15-1ubuntu2).
2025-06-19T10:07:01.1172735Z libxcb1 set to manually installed.
2025-06-19T10:07:01.1173359Z libxcomposite1 is already the newest version (1:0.4.5-1build3).
2025-06-19T10:07:01.1173752Z libxcomposite1 set to manually installed.
2025-06-19T10:07:01.1174142Z libxdamage1 is already the newest version (1:1.1.6-1build1).
2025-06-19T10:07:01.1174521Z libxdamage1 set to manually installed.
2025-06-19T10:07:01.1174882Z libxext6 is already the newest version (2:1.3.4-1build2).
2025-06-19T10:07:01.1175214Z libxext6 set to manually installed.
2025-06-19T10:07:01.1175579Z libxfixes3 is already the newest version (1:6.0.0-2build1).
2025-06-19T10:07:01.1175928Z libxfixes3 set to manually installed.
2025-06-19T10:07:01.1176299Z libxkbcommon0 is already the newest version (1.6.0-1build1).
2025-06-19T10:07:01.1176654Z libxkbcommon0 set to manually installed.
2025-06-19T10:07:01.1177025Z libxrandr2 is already the newest version (2:1.5.2-2build1).
2025-06-19T10:07:01.1177370Z libxrandr2 set to manually installed.
2025-06-19T10:07:01.1177815Z fonts-noto-color-emoji is already the newest version (2.047-0ubuntu0.24.04.1).
2025-06-19T10:07:01.1178322Z libfontconfig1 is already the newest version (2.15.0-1.1ubuntu2).
2025-06-19T10:07:01.1178695Z libfontconfig1 set to manually installed.
2025-06-19T10:07:01.1179376Z libfreetype6 is already the newest version (2.13.2+dfsg-1build3).
2025-06-19T10:07:01.1179891Z libfreetype6 set to manually installed.
2025-06-19T10:07:01.1180284Z fonts-liberation is already the newest version (1:2.1.5-3).
2025-06-19T10:07:01.1180652Z fonts-liberation set to manually installed.
2025-06-19T10:07:01.1181024Z The following additional packages will be installed:
2025-06-19T10:07:01.1181379Z   xfonts-encodings xfonts-utils xserver-common
2025-06-19T10:07:01.1181678Z Recommended packages:
2025-06-19T10:07:01.1181968Z   fonts-ipafont-mincho fonts-tlwg-loma xfonts-base
2025-06-19T10:07:01.1363067Z The following NEW packages will be installed:
2025-06-19T10:07:01.1364077Z   fonts-freefont-ttf fonts-ipafont-gothic fonts-tlwg-loma-otf fonts-unifont
2025-06-19T10:07:01.1370062Z   fonts-wqy-zenhei xfonts-cyrillic xfonts-encodings xfonts-scalable
2025-06-19T10:07:01.1370951Z   xfonts-utils
2025-06-19T10:07:01.1380373Z The following packages will be upgraded:
2025-06-19T10:07:01.1381128Z   xserver-common xvfb
2025-06-19T10:07:01.1550703Z 2 upgraded, 9 newly installed, 0 to remove and 29 not upgraded.
2025-06-19T10:07:01.1551319Z Need to get 22.0 MB of archives.
2025-06-19T10:07:01.1551733Z After this operation, 79.5 MB of additional disk space will be used.
2025-06-19T10:07:01.1552204Z Get:1 file:/etc/apt/apt-mirrors.txt Mirrorlist [144 B]
2025-06-19T10:07:01.2545361Z Get:2 http://azure.archive.ubuntu.com/ubuntu noble/universe amd64 fonts-ipafont-gothic all 00303-21ubuntu1 [3513 kB]
2025-06-19T10:07:01.6655015Z Get:3 http://azure.archive.ubuntu.com/ubuntu noble/main amd64 fonts-freefont-ttf all 20211204+svn4273-2 [5641 kB]
2025-06-19T10:07:02.1602734Z Get:4 http://azure.archive.ubuntu.com/ubuntu noble/universe amd64 fonts-tlwg-loma-otf all 1:0.7.3-1 [107 kB]
2025-06-19T10:07:02.2450698Z Get:5 http://azure.archive.ubuntu.com/ubuntu noble/universe amd64 fonts-unifont all 1:15.1.01-1build1 [2993 kB]
2025-06-19T10:07:02.5840965Z Get:6 http://azure.archive.ubuntu.com/ubuntu noble/universe amd64 fonts-wqy-zenhei all 0.9.45-8 [7472 kB]
2025-06-19T10:07:03.0886551Z Get:7 http://azure.archive.ubuntu.com/ubuntu noble/main amd64 xfonts-encodings all 1:1.0.5-0ubuntu2 [578 kB]
2025-06-19T10:07:03.2538929Z Get:8 http://azure.archive.ubuntu.com/ubuntu noble/main amd64 xfonts-utils amd64 1:7.7+6build3 [94.4 kB]
2025-06-19T10:07:03.3379334Z Get:9 http://azure.archive.ubuntu.com/ubuntu noble/universe amd64 xfonts-cyrillic all 1:1.0.5+nmu1 [384 kB]
2025-06-19T10:07:03.5020630Z Get:10 http://azure.archive.ubuntu.com/ubuntu noble/main amd64 xfonts-scalable all 1:1.0.3-1.3 [304 kB]
2025-06-19T10:07:03.5884904Z Get:11 http://azure.archive.ubuntu.com/ubuntu noble-updates/main amd64 xserver-common all 2:21.1.12-1ubuntu1.4 [34.4 kB]
2025-06-19T10:07:03.6726180Z Get:12 http://azure.archive.ubuntu.com/ubuntu noble-updates/universe amd64 xvfb amd64 2:21.1.12-1ubuntu1.4 [877 kB]
2025-06-19T10:07:04.0228833Z Fetched 22.0 MB in 3s (8409 kB/s)
2025-06-19T10:07:04.0469793Z Selecting previously unselected package fonts-ipafont-gothic.
2025-06-19T10:07:04.0715343Z (Reading database ... 
2025-06-19T10:07:04.0716158Z (Reading database ... 5%
2025-06-19T10:07:04.0716634Z (Reading database ... 10%
2025-06-19T10:07:04.0717040Z (Reading database ... 15%
2025-06-19T10:07:04.0717394Z (Reading database ... 20%
2025-06-19T10:07:04.0717632Z (Reading database ... 25%
2025-06-19T10:07:04.0717870Z (Reading database ... 30%
2025-06-19T10:07:04.0718107Z (Reading database ... 35%
2025-06-19T10:07:04.0718463Z (Reading database ... 40%
2025-06-19T10:07:04.0718844Z (Reading database ... 45%
2025-06-19T10:07:04.0719105Z (Reading database ... 50%
2025-06-19T10:07:04.0820235Z (Reading database ... 55%
2025-06-19T10:07:04.1164100Z (Reading database ... 60%
2025-06-19T10:07:04.1430191Z (Reading database ... 65%
2025-06-19T10:07:04.1704448Z (Reading database ... 70%
2025-06-19T10:07:04.2030327Z (Reading database ... 75%
2025-06-19T10:07:04.2491905Z (Reading database ... 80%
2025-06-19T10:07:04.3027427Z (Reading database ... 85%
2025-06-19T10:07:04.3684875Z (Reading database ... 90%
2025-06-19T10:07:04.4118771Z (Reading database ... 95%
2025-06-19T10:07:04.4119434Z (Reading database ... 100%
2025-06-19T10:07:04.4120022Z (Reading database ... 219352 files and directories currently installed.)
2025-06-19T10:07:04.4167061Z Preparing to unpack .../00-fonts-ipafont-gothic_00303-21ubuntu1_all.deb ...
2025-06-19T10:07:04.4277755Z Unpacking fonts-ipafont-gothic (00303-21ubuntu1) ...
2025-06-19T10:07:04.6643199Z Selecting previously unselected package fonts-freefont-ttf.
2025-06-19T10:07:04.6774313Z Preparing to unpack .../01-fonts-freefont-ttf_20211204+svn4273-2_all.deb ...
2025-06-19T10:07:04.6785307Z Unpacking fonts-freefont-ttf (20211204+svn4273-2) ...
2025-06-19T10:07:04.7688068Z Selecting previously unselected package fonts-tlwg-loma-otf.
2025-06-19T10:07:04.7830389Z Preparing to unpack .../02-fonts-tlwg-loma-otf_1%3a0.7.3-1_all.deb ...
2025-06-19T10:07:04.7844348Z Unpacking fonts-tlwg-loma-otf (1:0.7.3-1) ...
2025-06-19T10:07:04.8079551Z Selecting previously unselected package fonts-unifont.
2025-06-19T10:07:04.8219954Z Preparing to unpack .../03-fonts-unifont_1%3a15.1.01-1build1_all.deb ...
2025-06-19T10:07:04.8229902Z Unpacking fonts-unifont (1:15.1.01-1build1) ...
2025-06-19T10:07:04.9517556Z Selecting previously unselected package fonts-wqy-zenhei.
2025-06-19T10:07:04.9657470Z Preparing to unpack .../04-fonts-wqy-zenhei_0.9.45-8_all.deb ...
2025-06-19T10:07:04.9768917Z Unpacking fonts-wqy-zenhei (0.9.45-8) ...
2025-06-19T10:07:05.4491779Z Selecting previously unselected package xfonts-encodings.
2025-06-19T10:07:05.4634108Z Preparing to unpack .../05-xfonts-encodings_1%3a1.0.5-0ubuntu2_all.deb ...
2025-06-19T10:07:05.4643784Z Unpacking xfonts-encodings (1:1.0.5-0ubuntu2) ...
2025-06-19T10:07:05.4970729Z Selecting previously unselected package xfonts-utils.
2025-06-19T10:07:05.5112681Z Preparing to unpack .../06-xfonts-utils_1%3a7.7+6build3_amd64.deb ...
2025-06-19T10:07:05.5124597Z Unpacking xfonts-utils (1:7.7+6build3) ...
2025-06-19T10:07:05.5531470Z Selecting previously unselected package xfonts-cyrillic.
2025-06-19T10:07:05.5678217Z Preparing to unpack .../07-xfonts-cyrillic_1%3a1.0.5+nmu1_all.deb ...
2025-06-19T10:07:05.5688669Z Unpacking xfonts-cyrillic (1:1.0.5+nmu1) ...
2025-06-19T10:07:05.6088967Z Selecting previously unselected package xfonts-scalable.
2025-06-19T10:07:05.6231760Z Preparing to unpack .../08-xfonts-scalable_1%3a1.0.3-1.3_all.deb ...
2025-06-19T10:07:05.6242112Z Unpacking xfonts-scalable (1:1.0.3-1.3) ...
2025-06-19T10:07:05.6662612Z Preparing to unpack .../09-xserver-common_2%3a21.1.12-1ubuntu1.4_all.deb ...
2025-06-19T10:07:05.6695494Z Unpacking xserver-common (2:21.1.12-1ubuntu1.4) over (2:21.1.12-1ubuntu1.3) ...
2025-06-19T10:07:05.7133564Z Preparing to unpack .../10-xvfb_2%3a21.1.12-1ubuntu1.4_amd64.deb ...
2025-06-19T10:07:05.7160375Z Unpacking xvfb (2:21.1.12-1ubuntu1.4) over (2:21.1.12-1ubuntu1.3) ...
2025-06-19T10:07:05.7732294Z Setting up fonts-wqy-zenhei (0.9.45-8) ...
2025-06-19T10:07:05.7890600Z Setting up fonts-freefont-ttf (20211204+svn4273-2) ...
2025-06-19T10:07:05.7929868Z Setting up fonts-tlwg-loma-otf (1:0.7.3-1) ...
2025-06-19T10:07:05.7960692Z Setting up xfonts-encodings (1:1.0.5-0ubuntu2) ...
2025-06-19T10:07:05.7991605Z Setting up fonts-ipafont-gothic (00303-21ubuntu1) ...
2025-06-19T10:07:05.8070625Z update-alternatives: using /usr/share/fonts/opentype/ipafont-gothic/ipag.ttf to provide /usr/share/fonts/truetype/fonts-japanese-gothic.ttf (fonts-japanese-gothic.ttf) in auto mode
2025-06-19T10:07:05.8091524Z Setting up xserver-common (2:21.1.12-1ubuntu1.4) ...
2025-06-19T10:07:05.8121549Z Setting up fonts-unifont (1:15.1.01-1build1) ...
2025-06-19T10:07:05.8147727Z Setting up xvfb (2:21.1.12-1ubuntu1.4) ...
2025-06-19T10:07:05.8180065Z Setting up xfonts-utils (1:7.7+6build3) ...
2025-06-19T10:07:05.8236226Z Setting up xfonts-cyrillic (1:1.0.5+nmu1) ...
2025-06-19T10:07:05.8544153Z Setting up xfonts-scalable (1:1.0.3-1.3) ...
2025-06-19T10:07:05.8879617Z Processing triggers for man-db (2.12.0-4build2) ...
2025-06-19T10:07:13.6800687Z Processing triggers for fontconfig (2.15.0-1.1ubuntu2) ...
2025-06-19T10:07:14.3856056Z 
2025-06-19T10:07:14.3857028Z Running kernel seems to be up-to-date.
2025-06-19T10:07:14.3857437Z 
2025-06-19T10:07:14.3857672Z No services need to be restarted.
2025-06-19T10:07:14.3857957Z 
2025-06-19T10:07:14.3858186Z No containers need to be restarted.
2025-06-19T10:07:14.3858463Z 
2025-06-19T10:07:14.3858758Z No user sessions are running outdated binaries.
2025-06-19T10:07:14.3859074Z 
2025-06-19T10:07:14.3859526Z No VM guests are running outdated hypervisor (qemu) binaries on this host.
2025-06-19T10:07:15.2236887Z Downloading Chromium 138.0.7204.15 (playwright build v1178) from https://cdn.playwright.dev/dbazure/download/playwright/builds/chromium/1178/chromium-linux.zip
2025-06-19T10:07:15.5580566Z |                                                                                |   0% of 171.6 MiB
2025-06-19T10:07:15.7355923Z |■■■■■■■■                                                                        |  10% of 171.6 MiB
2025-06-19T10:07:15.8587477Z |■■■■■■■■■■■■■■■■                                                                |  20% of 171.6 MiB
2025-06-19T10:07:15.9579746Z |■■■■■■■■■■■■■■■■■■■■■■■■                                                        |  30% of 171.6 MiB
2025-06-19T10:07:16.0549894Z |■■■■■■■■■■■■■■■■■■■■■■■■■■■■■■■■                                                |  40% of 171.6 MiB
2025-06-19T10:07:16.1570513Z |■■■■■■■■■■■■■■■■■■■■■■■■■■■■■■■■■■■■■■■■                                        |  50% of 171.6 MiB
2025-06-19T10:07:16.2488329Z |■■■■■■■■■■■■■■■■■■■■■■■■■■■■■■■■■■■■■■■■■■■■■■■■                                |  60% of 171.6 MiB
2025-06-19T10:07:16.3443342Z |■■■■■■■■■■■■■■■■■■■■■■■■■■■■■■■■■■■■■■■■■■■■■■■■■■■■■■■■                        |  70% of 171.6 MiB
2025-06-19T10:07:16.4549374Z |■■■■■■■■■■■■■■■■■■■■■■■■■■■■■■■■■■■■■■■■■■■■■■■■■■■■■■■■■■■■■■■■                |  80% of 171.6 MiB
2025-06-19T10:07:16.5558784Z |■■■■■■■■■■■■■■■■■■■■■■■■■■■■■■■■■■■■■■■■■■■■■■■■■■■■■■■■■■■■■■■■■■■■■■■■        |  90% of 171.6 MiB
2025-06-19T10:07:16.6446619Z |■■■■■■■■■■■■■■■■■■■■■■■■■■■■■■■■■■■■■■■■■■■■■■■■■■■■■■■■■■■■■■■■■■■■■■■■■■■■■■■■| 100% of 171.6 MiB
2025-06-19T10:07:20.2581787Z Chromium 138.0.7204.15 (playwright build v1178) downloaded to /home/runner/.cache/ms-playwright/chromium-1178
2025-06-19T10:07:20.2583591Z Downloading FFMPEG playwright build v1011 from https://cdn.playwright.dev/dbazure/download/playwright/builds/ffmpeg/1011/ffmpeg-linux.zip
2025-06-19T10:07:20.4174135Z |                                                                                |   0% of 2.3 MiB
2025-06-19T10:07:20.4239804Z |■■■■■■■■                                                                        |  10% of 2.3 MiB
2025-06-19T10:07:20.4271042Z |■■■■■■■■■■■■■■■■                                                                |  20% of 2.3 MiB
2025-06-19T10:07:20.4297720Z |■■■■■■■■■■■■■■■■■■■■■■■■                                                        |  30% of 2.3 MiB
2025-06-19T10:07:20.4320219Z |■■■■■■■■■■■■■■■■■■■■■■■■■■■■■■■■                                                |  40% of 2.3 MiB
2025-06-19T10:07:20.4346776Z |■■■■■■■■■■■■■■■■■■■■■■■■■■■■■■■■■■■■■■■■                                        |  50% of 2.3 MiB
2025-06-19T10:07:20.4370253Z |■■■■■■■■■■■■■■■■■■■■■■■■■■■■■■■■■■■■■■■■■■■■■■■■                                |  60% of 2.3 MiB
2025-06-19T10:07:20.4395276Z |■■■■■■■■■■■■■■■■■■■■■■■■■■■■■■■■■■■■■■■■■■■■■■■■■■■■■■■■                        |  70% of 2.3 MiB
2025-06-19T10:07:20.4420158Z |■■■■■■■■■■■■■■■■■■■■■■■■■■■■■■■■■■■■■■■■■■■■■■■■■■■■■■■■■■■■■■■■                |  80% of 2.3 MiB
2025-06-19T10:07:20.4443705Z |■■■■■■■■■■■■■■■■■■■■■■■■■■■■■■■■■■■■■■■■■■■■■■■■■■■■■■■■■■■■■■■■■■■■■■■■        |  90% of 2.3 MiB
2025-06-19T10:07:20.4469840Z |■■■■■■■■■■■■■■■■■■■■■■■■■■■■■■■■■■■■■■■■■■■■■■■■■■■■■■■■■■■■■■■■■■■■■■■■■■■■■■■■| 100% of 2.3 MiB
2025-06-19T10:07:20.5186740Z FFMPEG playwright build v1011 downloaded to /home/runner/.cache/ms-playwright/ffmpeg-1011
2025-06-19T10:07:20.5189428Z Downloading Chromium Headless Shell 138.0.7204.15 (playwright build v1178) from https://cdn.playwright.dev/dbazure/download/playwright/builds/chromium/1178/chromium-headless-shell-linux.zip
2025-06-19T10:07:20.6628271Z |                                                                                |   0% of 104.5 MiB
2025-06-19T10:07:20.7899356Z |■■■■■■■■                                                                        |  10% of 104.5 MiB
2025-06-19T10:07:20.8771507Z |■■■■■■■■■■■■■■■■                                                                |  20% of 104.5 MiB
2025-06-19T10:07:20.9408794Z |■■■■■■■■■■■■■■■■■■■■■■■■                                                        |  30% of 104.5 MiB
2025-06-19T10:07:21.0011224Z |■■■■■■■■■■■■■■■■■■■■■■■■■■■■■■■■                                                |  40% of 104.5 MiB
2025-06-19T10:07:21.0594640Z |■■■■■■■■■■■■■■■■■■■■■■■■■■■■■■■■■■■■■■■■                                        |  50% of 104.5 MiB
2025-06-19T10:07:21.1147989Z |■■■■■■■■■■■■■■■■■■■■■■■■■■■■■■■■■■■■■■■■■■■■■■■■                                |  60% of 104.5 MiB
2025-06-19T10:07:21.1674307Z |■■■■■■■■■■■■■■■■■■■■■■■■■■■■■■■■■■■■■■■■■■■■■■■■■■■■■■■■                        |  70% of 104.5 MiB
2025-06-19T10:07:21.2215524Z |■■■■■■■■■■■■■■■■■■■■■■■■■■■■■■■■■■■■■■■■■■■■■■■■■■■■■■■■■■■■■■■■                |  80% of 104.5 MiB
2025-06-19T10:07:21.2807029Z |■■■■■■■■■■■■■■■■■■■■■■■■■■■■■■■■■■■■■■■■■■■■■■■■■■■■■■■■■■■■■■■■■■■■■■■■        |  90% of 104.5 MiB
2025-06-19T10:07:21.3416940Z |■■■■■■■■■■■■■■■■■■■■■■■■■■■■■■■■■■■■■■■■■■■■■■■■■■■■■■■■■■■■■■■■■■■■■■■■■■■■■■■■| 100% of 104.5 MiB
2025-06-19T10:07:23.4044793Z Chromium Headless Shell 138.0.7204.15 (playwright build v1178) downloaded to /home/runner/.cache/ms-playwright/chromium_headless_shell-1178
2025-06-19T10:07:23.5083857Z ##[group]Run npm run test:visual -- --shard=1/2
2025-06-19T10:07:23.5084221Z [36;1mnpm run test:visual -- --shard=1/2[0m
2025-06-19T10:07:23.5144560Z shell: /usr/bin/bash -e {0}
2025-06-19T10:07:23.5144819Z env:
2025-06-19T10:07:23.5144998Z   CI: true
2025-06-19T10:07:23.5145385Z   NEXT_PUBLIC_USE_MOCK_PURCHASE: true
2025-06-19T10:07:23.5145663Z   SKIP_ENV_VALIDATION: true
2025-06-19T10:07:23.5145950Z   SENTRY_SUPPRESS_GLOBAL_ERROR_HANDLER_FILE_WARNING: 1
2025-06-19T10:07:23.5146251Z ##[endgroup]
2025-06-19T10:07:23.6248563Z 
2025-06-19T10:07:23.6249161Z > anthrasite.io@1.0.0 test:visual
2025-06-19T10:07:23.6250004Z > playwright test --config=playwright-visual.config.ts --shard=1/2
2025-06-19T10:07:23.6250377Z 
2025-06-19T10:07:24.4991991Z [WebServer] 
2025-06-19T10:07:24.4992570Z [WebServer] > anthrasite.io@1.0.0 build
2025-06-19T10:07:24.4993398Z [WebServer] > prisma generate && next build
2025-06-19T10:07:24.4993946Z [WebServer] 
2025-06-19T10:07:25.1111447Z [WebServer] [2mPrisma schema loaded from prisma/schema.prisma[22m
2025-06-19T10:07:25.3710867Z [WebServer] 
2025-06-19T10:07:25.3712040Z [WebServer] ✔ Generated [1mPrisma Client[22m (v6.9.0)[2m to ./node_modules/@prisma/client[22m in 84ms
2025-06-19T10:07:25.3712611Z [WebServer] 
2025-06-19T10:07:25.3713501Z [WebServer] Start by importing your Prisma Client (See: https://pris.ly/d/importing-client)
2025-06-19T10:07:25.3714057Z [WebServer] 
2025-06-19T10:07:25.3714594Z [WebServer] Tip: Want to turn off tips and other hints? https://pris.ly/tip-4-nohints
2025-06-19T10:07:25.3715179Z [WebServer] 
2025-06-19T10:07:26.4632145Z [WebServer] [33m[1m⚠[22m[39m No build cache found. Please configure build caching for faster rebuilds. Read more: https://nextjs.org/docs/messages/no-cache
2025-06-19T10:07:26.4743816Z [WebServer] [35m[1mAttention[22m[39m: Next.js now collects completely anonymous telemetry regarding usage.
2025-06-19T10:07:26.4745234Z [WebServer] This information is used to shape Next.js' roadmap and prioritize features.
2025-06-19T10:07:26.4746806Z [WebServer] You can learn more, including how to opt-out if you'd not like to participate in this anonymous program, by visiting the following URL:
2025-06-19T10:07:26.4748154Z [WebServer] [36mhttps://nextjs.org/telemetry[39m
2025-06-19T10:07:26.4748715Z [WebServer] 
2025-06-19T10:07:26.5462685Z [WebServer]   [1m[38;2;173;127;168m▲ Next.js 14.2.30[39m[22m
2025-06-19T10:07:26.5465654Z [WebServer]   - Environments: .env.test
2025-06-19T10:07:26.5466340Z [WebServer]   - Experiments (use with caution):
2025-06-19T10:07:26.5467091Z [WebServer]     · instrumentationHook
2025-06-19T10:07:26.5467529Z [WebServer] 
2025-06-19T10:07:26.6138385Z [WebServer]  [37m[1m [22m[39m Creating an optimized production build ...
2025-06-19T10:07:27.0603331Z [WebServer] [@sentry/nextjs] DEPRECATION WARNING: It is recommended renaming your `sentry.client.config.ts` file, or moving its content to `instrumentation-client.ts`. When using Turbopack `sentry.client.config.ts` will no longer work. Read more about the `instrumentation-client.ts` file: https://nextjs.org/docs/app/api-reference/file-conventions/instrumentation-client
2025-06-19T10:08:14.2524651Z [WebServer] <w> [webpack.cache.PackFileCacheStrategy] Serializing big strings (253kiB) impacts deserialization performance (consider using Buffer instead and decode when needed)
2025-06-19T10:08:26.7373213Z [WebServer]  [32m[1m✓[22m[39m Compiled successfully
2025-06-19T10:08:26.7383564Z [WebServer]  [37m[1m [22m[39m Linting and checking validity of types ...
2025-06-19T10:08:33.3477892Z [WebServer] 
2025-06-19T10:08:33.3479048Z [WebServer] [36m./app/_components/Analytics/Analytics.tsx[39m
2025-06-19T10:08:33.3481276Z [WebServer] [33m66[39m:[33m30[39m  [33m[1mWarning[22m[39m: Unexpected any. Specify a different type.  [90m[1m@typescript-eslint/no-explicit-any[22m[39m
2025-06-19T10:08:33.3493140Z [WebServer] [33m92[39m:[33m7[39m  [33m[1mWarning[22m[39m: Using `<img>` could result in slower LCP and higher bandwidth. Consider using `<Image />` from `next/image` to automatically optimize images. This may incur additional usage or cost from your provider. See: https://nextjs.org/docs/messages/no-img-element  [90m[1m@next/next/no-img-element[22m[39m
2025-06-19T10:08:33.3495125Z [WebServer] 
2025-06-19T10:08:33.3496246Z [WebServer] [36m./app/_components/Analytics/__tests__/Analytics.test.tsx[39m
2025-06-19T10:08:33.3497977Z [WebServer] [33m45[39m:[33m23[39m  [33m[1mWarning[22m[39m: Unexpected any. Specify a different type.  [90m[1m@typescript-eslint/no-explicit-any[22m[39m
2025-06-19T10:08:33.3500049Z [WebServer] [33m46[39m:[33m23[39m  [33m[1mWarning[22m[39m: Unexpected any. Specify a different type.  [90m[1m@typescript-eslint/no-explicit-any[22m[39m
2025-06-19T10:08:33.3501038Z [WebServer] 
2025-06-19T10:08:33.3501757Z [WebServer] [36m./app/analytics/__tests__/page.test.tsx[39m
2025-06-19T10:08:33.3503524Z [WebServer] [33m8[39m:[33m43[39m  [33m[1mWarning[22m[39m: Unexpected any. Specify a different type.  [90m[1m@typescript-eslint/no-explicit-any[22m[39m
2025-06-19T10:08:33.3505850Z [WebServer] [33m11[39m:[33m25[39m  [33m[1mWarning[22m[39m: Unexpected any. Specify a different type.  [90m[1m@typescript-eslint/no-explicit-any[22m[39m
2025-06-19T10:08:33.3507898Z [WebServer] [33m21[39m:[33m33[39m  [33m[1mWarning[22m[39m: Unexpected any. Specify a different type.  [90m[1m@typescript-eslint/no-explicit-any[22m[39m
2025-06-19T10:08:33.3509874Z [WebServer] [33m40[39m:[33m35[39m  [33m[1mWarning[22m[39m: Unexpected any. Specify a different type.  [90m[1m@typescript-eslint/no-explicit-any[22m[39m
2025-06-19T10:08:33.3510826Z [WebServer] 
2025-06-19T10:08:33.3511420Z [WebServer] [36m./app/api/analytics/track/route.ts[39m
2025-06-19T10:08:33.3513149Z [WebServer] [33m12[39m:[33m15[39m  [33m[1mWarning[22m[39m: Unexpected any. Specify a different type.  [90m[1m@typescript-eslint/no-explicit-any[22m[39m
2025-06-19T10:08:33.3515182Z [WebServer] [33m15[39m:[33m14[39m  [33m[1mWarning[22m[39m: 'jsonError' is defined but never used.  [90m[1m@typescript-eslint/no-unused-vars[22m[39m
2025-06-19T10:08:33.3516155Z [WebServer] 
2025-06-19T10:08:33.3517053Z [WebServer] [36m./app/api/cron/abandoned-cart/__tests__/route-simple.test.ts[39m
2025-06-19T10:08:33.3518909Z [WebServer] [33m24[39m:[33m49[39m  [33m[1mWarning[22m[39m: Unexpected any. Specify a different type.  [90m[1m@typescript-eslint/no-explicit-any[22m[39m
2025-06-19T10:08:33.3520950Z [WebServer] [33m25[39m:[33m45[39m  [33m[1mWarning[22m[39m: Unexpected any. Specify a different type.  [90m[1m@typescript-eslint/no-explicit-any[22m[39m
2025-06-19T10:08:33.3521891Z [WebServer] 
2025-06-19T10:08:33.3522643Z [WebServer] [36m./app/api/cron/abandoned-cart/__tests__/route.test.ts[39m
2025-06-19T10:08:33.3524453Z [WebServer] [33m32[39m:[33m20[39m  [33m[1mWarning[22m[39m: Unexpected any. Specify a different type.  [90m[1m@typescript-eslint/no-explicit-any[22m[39m
2025-06-19T10:08:33.3526486Z [WebServer] [33m33[39m:[33m12[39m  [33m[1mWarning[22m[39m: Unexpected any. Specify a different type.  [90m[1m@typescript-eslint/no-explicit-any[22m[39m
2025-06-19T10:08:33.3528502Z [WebServer] [33m34[39m:[33m13[39m  [33m[1mWarning[22m[39m: Unexpected any. Specify a different type.  [90m[1m@typescript-eslint/no-explicit-any[22m[39m
2025-06-19T10:08:33.3529447Z [WebServer] 
2025-06-19T10:08:33.3530158Z [WebServer] [36m./app/api/dev/generate-utm/__tests__/route.test.ts[39m
2025-06-19T10:08:33.3531479Z [WebServer] [33m91[39m:[33m5[39m  [33m[1mWarning[22m[39m: Unnecessary semicolon.  [90m[1mno-extra-semi[22m[39m
2025-06-19T10:08:33.3533128Z [WebServer] [33m207[39m:[33m5[39m  [33m[1mWarning[22m[39m: Unnecessary semicolon.  [90m[1mno-extra-semi[22m[39m
2025-06-19T10:08:33.3533874Z [WebServer] 
2025-06-19T10:08:33.3534472Z [WebServer] [36m./app/api/dev/generate-utm/route.ts[39m
2025-06-19T10:08:33.3536266Z [WebServer] [33m5[39m:[33m27[39m  [33m[1mWarning[22m[39m: 'request' is defined but never used.  [90m[1m@typescript-eslint/no-unused-vars[22m[39m
2025-06-19T10:08:33.3538271Z [WebServer] [33m41[39m:[33m15[39m  [33m[1mWarning[22m[39m: Unexpected any. Specify a different type.  [90m[1m@typescript-eslint/no-explicit-any[22m[39m
2025-06-19T10:08:33.3540382Z [WebServer] [33m44[39m:[33m14[39m  [33m[1mWarning[22m[39m: 'jsonError' is defined but never used.  [90m[1m@typescript-eslint/no-unused-vars[22m[39m
2025-06-19T10:08:33.3542240Z [WebServer] [33m82[39m:[33m12[39m  [33m[1mWarning[22m[39m: 'error' is defined but never used.  [90m[1m@typescript-eslint/no-unused-vars[22m[39m
2025-06-19T10:08:33.3543231Z [WebServer] 
2025-06-19T10:08:33.3543854Z [WebServer] [36m./app/api/health/__tests__/route.test.ts[39m
2025-06-19T10:08:33.3545409Z [WebServer] [33m17[39m:[33m29[39m  [33m[1mWarning[22m[39m: Unexpected any. Specify a different type.  [90m[1m@typescript-eslint/no-explicit-any[22m[39m
2025-06-19T10:08:33.3547064Z [WebServer] [33m28[39m:[33m5[39m  [33m[1mWarning[22m[39m: Unnecessary semicolon.  [90m[1mno-extra-semi[22m[39m
2025-06-19T10:08:33.3548511Z [WebServer] [33m48[39m:[33m5[39m  [33m[1mWarning[22m[39m: Unnecessary semicolon.  [90m[1mno-extra-semi[22m[39m
2025-06-19T10:08:33.3549976Z [WebServer] [33m77[39m:[33m5[39m  [33m[1mWarning[22m[39m: Unnecessary semicolon.  [90m[1mno-extra-semi[22m[39m
2025-06-19T10:08:33.3550691Z [WebServer] 
2025-06-19T10:08:33.3551189Z [WebServer] [36m./app/api/health/route.ts[39m
2025-06-19T10:08:33.3552537Z [WebServer] [33m6[39m:[33m28[39m  [33m[1mWarning[22m[39m: 'req' is defined but never used.  [90m[1m@typescript-eslint/no-unused-vars[22m[39m
2025-06-19T10:08:33.3553501Z [WebServer] 
2025-06-19T10:08:33.3554195Z [WebServer] [36m./app/api/sendgrid/webhook/__tests__/route.test.ts[39m
2025-06-19T10:08:33.3555817Z [WebServer] [33m135[39m:[33m14[39m  [33m[1mWarning[22m[39m: Unexpected any. Specify a different type.  [90m[1m@typescript-eslint/no-explicit-any[22m[39m
2025-06-19T10:08:33.3557818Z [WebServer] [33m171[39m:[33m14[39m  [33m[1mWarning[22m[39m: Unexpected any. Specify a different type.  [90m[1m@typescript-eslint/no-explicit-any[22m[39m
2025-06-19T10:08:33.3559832Z [WebServer] [33m208[39m:[33m14[39m  [33m[1mWarning[22m[39m: Unexpected any. Specify a different type.  [90m[1m@typescript-eslint/no-explicit-any[22m[39m
2025-06-19T10:08:33.3561900Z [WebServer] [33m251[39m:[33m14[39m  [33m[1mWarning[22m[39m: Unexpected any. Specify a different type.  [90m[1m@typescript-eslint/no-explicit-any[22m[39m
2025-06-19T10:08:33.3564084Z [WebServer] [33m288[39m:[33m14[39m  [33m[1mWarning[22m[39m: Unexpected any. Specify a different type.  [90m[1m@typescript-eslint/no-explicit-any[22m[39m
2025-06-19T10:08:33.3566101Z [WebServer] [33m295[39m:[33m14[39m  [33m[1mWarning[22m[39m: Unexpected any. Specify a different type.  [90m[1m@typescript-eslint/no-explicit-any[22m[39m
2025-06-19T10:08:33.3567027Z [WebServer] 
2025-06-19T10:08:33.3567611Z [WebServer] [36m./app/api/sendgrid/webhook/route.ts[39m
2025-06-19T10:08:33.3569092Z [WebServer] [33m7[39m:[33m3[39m  [33m[1mWarning[22m[39m: 'publicKey' is defined but never used.  [90m[1m@typescript-eslint/no-unused-vars[22m[39m
2025-06-19T10:08:33.3570960Z [WebServer] [33m8[39m:[33m3[39m  [33m[1mWarning[22m[39m: 'payload' is defined but never used.  [90m[1m@typescript-eslint/no-unused-vars[22m[39m
2025-06-19T10:08:33.3572949Z [WebServer] [33m9[39m:[33m3[39m  [33m[1mWarning[22m[39m: 'signature' is defined but never used.  [90m[1m@typescript-eslint/no-unused-vars[22m[39m
2025-06-19T10:08:33.3574839Z [WebServer] [33m10[39m:[33m3[39m  [33m[1mWarning[22m[39m: 'timestamp' is defined but never used.  [90m[1m@typescript-eslint/no-unused-vars[22m[39m
2025-06-19T10:08:33.3577134Z [WebServer] [33m75[39m:[33m32[39m  [33m[1mWarning[22m[39m: Unexpected any. Specify a different type.  [90m[1m@typescript-eslint/no-explicit-any[22m[39m
2025-06-19T10:08:33.3579197Z [WebServer] [33m76[39m:[33m23[39m  [33m[1mWarning[22m[39m: 'businessId' is assigned a value but never used.  [90m[1m@typescript-eslint/no-unused-vars[22m[39m
2025-06-19T10:08:33.3581214Z [WebServer] [33m76[39m:[33m35[39m  [33m[1mWarning[22m[39m: 'template' is assigned a value but never used.  [90m[1m@typescript-eslint/no-unused-vars[22m[39m
2025-06-19T10:08:33.3583486Z [WebServer] [33m218[39m:[33m48[39m  [33m[1mWarning[22m[39m: Unexpected any. Specify a different type.  [90m[1m@typescript-eslint/no-explicit-any[22m[39m
2025-06-19T10:08:33.3585483Z [WebServer] [33m248[39m:[33m48[39m  [33m[1mWarning[22m[39m: Unexpected any. Specify a different type.  [90m[1m@typescript-eslint/no-explicit-any[22m[39m
2025-06-19T10:08:33.3586434Z [WebServer] 
2025-06-19T10:08:33.3587260Z [WebServer] [36m./app/api/stripe/recover-session/__tests__/route.test.ts[39m
2025-06-19T10:08:33.3588616Z [WebServer] [33m178[39m:[33m5[39m  [33m[1mWarning[22m[39m: Unnecessary semicolon.  [90m[1mno-extra-semi[22m[39m
2025-06-19T10:08:33.3590091Z [WebServer] [33m199[39m:[33m5[39m  [33m[1mWarning[22m[39m: Unnecessary semicolon.  [90m[1mno-extra-semi[22m[39m
2025-06-19T10:08:33.3591565Z [WebServer] [33m217[39m:[33m5[39m  [33m[1mWarning[22m[39m: Unnecessary semicolon.  [90m[1mno-extra-semi[22m[39m
2025-06-19T10:08:33.3592288Z [WebServer] 
2025-06-19T10:08:33.3593215Z [WebServer] [36m./app/api/stripe/webhook/__tests__/email-integration.test.ts[39m
2025-06-19T10:08:33.3594573Z [WebServer] [33m104[39m:[33m7[39m  [33m[1mWarning[22m[39m: Unnecessary semicolon.  [90m[1mno-extra-semi[22m[39m
2025-06-19T10:08:33.3596360Z [WebServer] [33m134[39m:[33m33[39m  [33m[1mWarning[22m[39m: Unexpected any. Specify a different type.  [90m[1m@typescript-eslint/no-explicit-any[22m[39m
2025-06-19T10:08:33.3598377Z [WebServer] [33m188[39m:[33m33[39m  [33m[1mWarning[22m[39m: Unexpected any. Specify a different type.  [90m[1m@typescript-eslint/no-explicit-any[22m[39m
2025-06-19T10:08:33.3600377Z [WebServer] [33m236[39m:[33m33[39m  [33m[1mWarning[22m[39m: Unexpected any. Specify a different type.  [90m[1m@typescript-eslint/no-explicit-any[22m[39m
2025-06-19T10:08:33.3602376Z [WebServer] [33m273[39m:[33m33[39m  [33m[1mWarning[22m[39m: Unexpected any. Specify a different type.  [90m[1m@typescript-eslint/no-explicit-any[22m[39m
2025-06-19T10:08:33.3604541Z [WebServer] [33m318[39m:[33m33[39m  [33m[1mWarning[22m[39m: Unexpected any. Specify a different type.  [90m[1m@typescript-eslint/no-explicit-any[22m[39m
2025-06-19T10:08:33.3605471Z [WebServer] 
2025-06-19T10:08:33.3606154Z [WebServer] [36m./app/api/stripe/webhook/__tests__/route.test.ts[39m
2025-06-19T10:08:33.3607764Z [WebServer] [33m75[39m:[33m26[39m  [33m[1mWarning[22m[39m: Unexpected any. Specify a different type.  [90m[1m@typescript-eslint/no-explicit-any[22m[39m
2025-06-19T10:08:33.3609448Z [WebServer] [33m230[39m:[33m7[39m  [33m[1mWarning[22m[39m: Unnecessary semicolon.  [90m[1mno-extra-semi[22m[39m
2025-06-19T10:08:33.3610189Z [WebServer] 
2025-06-19T10:08:33.3610749Z [WebServer] [36m./app/api/stripe/webhook/route.ts[39m
2025-06-19T10:08:33.3612305Z [WebServer] [33m6[39m:[33m10[39m  [33m[1mWarning[22m[39m: 'handleStripeError' is defined but never used.  [90m[1m@typescript-eslint/no-unused-vars[22m[39m
2025-06-19T10:08:33.3614478Z [WebServer] [33m40[39m:[33m19[39m  [33m[1mWarning[22m[39m: Unexpected any. Specify a different type.  [90m[1m@typescript-eslint/no-explicit-any[22m[39m
2025-06-19T10:08:33.3615418Z [WebServer] 
2025-06-19T10:08:33.3615996Z [WebServer] [36m./app/api/test-monitoring/route.ts[39m
2025-06-19T10:08:33.3617481Z [WebServer] [33m3[39m:[33m10[39m  [33m[1mWarning[22m[39m: 'getAnalytics' is defined but never used.  [90m[1m@typescript-eslint/no-unused-vars[22m[39m
2025-06-19T10:08:33.3619608Z [WebServer] [33m4[39m:[33m10[39m  [33m[1mWarning[22m[39m: 'captureError' is defined but never used.  [90m[1m@typescript-eslint/no-unused-vars[22m[39m
2025-06-19T10:08:33.3621656Z [WebServer] [33m4[39m:[33m24[39m  [33m[1mWarning[22m[39m: 'trackEvent' is defined but never used.  [90m[1m@typescript-eslint/no-unused-vars[22m[39m
2025-06-19T10:08:33.3624128Z [WebServer] [33m33[39m:[33m15[39m  [33m[1mWarning[22m[39m: Unexpected any. Specify a different type.  [90m[1m@typescript-eslint/no-explicit-any[22m[39m
2025-06-19T10:08:33.3626179Z [WebServer] [33m36[39m:[33m14[39m  [33m[1mWarning[22m[39m: 'jsonError' is defined but never used.  [90m[1m@typescript-eslint/no-unused-vars[22m[39m
2025-06-19T10:08:33.3628169Z [WebServer] [33m43[39m:[33m19[39m  [33m[1mWarning[22m[39m: 'data' is assigned a value but never used.  [90m[1m@typescript-eslint/no-unused-vars[22m[39m
2025-06-19T10:08:33.3630199Z [WebServer] [33m52[39m:[33m25[39m  [33m[1mWarning[22m[39m: Unexpected any. Specify a different type.  [90m[1m@typescript-eslint/no-explicit-any[22m[39m
2025-06-19T10:08:33.3631160Z [WebServer] 
2025-06-19T10:08:33.3631877Z [WebServer] [36m./app/api/validate-utm/__tests__/route.test.ts[39m
2025-06-19T10:08:33.3633729Z [WebServer] [33m19[39m:[33m45[39m  [33m[1mWarning[22m[39m: Unexpected any. Specify a different type.  [90m[1m@typescript-eslint/no-explicit-any[22m[39m
2025-06-19T10:08:33.3635788Z [WebServer] [33m34[39m:[33m18[39m  [33m[1mWarning[22m[39m: Unexpected any. Specify a different type.  [90m[1m@typescript-eslint/no-explicit-any[22m[39m
2025-06-19T10:08:33.3637771Z [WebServer] [33m65[39m:[33m28[39m  [33m[1mWarning[22m[39m: Unexpected any. Specify a different type.  [90m[1m@typescript-eslint/no-explicit-any[22m[39m
2025-06-19T10:08:33.3639725Z [WebServer] [33m68[39m:[33m29[39m  [33m[1mWarning[22m[39m: Unexpected any. Specify a different type.  [90m[1m@typescript-eslint/no-explicit-any[22m[39m
2025-06-19T10:08:33.3641440Z [WebServer] [33m155[39m:[33m7[39m  [33m[1mWarning[22m[39m: Unnecessary semicolon.  [90m[1mno-extra-semi[22m[39m
2025-06-19T10:08:33.3643670Z [WebServer] [33m175[39m:[33m7[39m  [33m[1mWarning[22m[39m: Unnecessary semicolon.  [90m[1mno-extra-semi[22m[39m
2025-06-19T10:08:33.3645178Z [WebServer] [33m191[39m:[33m7[39m  [33m[1mWarning[22m[39m: Unnecessary semicolon.  [90m[1mno-extra-semi[22m[39m
2025-06-19T10:08:33.3646636Z [WebServer] [33m320[39m:[33m7[39m  [33m[1mWarning[22m[39m: Unnecessary semicolon.  [90m[1mno-extra-semi[22m[39m
2025-06-19T10:08:33.3647376Z [WebServer] 
2025-06-19T10:08:33.3647934Z [WebServer] [36m./app/api/validate-utm/route.ts[39m
2025-06-19T10:08:33.3649456Z [WebServer] [33m13[39m:[33m16[39m  [33m[1mWarning[22m[39m: Unexpected any. Specify a different type.  [90m[1m@typescript-eslint/no-explicit-any[22m[39m
2025-06-19T10:08:33.3650385Z [WebServer] 
2025-06-19T10:08:33.3651029Z [WebServer] [36m./app/api/waitlist/__tests__/route.test.ts[39m
2025-06-19T10:08:33.3652595Z [WebServer] [33m10[39m:[33m28[39m  [33m[1mWarning[22m[39m: Unexpected any. Specify a different type.  [90m[1m@typescript-eslint/no-explicit-any[22m[39m
2025-06-19T10:08:33.3654875Z [WebServer] [33m13[39m:[33m29[39m  [33m[1mWarning[22m[39m: Unexpected any. Specify a different type.  [90m[1m@typescript-eslint/no-explicit-any[22m[39m
2025-06-19T10:08:33.3656541Z [WebServer] [33m85[39m:[33m7[39m  [33m[1mWarning[22m[39m: Unnecessary semicolon.  [90m[1mno-extra-semi[22m[39m
2025-06-19T10:08:33.3658001Z [WebServer] [33m105[39m:[33m7[39m  [33m[1mWarning[22m[39m: Unnecessary semicolon.  [90m[1mno-extra-semi[22m[39m
2025-06-19T10:08:33.3659474Z [WebServer] [33m131[39m:[33m7[39m  [33m[1mWarning[22m[39m: Unnecessary semicolon.  [90m[1mno-extra-semi[22m[39m
2025-06-19T10:08:33.3660988Z [WebServer] [33m176[39m:[33m7[39m  [33m[1mWarning[22m[39m: Unnecessary semicolon.  [90m[1mno-extra-semi[22m[39m
2025-06-19T10:08:33.3662654Z [WebServer] [33m204[39m:[33m7[39m  [33m[1mWarning[22m[39m: Unnecessary semicolon.  [90m[1mno-extra-semi[22m[39m
2025-06-19T10:08:33.3664298Z [WebServer] [33m219[39m:[33m7[39m  [33m[1mWarning[22m[39m: Unnecessary semicolon.  [90m[1mno-extra-semi[22m[39m
2025-06-19T10:08:33.3665199Z [WebServer] 
2025-06-19T10:08:33.3665985Z [WebServer] [36m./app/api/waitlist/validate-domain/__tests__/route.test.ts[39m
2025-06-19T10:08:33.3667633Z [WebServer] [33m8[39m:[33m28[39m  [33m[1mWarning[22m[39m: Unexpected any. Specify a different type.  [90m[1m@typescript-eslint/no-explicit-any[22m[39m
2025-06-19T10:08:33.3669617Z [WebServer] [33m11[39m:[33m29[39m  [33m[1mWarning[22m[39m: Unexpected any. Specify a different type.  [90m[1m@typescript-eslint/no-explicit-any[22m[39m
2025-06-19T10:08:33.3670545Z [WebServer] 
2025-06-19T10:08:33.3671182Z [WebServer] [36m./app/api/waitlist/validate-domain/route.ts[39m
2025-06-19T10:08:33.3672704Z [WebServer] [33m1[39m:[33m10[39m  [33m[1mWarning[22m[39m: 'NextRequest' is defined but never used.  [90m[1m@typescript-eslint/no-unused-vars[22m[39m
2025-06-19T10:08:33.3674792Z [WebServer] [33m4[39m:[33m3[39m  [33m[1mWarning[22m[39m: 'normalizeDomain' is defined but never used.  [90m[1m@typescript-eslint/no-unused-vars[22m[39m
2025-06-19T10:08:33.3676770Z [WebServer] [33m10[39m:[33m15[39m  [33m[1mWarning[22m[39m: Unexpected any. Specify a different type.  [90m[1m@typescript-eslint/no-explicit-any[22m[39m
2025-06-19T10:08:33.3678677Z [WebServer] [33m13[39m:[33m14[39m  [33m[1mWarning[22m[39m: 'jsonError' is defined but never used.  [90m[1m@typescript-eslint/no-unused-vars[22m[39m
2025-06-19T10:08:33.3679560Z [WebServer] 
2025-06-19T10:08:33.3680095Z [WebServer] [36m./app/debug-datadog/page.tsx[39m
2025-06-19T10:08:33.3681581Z [WebServer] [33m6[39m:[33m40[39m  [33m[1mWarning[22m[39m: Unexpected any. Specify a different type.  [90m[1m@typescript-eslint/no-explicit-any[22m[39m
2025-06-19T10:08:33.3683680Z [WebServer] [33m20[39m:[33m32[39m  [33m[1mWarning[22m[39m: Unexpected any. Specify a different type.  [90m[1m@typescript-eslint/no-explicit-any[22m[39m
2025-06-19T10:08:33.3685643Z [WebServer] [33m21[39m:[33m33[39m  [33m[1mWarning[22m[39m: Unexpected any. Specify a different type.  [90m[1m@typescript-eslint/no-explicit-any[22m[39m
2025-06-19T10:08:33.3687622Z [WebServer] [33m35[39m:[33m36[39m  [33m[1mWarning[22m[39m: Unexpected any. Specify a different type.  [90m[1m@typescript-eslint/no-explicit-any[22m[39m
2025-06-19T10:08:33.3689592Z [WebServer] [33m36[39m:[33m37[39m  [33m[1mWarning[22m[39m: Unexpected any. Specify a different type.  [90m[1m@typescript-eslint/no-explicit-any[22m[39m
2025-06-19T10:08:33.3691559Z [WebServer] [33m85[39m:[33m44[39m  [33m[1mWarning[22m[39m: Unexpected any. Specify a different type.  [90m[1m@typescript-eslint/no-explicit-any[22m[39m
2025-06-19T10:08:33.3692476Z [WebServer] 
2025-06-19T10:08:33.3693254Z [WebServer] [36m./app/purchase/__tests__/page.test.tsx[39m
2025-06-19T10:08:33.3694834Z [WebServer] [33m30[39m:[33m28[39m  [33m[1mWarning[22m[39m: Unexpected any. Specify a different type.  [90m[1m@typescript-eslint/no-explicit-any[22m[39m
2025-06-19T10:08:33.3695765Z [WebServer] 
2025-06-19T10:08:33.3696265Z [WebServer] [36m./app/purchase/page.tsx[39m
2025-06-19T10:08:33.3697742Z [WebServer] [33m16[39m:[33m10[39m  [33m[1mWarning[22m[39m: 'ErrorBoundary' is defined but never used.  [90m[1m@typescript-eslint/no-unused-vars[22m[39m
2025-06-19T10:08:33.3699723Z [WebServer] [33m114[39m:[33m21[39m  [33m[1mWarning[22m[39m: Unexpected any. Specify a different type.  [90m[1m@typescript-eslint/no-explicit-any[22m[39m
2025-06-19T10:08:33.3700650Z [WebServer] 
2025-06-19T10:08:33.3701205Z [WebServer] [36m./app/purchase/recover/page.tsx[39m
2025-06-19T10:08:33.3703638Z [WebServer] [33m32[39m:[33m6[39m  [33m[1mWarning[22m[39m: React Hook useEffect has a missing dependency: 'recoverSession'. Either include it or remove the dependency array.  [90m[1mreact-hooks/exhaustive-deps[22m[39m
2025-06-19T10:08:33.3706068Z [WebServer] [33m81[39m:[33m21[39m  [33m[1mWarning[22m[39m: Unexpected any. Specify a different type.  [90m[1m@typescript-eslint/no-explicit-any[22m[39m
2025-06-19T10:08:33.3707143Z [WebServer] 
2025-06-19T10:08:33.3707817Z [WebServer] [36m./app/purchase/success/__tests__/page.test.tsx[39m
2025-06-19T10:08:33.3709099Z [WebServer] [33m91[39m:[33m5[39m  [33m[1mWarning[22m[39m: Unnecessary semicolon.  [90m[1mno-extra-semi[22m[39m
2025-06-19T10:08:33.3710586Z [WebServer] [33m112[39m:[33m5[39m  [33m[1mWarning[22m[39m: Unnecessary semicolon.  [90m[1mno-extra-semi[22m[39m
2025-06-19T10:08:33.3712053Z [WebServer] [33m124[39m:[33m5[39m  [33m[1mWarning[22m[39m: Unnecessary semicolon.  [90m[1mno-extra-semi[22m[39m
2025-06-19T10:08:33.3712932Z [WebServer] 
2025-06-19T10:08:33.3713578Z [WebServer] [36m./app/purchase/success/client-page.tsx[39m
2025-06-19T10:08:33.3715021Z [WebServer] [33m56[39m:[33m16[39m  [33m[1mWarning[22m[39m: 'err' is defined but never used.  [90m[1m@typescript-eslint/no-unused-vars[22m[39m
2025-06-19T10:08:33.3715864Z [WebServer] 
2025-06-19T10:08:33.3716408Z [WebServer] [36m./app/test-monitoring/page.tsx[39m
2025-06-19T10:08:33.3717861Z [WebServer] [33m7[39m:[33m3[39m  [33m[1mWarning[22m[39m: 'trackEvent' is defined but never used.  [90m[1m@typescript-eslint/no-unused-vars[22m[39m
2025-06-19T10:08:33.3719792Z [WebServer] [33m30[39m:[33m57[39m  [33m[1mWarning[22m[39m: Unexpected any. Specify a different type.  [90m[1m@typescript-eslint/no-explicit-any[22m[39m
2025-06-19T10:08:33.3721748Z [WebServer] [33m42[39m:[33m15[39m  [33m[1mWarning[22m[39m: Unexpected any. Specify a different type.  [90m[1m@typescript-eslint/no-explicit-any[22m[39m
2025-06-19T10:08:33.3723860Z [WebServer] [33m219[39m:[33m11[39m  [33m[1mWarning[22m[39m: 'duration' is assigned a value but never used.  [90m[1m@typescript-eslint/no-unused-vars[22m[39m
2025-06-19T10:08:33.3724789Z [WebServer] 
2025-06-19T10:08:33.3725473Z [WebServer] [36m./app/test-purchase/checkout-simulator/page.tsx[39m
2025-06-19T10:08:33.3727101Z [WebServer] [33m20[39m:[33m9[39m  [33m[1mWarning[22m[39m: 'businessId' is assigned a value but never used.  [90m[1m@typescript-eslint/no-unused-vars[22m[39m
2025-06-19T10:08:33.3728033Z [WebServer] 
2025-06-19T10:08:33.3728555Z [WebServer] [36m./app/test-purchase/page.tsx[39m
2025-06-19T10:08:33.3730065Z [WebServer] [33m12[39m:[33m56[39m  [33m[1mWarning[22m[39m: Unexpected any. Specify a different type.  [90m[1m@typescript-eslint/no-explicit-any[22m[39m
2025-06-19T10:08:33.3732055Z [WebServer] [33m13[39m:[33m48[39m  [33m[1mWarning[22m[39m: Unexpected any. Specify a different type.  [90m[1m@typescript-eslint/no-explicit-any[22m[39m
2025-06-19T10:08:33.3733111Z [WebServer] 
2025-06-19T10:08:33.3733595Z [WebServer] [36m./components/Logo.tsx[39m
2025-06-19T10:08:33.3736738Z [WebServer] [33m52[39m:[33m7[39m  [33m[1mWarning[22m[39m: Using `<img>` could result in slower LCP and higher bandwidth. Consider using `<Image />` from `next/image` to automatically optimize images. This may incur additional usage or cost from your provider. See: https://nextjs.org/docs/messages/no-img-element  [90m[1m@next/next/no-img-element[22m[39m
2025-06-19T10:08:33.3738713Z [WebServer] 
2025-06-19T10:08:33.3739294Z [WebServer] [36m./components/Skeleton/Skeleton.tsx[39m
2025-06-19T10:08:33.3741071Z [WebServer] [33m4[39m:[33m18[39m  [33m[1mWarning[22m[39m: An interface declaring no members is equivalent to its supertype.  [90m[1m@typescript-eslint/no-empty-object-type[22m[39m
2025-06-19T10:08:33.3742148Z [WebServer] 
2025-06-19T10:08:33.3742928Z [WebServer] [36m./components/__tests__/ErrorBoundary.test.tsx[39m
2025-06-19T10:08:33.3744559Z [WebServer] [33m5[39m:[33m22[39m  [33m[1mWarning[22m[39m: 'act' is defined but never used.  [90m[1m@typescript-eslint/no-unused-vars[22m[39m
2025-06-19T10:08:33.3745414Z [WebServer] 
2025-06-19T10:08:33.3746043Z [WebServer] [36m./components/analytics/ABTestResults.tsx[39m
2025-06-19T10:08:33.3747603Z [WebServer] [33m106[39m:[33m9[39m  [33m[1mWarning[22m[39m: 'winner' is assigned a value but never used.  [90m[1m@typescript-eslint/no-unused-vars[22m[39m
2025-06-19T10:08:33.3748735Z [WebServer] 
2025-06-19T10:08:33.3749483Z [WebServer] [36m./components/analytics/__tests__/ABTestResults.test.tsx[39m
2025-06-19T10:08:33.3750830Z [WebServer] [33m149[39m:[33m5[39m  [33m[1mWarning[22m[39m: Unnecessary semicolon.  [90m[1mno-extra-semi[22m[39m
2025-06-19T10:08:33.3752435Z [WebServer] [33m163[39m:[33m5[39m  [33m[1mWarning[22m[39m: Unnecessary semicolon.  [90m[1mno-extra-semi[22m[39m
2025-06-19T10:08:33.3777402Z [WebServer] 
2025-06-19T10:08:33.3778314Z [WebServer] [36m./components/analytics/__tests__/FunnelVisualization.test.tsx[39m
2025-06-19T10:08:33.3780001Z [WebServer] [33m2[39m:[33m26[39m  [33m[1mWarning[22m[39m: 'fireEvent' is defined but never used.  [90m[1m@typescript-eslint/no-unused-vars[22m[39m
2025-06-19T10:08:33.3780892Z [WebServer] 
2025-06-19T10:08:33.3781509Z [WebServer] [36m./components/consent/ConsentBanner.tsx[39m
2025-06-19T10:08:33.3783168Z [WebServer] [33m9[39m:[33m3[39m  [33m[1mWarning[22m[39m: 'spacing' is defined but never used.  [90m[1m@typescript-eslint/no-unused-vars[22m[39m
2025-06-19T10:08:33.3784035Z [WebServer] 
2025-06-19T10:08:33.3784716Z [WebServer] [36m./components/consent/ConsentPreferences.tsx[39m
2025-06-19T10:08:33.3786212Z [WebServer] [33m9[39m:[33m3[39m  [33m[1mWarning[22m[39m: 'spacing' is defined but never used.  [90m[1m@typescript-eslint/no-unused-vars[22m[39m
2025-06-19T10:08:33.3788037Z [WebServer] [33m12[39m:[33m3[39m  [33m[1mWarning[22m[39m: 'shadows' is defined but never used.  [90m[1m@typescript-eslint/no-unused-vars[22m[39m
2025-06-19T10:08:33.3788902Z [WebServer] 
2025-06-19T10:08:33.3789480Z [WebServer] [36m./components/help/HelpProvider.tsx[39m
2025-06-19T10:08:33.3790992Z [WebServer] [33m133[39m:[33m41[39m  [33m[1mWarning[22m[39m: Unexpected any. Specify a different type.  [90m[1m@typescript-eslint/no-explicit-any[22m[39m
2025-06-19T10:08:33.3792592Z [WebServer] [33m139[39m:[33m5[39m  [33m[1mWarning[22m[39m: Unnecessary semicolon.  [90m[1mno-extra-semi[22m[39m
2025-06-19T10:08:33.3794321Z [WebServer] [33m139[39m:[33m17[39m  [33m[1mWarning[22m[39m: Unexpected any. Specify a different type.  [90m[1m@typescript-eslint/no-explicit-any[22m[39m
2025-06-19T10:08:33.3795805Z [WebServer] [33m142[39m:[33m7[39m  [33m[1mWarning[22m[39m: Unnecessary semicolon.  [90m[1mno-extra-semi[22m[39m
2025-06-19T10:08:33.3797409Z [WebServer] [33m142[39m:[33m19[39m  [33m[1mWarning[22m[39m: Unexpected any. Specify a different type.  [90m[1m@typescript-eslint/no-explicit-any[22m[39m
2025-06-19T10:08:33.3798241Z [WebServer] 
2025-06-19T10:08:33.3798756Z [WebServer] [36m./components/help/HelpWidget.tsx[39m
2025-06-19T10:08:33.3800079Z [WebServer] [33m5[39m:[33m10[39m  [33m[1mWarning[22m[39m: 'HelpCircle' is defined but never used.  [90m[1m@typescript-eslint/no-unused-vars[22m[39m
2025-06-19T10:08:33.3801768Z [WebServer] [33m5[39m:[33m38[39m  [33m[1mWarning[22m[39m: 'ChevronUp' is defined but never used.  [90m[1m@typescript-eslint/no-unused-vars[22m[39m
2025-06-19T10:08:33.3803654Z [WebServer] [33m7[39m:[33m3[39m  [33m[1mWarning[22m[39m: 'HelpWidgetState' is defined but never used.  [90m[1m@typescript-eslint/no-unused-vars[22m[39m
2025-06-19T10:08:33.3805382Z [WebServer] [33m8[39m:[33m3[39m  [33m[1mWarning[22m[39m: 'HelpTab' is defined but never used.  [90m[1m@typescript-eslint/no-unused-vars[22m[39m
2025-06-19T10:08:33.3807445Z [WebServer] [33m11[39m:[33m3[39m  [33m[1mWarning[22m[39m: 'DEFAULT_HELP_CONFIG' is defined but never used.  [90m[1m@typescript-eslint/no-unused-vars[22m[39m
2025-06-19T10:08:33.3809381Z [WebServer] [33m12[39m:[33m3[39m  [33m[1mWarning[22m[39m: 'KEYBOARD_SHORTCUTS' is defined but never used.  [90m[1m@typescript-eslint/no-unused-vars[22m[39m
2025-06-19T10:08:33.3811250Z [WebServer] [33m18[39m:[33m10[39m  [33m[1mWarning[22m[39m: 'cn' is defined but never used.  [90m[1m@typescript-eslint/no-unused-vars[22m[39m
2025-06-19T10:08:33.3813405Z [WebServer] [33m103[39m:[33m30[39m  [33m[1mWarning[22m[39m: 'config' is assigned a value but never used.  [90m[1m@typescript-eslint/no-unused-vars[22m[39m
2025-06-19T10:08:33.3814232Z [WebServer] 
2025-06-19T10:08:33.3814990Z [WebServer] [36m./components/help/__tests__/HelpWidget.accessibility.test.tsx[39m
2025-06-19T10:08:33.3816544Z [WebServer] [33m7[39m:[33m10[39m  [33m[1mWarning[22m[39m: 'faqService' is defined but never used.  [90m[1m@typescript-eslint/no-unused-vars[22m[39m
2025-06-19T10:08:33.3818419Z [WebServer] [33m17[39m:[33m63[39m  [33m[1mWarning[22m[39m: Unexpected any. Specify a different type.  [90m[1m@typescript-eslint/no-explicit-any[22m[39m
2025-06-19T10:08:33.3820223Z [WebServer] [33m21[39m:[33m15[39m  [33m[1mWarning[22m[39m: 'whileHover' is defined but never used.  [90m[1m@typescript-eslint/no-unused-vars[22m[39m
2025-06-19T10:08:33.3821988Z [WebServer] [33m22[39m:[33m15[39m  [33m[1mWarning[22m[39m: 'whileTap' is defined but never used.  [90m[1m@typescript-eslint/no-unused-vars[22m[39m
2025-06-19T10:08:33.3824051Z [WebServer] [33m23[39m:[33m15[39m  [33m[1mWarning[22m[39m: 'variants' is defined but never used.  [90m[1m@typescript-eslint/no-unused-vars[22m[39m
2025-06-19T10:08:33.3825976Z [WebServer] [33m24[39m:[33m15[39m  [33m[1mWarning[22m[39m: 'initial' is defined but never used.  [90m[1m@typescript-eslint/no-unused-vars[22m[39m
2025-06-19T10:08:33.3827917Z [WebServer] [33m25[39m:[33m15[39m  [33m[1mWarning[22m[39m: 'animate' is defined but never used.  [90m[1m@typescript-eslint/no-unused-vars[22m[39m
2025-06-19T10:08:33.3829867Z [WebServer] [33m26[39m:[33m15[39m  [33m[1mWarning[22m[39m: 'exit' is defined but never used.  [90m[1m@typescript-eslint/no-unused-vars[22m[39m
2025-06-19T10:08:33.3831871Z [WebServer] [33m27[39m:[33m15[39m  [33m[1mWarning[22m[39m: 'transition' is defined but never used.  [90m[1m@typescript-eslint/no-unused-vars[22m[39m
2025-06-19T10:08:33.3834215Z [WebServer] [33m41[39m:[33m60[39m  [33m[1mWarning[22m[39m: Unexpected any. Specify a different type.  [90m[1m@typescript-eslint/no-explicit-any[22m[39m
2025-06-19T10:08:33.3836255Z [WebServer] [33m45[39m:[33m15[39m  [33m[1mWarning[22m[39m: 'variants' is defined but never used.  [90m[1m@typescript-eslint/no-unused-vars[22m[39m
2025-06-19T10:08:33.3838194Z [WebServer] [33m46[39m:[33m15[39m  [33m[1mWarning[22m[39m: 'initial' is defined but never used.  [90m[1m@typescript-eslint/no-unused-vars[22m[39m
2025-06-19T10:08:33.3840253Z [WebServer] [33m47[39m:[33m15[39m  [33m[1mWarning[22m[39m: 'animate' is defined but never used.  [90m[1m@typescript-eslint/no-unused-vars[22m[39m
2025-06-19T10:08:33.3841833Z [WebServer] [33m48[39m:[33m15[39m  [33m[1mWarning[22m[39m: 'exit' is defined but never used.  [90m[1m@typescript-eslint/no-unused-vars[22m[39m
2025-06-19T10:08:33.3843251Z [WebServer] [33m49[39m:[33m15[39m  [33m[1mWarning[22m[39m: 'transition' is defined but never used.  [90m[1m@typescript-eslint/no-unused-vars[22m[39m
2025-06-19T10:08:33.3844385Z [WebServer] [33m63[39m:[33m37[39m  [33m[1mWarning[22m[39m: Unexpected any. Specify a different type.  [90m[1m@typescript-eslint/no-explicit-any[22m[39m
2025-06-19T10:08:33.3845473Z [WebServer] [33m154[39m:[33m13[39m  [33m[1mWarning[22m[39m: 'user' is assigned a value but never used.  [90m[1m@typescript-eslint/no-unused-vars[22m[39m
2025-06-19T10:08:33.3846756Z [WebServer] [33m170[39m:[33m13[39m  [33m[1mWarning[22m[39m: 'user' is assigned a value but never used.  [90m[1m@typescript-eslint/no-unused-vars[22m[39m
2025-06-19T10:08:33.3847868Z [WebServer] [33m331[39m:[33m13[39m  [33m[1mWarning[22m[39m: 'styles' is assigned a value but never used.  [90m[1m@typescript-eslint/no-unused-vars[22m[39m
2025-06-19T10:08:33.3848408Z [WebServer] 
2025-06-19T10:08:33.3848999Z [WebServer] [36m./components/help/__tests__/HelpWidget.performance.test.tsx[39m
2025-06-19T10:08:33.3849950Z [WebServer] [33m13[39m:[33m63[39m  [33m[1mWarning[22m[39m: Unexpected any. Specify a different type.  [90m[1m@typescript-eslint/no-explicit-any[22m[39m
2025-06-19T10:08:33.3851037Z [WebServer] [33m17[39m:[33m15[39m  [33m[1mWarning[22m[39m: 'whileHover' is defined but never used.  [90m[1m@typescript-eslint/no-unused-vars[22m[39m
2025-06-19T10:08:33.3852081Z [WebServer] [33m18[39m:[33m15[39m  [33m[1mWarning[22m[39m: 'whileTap' is defined but never used.  [90m[1m@typescript-eslint/no-unused-vars[22m[39m
2025-06-19T10:08:33.3853405Z [WebServer] [33m19[39m:[33m15[39m  [33m[1mWarning[22m[39m: 'variants' is defined but never used.  [90m[1m@typescript-eslint/no-unused-vars[22m[39m
2025-06-19T10:08:33.3854459Z [WebServer] [33m20[39m:[33m15[39m  [33m[1mWarning[22m[39m: 'initial' is defined but never used.  [90m[1m@typescript-eslint/no-unused-vars[22m[39m
2025-06-19T10:08:33.3855482Z [WebServer] [33m21[39m:[33m15[39m  [33m[1mWarning[22m[39m: 'animate' is defined but never used.  [90m[1m@typescript-eslint/no-unused-vars[22m[39m
2025-06-19T10:08:33.3856479Z [WebServer] [33m22[39m:[33m15[39m  [33m[1mWarning[22m[39m: 'exit' is defined but never used.  [90m[1m@typescript-eslint/no-unused-vars[22m[39m
2025-06-19T10:08:33.3857504Z [WebServer] [33m23[39m:[33m15[39m  [33m[1mWarning[22m[39m: 'transition' is defined but never used.  [90m[1m@typescript-eslint/no-unused-vars[22m[39m
2025-06-19T10:08:33.3858870Z [WebServer] [33m37[39m:[33m60[39m  [33m[1mWarning[22m[39m: Unexpected any. Specify a different type.  [90m[1m@typescript-eslint/no-explicit-any[22m[39m
2025-06-19T10:08:33.3860999Z [WebServer] [33m41[39m:[33m15[39m  [33m[1mWarning[22m[39m: 'variants' is defined but never used.  [90m[1m@typescript-eslint/no-unused-vars[22m[39m
2025-06-19T10:08:33.3863200Z [WebServer] [33m42[39m:[33m15[39m  [33m[1mWarning[22m[39m: 'initial' is defined but never used.  [90m[1m@typescript-eslint/no-unused-vars[22m[39m
2025-06-19T10:08:33.3865101Z [WebServer] [33m43[39m:[33m15[39m  [33m[1mWarning[22m[39m: 'animate' is defined but never used.  [90m[1m@typescript-eslint/no-unused-vars[22m[39m
2025-06-19T10:08:33.3866876Z [WebServer] [33m44[39m:[33m15[39m  [33m[1mWarning[22m[39m: 'exit' is defined but never used.  [90m[1m@typescript-eslint/no-unused-vars[22m[39m
2025-06-19T10:08:33.3868715Z [WebServer] [33m45[39m:[33m15[39m  [33m[1mWarning[22m[39m: 'transition' is defined but never used.  [90m[1m@typescript-eslint/no-unused-vars[22m[39m
2025-06-19T10:08:33.3870664Z [WebServer] [33m59[39m:[33m37[39m  [33m[1mWarning[22m[39m: Unexpected any. Specify a different type.  [90m[1m@typescript-eslint/no-explicit-any[22m[39m
2025-06-19T10:08:33.3871601Z [WebServer] 
2025-06-19T10:08:33.3872254Z [WebServer] [36m./components/help/__tests__/HelpWidget.test.tsx[39m
2025-06-19T10:08:33.3873945Z [WebServer] [33m2[39m:[33m46[39m  [33m[1mWarning[22m[39m: 'act' is defined but never used.  [90m[1m@typescript-eslint/no-unused-vars[22m[39m
2025-06-19T10:08:33.3875834Z [WebServer] [33m3[39m:[33m8[39m  [33m[1mWarning[22m[39m: 'userEvent' is defined but never used.  [90m[1m@typescript-eslint/no-unused-vars[22m[39m
2025-06-19T10:08:33.3877766Z [WebServer] [33m7[39m:[33m19[39m  [33m[1mWarning[22m[39m: 'PageContext' is defined but never used.  [90m[1m@typescript-eslint/no-unused-vars[22m[39m
2025-06-19T10:08:33.3880061Z [WebServer] [33m15[39m:[33m63[39m  [33m[1mWarning[22m[39m: Unexpected any. Specify a different type.  [90m[1m@typescript-eslint/no-explicit-any[22m[39m
2025-06-19T10:08:33.3882118Z [WebServer] [33m19[39m:[33m15[39m  [33m[1mWarning[22m[39m: 'whileHover' is defined but never used.  [90m[1m@typescript-eslint/no-unused-vars[22m[39m
2025-06-19T10:08:33.3884255Z [WebServer] [33m20[39m:[33m15[39m  [33m[1mWarning[22m[39m: 'whileTap' is defined but never used.  [90m[1m@typescript-eslint/no-unused-vars[22m[39m
2025-06-19T10:08:33.3886450Z [WebServer] [33m21[39m:[33m15[39m  [33m[1mWarning[22m[39m: 'variants' is defined but never used.  [90m[1m@typescript-eslint/no-unused-vars[22m[39m
2025-06-19T10:08:33.3888375Z [WebServer] [33m22[39m:[33m15[39m  [33m[1mWarning[22m[39m: 'initial' is defined but never used.  [90m[1m@typescript-eslint/no-unused-vars[22m[39m
2025-06-19T10:08:33.3890307Z [WebServer] [33m23[39m:[33m15[39m  [33m[1mWarning[22m[39m: 'animate' is defined but never used.  [90m[1m@typescript-eslint/no-unused-vars[22m[39m
2025-06-19T10:08:33.3892223Z [WebServer] [33m24[39m:[33m15[39m  [33m[1mWarning[22m[39m: 'exit' is defined but never used.  [90m[1m@typescript-eslint/no-unused-vars[22m[39m
2025-06-19T10:08:33.3894406Z [WebServer] [33m25[39m:[33m15[39m  [33m[1mWarning[22m[39m: 'transition' is defined but never used.  [90m[1m@typescript-eslint/no-unused-vars[22m[39m
2025-06-19T10:08:33.3896437Z [WebServer] [33m39[39m:[33m60[39m  [33m[1mWarning[22m[39m: Unexpected any. Specify a different type.  [90m[1m@typescript-eslint/no-explicit-any[22m[39m
2025-06-19T10:08:33.3898432Z [WebServer] [33m43[39m:[33m15[39m  [33m[1mWarning[22m[39m: 'variants' is defined but never used.  [90m[1m@typescript-eslint/no-unused-vars[22m[39m
2025-06-19T10:08:33.3900360Z [WebServer] [33m44[39m:[33m15[39m  [33m[1mWarning[22m[39m: 'initial' is defined but never used.  [90m[1m@typescript-eslint/no-unused-vars[22m[39m
2025-06-19T10:08:33.3902279Z [WebServer] [33m45[39m:[33m15[39m  [33m[1mWarning[22m[39m: 'animate' is defined but never used.  [90m[1m@typescript-eslint/no-unused-vars[22m[39m
2025-06-19T10:08:33.3904378Z [WebServer] [33m46[39m:[33m15[39m  [33m[1mWarning[22m[39m: 'exit' is defined but never used.  [90m[1m@typescript-eslint/no-unused-vars[22m[39m
2025-06-19T10:08:33.3905974Z [WebServer] [33m47[39m:[33m15[39m  [33m[1mWarning[22m[39m: 'transition' is defined but never used.  [90m[1m@typescript-eslint/no-unused-vars[22m[39m
2025-06-19T10:08:33.3907077Z [WebServer] [33m61[39m:[33m37[39m  [33m[1mWarning[22m[39m: Unexpected any. Specify a different type.  [90m[1m@typescript-eslint/no-explicit-any[22m[39m
2025-06-19T10:08:33.3908118Z [WebServer] [33m91[39m:[33m10[39m  [33m[1mWarning[22m[39m: 'e' is defined but never used.  [90m[1m@typescript-eslint/no-unused-vars[22m[39m
2025-06-19T10:08:33.3909179Z [WebServer] [33m101[39m:[33m30[39m  [33m[1mWarning[22m[39m: Unexpected any. Specify a different type.  [90m[1m@typescript-eslint/no-explicit-any[22m[39m
2025-06-19T10:08:33.3910291Z [WebServer] [33m108[39m:[33m30[39m  [33m[1mWarning[22m[39m: Unexpected any. Specify a different type.  [90m[1m@typescript-eslint/no-explicit-any[22m[39m
2025-06-19T10:08:33.3911393Z [WebServer] [33m373[39m:[33m35[39m  [33m[1mWarning[22m[39m: Unexpected any. Specify a different type.  [90m[1m@typescript-eslint/no-explicit-any[22m[39m
2025-06-19T10:08:33.3911942Z [WebServer] 
2025-06-19T10:08:33.3912326Z [WebServer] [36m./components/homepage/OrganicHomepage.tsx[39m
2025-06-19T10:08:33.3913429Z [WebServer] [33m54[39m:[33m14[39m  [33m[1mWarning[22m[39m: 'err' is defined but never used.  [90m[1m@typescript-eslint/no-unused-vars[22m[39m
2025-06-19T10:08:33.3913941Z [WebServer] 
2025-06-19T10:08:33.3914336Z [WebServer] [36m./components/homepage/PurchaseHomepage.tsx[39m
2025-06-19T10:08:33.3915253Z [WebServer] [33m19[39m:[33m48[39m  [33m[1mWarning[22m[39m: 'reportData' is assigned a value but never used.  [90m[1m@typescript-eslint/no-unused-vars[22m[39m
2025-06-19T10:08:33.3916524Z [WebServer] [33m300[39m:[33m10[39m  [33m[1mWarning[22m[39m: 'ScoreCard' is defined but never used.  [90m[1m@typescript-eslint/no-unused-vars[22m[39m
2025-06-19T10:08:33.3917642Z [WebServer] [33m320[39m:[33m7[39m  [33m[1mWarning[22m[39m: 'defaultIssues' is assigned a value but never used.  [90m[1m@typescript-eslint/no-unused-vars[22m[39m
2025-06-19T10:08:33.3918307Z [WebServer] 
2025-06-19T10:08:33.3918751Z [WebServer] [36m./components/homepage/__tests__/OrganicHomepage.test.tsx[39m
2025-06-19T10:08:33.3919636Z [WebServer] [33m2[39m:[33m37[39m  [33m[1mWarning[22m[39m: 'waitFor' is defined but never used.  [90m[1m@typescript-eslint/no-unused-vars[22m[39m
2025-06-19T10:08:33.3920137Z [WebServer] 
2025-06-19T10:08:33.3920566Z [WebServer] [36m./components/homepage/__tests__/PurchaseHomepage.test.tsx[39m
2025-06-19T10:08:33.3921506Z [WebServer] [33m2[39m:[33m26[39m  [33m[1mWarning[22m[39m: 'fireEvent' is defined but never used.  [90m[1m@typescript-eslint/no-unused-vars[22m[39m
2025-06-19T10:08:33.3923140Z [WebServer] [33m2[39m:[33m37[39m  [33m[1mWarning[22m[39m: 'waitFor' is defined but never used.  [90m[1m@typescript-eslint/no-unused-vars[22m[39m
2025-06-19T10:08:33.3923754Z [WebServer] 
2025-06-19T10:08:33.3924148Z [WebServer] [36m./components/purchase/PricingCard.tsx[39m
2025-06-19T10:08:33.3925031Z [WebServer] [33m33[39m:[33m21[39m  [33m[1mWarning[22m[39m: Unexpected any. Specify a different type.  [90m[1m@typescript-eslint/no-explicit-any[22m[39m
2025-06-19T10:08:33.3925570Z [WebServer] 
2025-06-19T10:08:33.3925963Z [WebServer] [36m./components/purchase/PurchaseErrorBoundary.tsx[39m
2025-06-19T10:08:33.3927089Z [WebServer] [33m27[39m:[33m46[39m  [33m[1mWarning[22m[39m: Unexpected any. Specify a different type.  [90m[1m@typescript-eslint/no-explicit-any[22m[39m
2025-06-19T10:08:33.3927649Z [WebServer] 
2025-06-19T10:08:33.3928000Z [WebServer] [36m./components/purchase/PurchaseHero.tsx[39m
2025-06-19T10:08:33.3928828Z [WebServer] [33m11[39m:[33m46[39m  [33m[1mWarning[22m[39m: 'domain' is defined but never used.  [90m[1m@typescript-eslint/no-unused-vars[22m[39m
2025-06-19T10:08:33.3929327Z [WebServer] 
2025-06-19T10:08:33.3929687Z [WebServer] [36m./components/purchase/ReportPreview.tsx[39m
2025-06-19T10:08:33.3930529Z [WebServer] [33m10[39m:[33m3[39m  [33m[1mWarning[22m[39m: 'CheckCircle' is defined but never used.  [90m[1m@typescript-eslint/no-unused-vars[22m[39m
2025-06-19T10:08:33.3931039Z [WebServer] 
2025-06-19T10:08:33.3931415Z [WebServer] [36m./components/purchase/StripeErrorBoundary.tsx[39m
2025-06-19T10:08:33.3932285Z [WebServer] [33m4[39m:[33m10[39m  [33m[1mWarning[22m[39m: 'ErrorBoundary' is defined but never used.  [90m[1m@typescript-eslint/no-unused-vars[22m[39m
2025-06-19T10:08:33.3932964Z [WebServer] 
2025-06-19T10:08:33.3933414Z [WebServer] [36m./components/purchase/TrustSignals.tsx[39m
2025-06-19T10:08:33.3934228Z [WebServer] [33m4[39m:[33m37[39m  [33m[1mWarning[22m[39m: 'Users' is defined but never used.  [90m[1m@typescript-eslint/no-unused-vars[22m[39m
2025-06-19T10:08:33.3935216Z [WebServer] [33m5[39m:[33m8[39m  [33m[1mWarning[22m[39m: 'Image' is defined but never used.  [90m[1m@typescript-eslint/no-unused-vars[22m[39m
2025-06-19T10:08:33.3935705Z [WebServer] 
2025-06-19T10:08:33.3936119Z [WebServer] [36m./components/purchase/__tests__/PricingCard.test.tsx[39m
2025-06-19T10:08:33.3936976Z [WebServer] [33m10[39m:[33m7[39m  [33m[1mWarning[22m[39m: 'initial' is defined but never used.  [90m[1m@typescript-eslint/no-unused-vars[22m[39m
2025-06-19T10:08:33.3937995Z [WebServer] [33m11[39m:[33m7[39m  [33m[1mWarning[22m[39m: 'animate' is defined but never used.  [90m[1m@typescript-eslint/no-unused-vars[22m[39m
2025-06-19T10:08:33.3939025Z [WebServer] [33m12[39m:[33m7[39m  [33m[1mWarning[22m[39m: 'transition' is defined but never used.  [90m[1m@typescript-eslint/no-unused-vars[22m[39m
2025-06-19T10:08:33.3940229Z [WebServer] [33m13[39m:[33m7[39m  [33m[1mWarning[22m[39m: 'whileInView' is defined but never used.  [90m[1m@typescript-eslint/no-unused-vars[22m[39m
2025-06-19T10:08:33.3941274Z [WebServer] [33m14[39m:[33m7[39m  [33m[1mWarning[22m[39m: 'viewport' is defined but never used.  [90m[1m@typescript-eslint/no-unused-vars[22m[39m
2025-06-19T10:08:33.3942446Z [WebServer] [33m16[39m:[33m8[39m  [33m[1mWarning[22m[39m: Unexpected any. Specify a different type.  [90m[1m@typescript-eslint/no-explicit-any[22m[39m
2025-06-19T10:08:33.3943783Z [WebServer] [33m19[39m:[33m7[39m  [33m[1mWarning[22m[39m: 'initial' is defined but never used.  [90m[1m@typescript-eslint/no-unused-vars[22m[39m
2025-06-19T10:08:33.3945784Z [WebServer] [33m20[39m:[33m7[39m  [33m[1mWarning[22m[39m: 'animate' is defined but never used.  [90m[1m@typescript-eslint/no-unused-vars[22m[39m
2025-06-19T10:08:33.3947785Z [WebServer] [33m21[39m:[33m7[39m  [33m[1mWarning[22m[39m: 'transition' is defined but never used.  [90m[1m@typescript-eslint/no-unused-vars[22m[39m
2025-06-19T10:08:33.3949829Z [WebServer] [33m22[39m:[33m7[39m  [33m[1mWarning[22m[39m: 'whileInView' is defined but never used.  [90m[1m@typescript-eslint/no-unused-vars[22m[39m
2025-06-19T10:08:33.3951856Z [WebServer] [33m23[39m:[33m7[39m  [33m[1mWarning[22m[39m: 'viewport' is defined but never used.  [90m[1m@typescript-eslint/no-unused-vars[22m[39m
2025-06-19T10:08:33.3953634Z [WebServer] [33m25[39m:[33m8[39m  [33m[1mWarning[22m[39m: Unexpected any. Specify a different type.  [90m[1m@typescript-eslint/no-explicit-any[22m[39m
2025-06-19T10:08:33.3954750Z [WebServer] [33m28[39m:[33m7[39m  [33m[1mWarning[22m[39m: 'initial' is defined but never used.  [90m[1m@typescript-eslint/no-unused-vars[22m[39m
2025-06-19T10:08:33.3955773Z [WebServer] [33m29[39m:[33m7[39m  [33m[1mWarning[22m[39m: 'animate' is defined but never used.  [90m[1m@typescript-eslint/no-unused-vars[22m[39m
2025-06-19T10:08:33.3956814Z [WebServer] [33m30[39m:[33m7[39m  [33m[1mWarning[22m[39m: 'transition' is defined but never used.  [90m[1m@typescript-eslint/no-unused-vars[22m[39m
2025-06-19T10:08:33.3957858Z [WebServer] [33m31[39m:[33m7[39m  [33m[1mWarning[22m[39m: 'whileInView' is defined but never used.  [90m[1m@typescript-eslint/no-unused-vars[22m[39m
2025-06-19T10:08:33.3958889Z [WebServer] [33m32[39m:[33m7[39m  [33m[1mWarning[22m[39m: 'whileTap' is defined but never used.  [90m[1m@typescript-eslint/no-unused-vars[22m[39m
2025-06-19T10:08:33.3959915Z [WebServer] [33m33[39m:[33m7[39m  [33m[1mWarning[22m[39m: 'whileHover' is defined but never used.  [90m[1m@typescript-eslint/no-unused-vars[22m[39m
2025-06-19T10:08:33.3960972Z [WebServer] [33m34[39m:[33m7[39m  [33m[1mWarning[22m[39m: 'viewport' is defined but never used.  [90m[1m@typescript-eslint/no-unused-vars[22m[39m
2025-06-19T10:08:33.3962031Z [WebServer] [33m37[39m:[33m8[39m  [33m[1mWarning[22m[39m: Unexpected any. Specify a different type.  [90m[1m@typescript-eslint/no-explicit-any[22m[39m
2025-06-19T10:08:33.3962561Z [WebServer] 
2025-06-19T10:08:33.3963100Z [WebServer] [36m./components/purchase/__tests__/PurchaseHero.test.tsx[39m
2025-06-19T10:08:33.3964016Z [WebServer] [33m7[39m:[33m35[39m  [33m[1mWarning[22m[39m: Unexpected any. Specify a different type.  [90m[1m@typescript-eslint/no-explicit-any[22m[39m
2025-06-19T10:08:33.3965125Z [WebServer] [33m8[39m:[33m34[39m  [33m[1mWarning[22m[39m: Unexpected any. Specify a different type.  [90m[1m@typescript-eslint/no-explicit-any[22m[39m
2025-06-19T10:08:33.3966239Z [WebServer] [33m45[39m:[33m13[39m  [33m[1mWarning[22m[39m: 'container' is assigned a value but never used.  [90m[1m@typescript-eslint/no-unused-vars[22m[39m
2025-06-19T10:08:33.3966768Z [WebServer] 
2025-06-19T10:08:33.3967196Z [WebServer] [36m./components/purchase/__tests__/ReportPreview.test.tsx[39m
2025-06-19T10:08:33.3968263Z [WebServer] [33m10[39m:[33m7[39m  [33m[1mWarning[22m[39m: 'initial' is defined but never used.  [90m[1m@typescript-eslint/no-unused-vars[22m[39m
2025-06-19T10:08:33.3969301Z [WebServer] [33m11[39m:[33m7[39m  [33m[1mWarning[22m[39m: 'animate' is defined but never used.  [90m[1m@typescript-eslint/no-unused-vars[22m[39m
2025-06-19T10:08:33.3970451Z [WebServer] [33m12[39m:[33m7[39m  [33m[1mWarning[22m[39m: 'transition' is defined but never used.  [90m[1m@typescript-eslint/no-unused-vars[22m[39m
2025-06-19T10:08:33.3971490Z [WebServer] [33m13[39m:[33m7[39m  [33m[1mWarning[22m[39m: 'whileInView' is defined but never used.  [90m[1m@typescript-eslint/no-unused-vars[22m[39m
2025-06-19T10:08:33.3972521Z [WebServer] [33m14[39m:[33m7[39m  [33m[1mWarning[22m[39m: 'viewport' is defined but never used.  [90m[1m@typescript-eslint/no-unused-vars[22m[39m
2025-06-19T10:08:33.3973825Z [WebServer] [33m16[39m:[33m8[39m  [33m[1mWarning[22m[39m: Unexpected any. Specify a different type.  [90m[1m@typescript-eslint/no-explicit-any[22m[39m
2025-06-19T10:08:33.3974360Z [WebServer] 
2025-06-19T10:08:33.3974778Z [WebServer] [36m./components/purchase/__tests__/TrustSignals.test.tsx[39m
2025-06-19T10:08:33.3975631Z [WebServer] [33m9[39m:[33m7[39m  [33m[1mWarning[22m[39m: 'initial' is defined but never used.  [90m[1m@typescript-eslint/no-unused-vars[22m[39m
2025-06-19T10:08:33.3976644Z [WebServer] [33m10[39m:[33m7[39m  [33m[1mWarning[22m[39m: 'animate' is defined but never used.  [90m[1m@typescript-eslint/no-unused-vars[22m[39m
2025-06-19T10:08:33.3977668Z [WebServer] [33m11[39m:[33m7[39m  [33m[1mWarning[22m[39m: 'transition' is defined but never used.  [90m[1m@typescript-eslint/no-unused-vars[22m[39m
2025-06-19T10:08:33.3978710Z [WebServer] [33m12[39m:[33m7[39m  [33m[1mWarning[22m[39m: 'whileInView' is defined but never used.  [90m[1m@typescript-eslint/no-unused-vars[22m[39m
2025-06-19T10:08:33.3979736Z [WebServer] [33m13[39m:[33m7[39m  [33m[1mWarning[22m[39m: 'viewport' is defined but never used.  [90m[1m@typescript-eslint/no-unused-vars[22m[39m
2025-06-19T10:08:33.3980790Z [WebServer] [33m15[39m:[33m8[39m  [33m[1mWarning[22m[39m: Unexpected any. Specify a different type.  [90m[1m@typescript-eslint/no-explicit-any[22m[39m
2025-06-19T10:08:33.3981883Z [WebServer] [33m22[39m:[33m37[39m  [33m[1mWarning[22m[39m: Unexpected any. Specify a different type.  [90m[1m@typescript-eslint/no-explicit-any[22m[39m
2025-06-19T10:08:33.3982408Z [WebServer] 
2025-06-19T10:08:33.3982972Z [WebServer] [36m./components/purchase/__tests__/mobile-responsiveness.test.tsx[39m
2025-06-19T10:08:33.3983876Z [WebServer] [33m14[39m:[33m7[39m  [33m[1mWarning[22m[39m: 'initial' is defined but never used.  [90m[1m@typescript-eslint/no-unused-vars[22m[39m
2025-06-19T10:08:33.3984888Z [WebServer] [33m15[39m:[33m7[39m  [33m[1mWarning[22m[39m: 'animate' is defined but never used.  [90m[1m@typescript-eslint/no-unused-vars[22m[39m
2025-06-19T10:08:33.3985906Z [WebServer] [33m16[39m:[33m7[39m  [33m[1mWarning[22m[39m: 'transition' is defined but never used.  [90m[1m@typescript-eslint/no-unused-vars[22m[39m
2025-06-19T10:08:33.3986944Z [WebServer] [33m17[39m:[33m7[39m  [33m[1mWarning[22m[39m: 'whileInView' is defined but never used.  [90m[1m@typescript-eslint/no-unused-vars[22m[39m
2025-06-19T10:08:33.3987971Z [WebServer] [33m18[39m:[33m7[39m  [33m[1mWarning[22m[39m: 'viewport' is defined but never used.  [90m[1m@typescript-eslint/no-unused-vars[22m[39m
2025-06-19T10:08:33.3989018Z [WebServer] [33m20[39m:[33m8[39m  [33m[1mWarning[22m[39m: Unexpected any. Specify a different type.  [90m[1m@typescript-eslint/no-explicit-any[22m[39m
2025-06-19T10:08:33.3990056Z [WebServer] [33m28[39m:[33m7[39m  [33m[1mWarning[22m[39m: 'initial' is defined but never used.  [90m[1m@typescript-eslint/no-unused-vars[22m[39m
2025-06-19T10:08:33.3991204Z [WebServer] [33m29[39m:[33m7[39m  [33m[1mWarning[22m[39m: 'animate' is defined but never used.  [90m[1m@typescript-eslint/no-unused-vars[22m[39m
2025-06-19T10:08:33.3992235Z [WebServer] [33m30[39m:[33m7[39m  [33m[1mWarning[22m[39m: 'transition' is defined but never used.  [90m[1m@typescript-eslint/no-unused-vars[22m[39m
2025-06-19T10:08:33.3993662Z [WebServer] [33m31[39m:[33m7[39m  [33m[1mWarning[22m[39m: 'whileInView' is defined but never used.  [90m[1m@typescript-eslint/no-unused-vars[22m[39m
2025-06-19T10:08:33.3994687Z [WebServer] [33m32[39m:[33m7[39m  [33m[1mWarning[22m[39m: 'viewport' is defined but never used.  [90m[1m@typescript-eslint/no-unused-vars[22m[39m
2025-06-19T10:08:33.3995734Z [WebServer] [33m34[39m:[33m8[39m  [33m[1mWarning[22m[39m: Unexpected any. Specify a different type.  [90m[1m@typescript-eslint/no-explicit-any[22m[39m
2025-06-19T10:08:33.3996785Z [WebServer] [33m42[39m:[33m7[39m  [33m[1mWarning[22m[39m: 'initial' is defined but never used.  [90m[1m@typescript-eslint/no-unused-vars[22m[39m
2025-06-19T10:08:33.3997792Z [WebServer] [33m43[39m:[33m7[39m  [33m[1mWarning[22m[39m: 'animate' is defined but never used.  [90m[1m@typescript-eslint/no-unused-vars[22m[39m
2025-06-19T10:08:33.3998813Z [WebServer] [33m44[39m:[33m7[39m  [33m[1mWarning[22m[39m: 'transition' is defined but never used.  [90m[1m@typescript-eslint/no-unused-vars[22m[39m
2025-06-19T10:08:33.3999851Z [WebServer] [33m45[39m:[33m7[39m  [33m[1mWarning[22m[39m: 'whileInView' is defined but never used.  [90m[1m@typescript-eslint/no-unused-vars[22m[39m
2025-06-19T10:08:33.4000869Z [WebServer] [33m46[39m:[33m7[39m  [33m[1mWarning[22m[39m: 'viewport' is defined but never used.  [90m[1m@typescript-eslint/no-unused-vars[22m[39m
2025-06-19T10:08:33.4001918Z [WebServer] [33m48[39m:[33m8[39m  [33m[1mWarning[22m[39m: Unexpected any. Specify a different type.  [90m[1m@typescript-eslint/no-explicit-any[22m[39m
2025-06-19T10:08:33.4003113Z [WebServer] [33m70[39m:[33m37[39m  [33m[1mWarning[22m[39m: Unexpected any. Specify a different type.  [90m[1m@typescript-eslint/no-explicit-any[22m[39m
2025-06-19T10:08:33.4004280Z [WebServer] [33m77[39m:[33m7[39m  [33m[1mWarning[22m[39m: 'hasResponsiveClasses' is assigned a value but never used.  [90m[1m@typescript-eslint/no-unused-vars[22m[39m
2025-06-19T10:08:33.4004856Z [WebServer] 
2025-06-19T10:08:33.4005209Z [WebServer] [36m./components/waitlist/WaitlistForm.tsx[39m
2025-06-19T10:08:33.4006009Z [WebServer] [33m70[39m:[33m14[39m  [33m[1mWarning[22m[39m: 'err' is defined but never used.  [90m[1m@typescript-eslint/no-unused-vars[22m[39m
2025-06-19T10:08:33.4006998Z [WebServer] [33m122[39m:[33m14[39m  [33m[1mWarning[22m[39m: 'err' is defined but never used.  [90m[1m@typescript-eslint/no-unused-vars[22m[39m
2025-06-19T10:08:33.4007482Z [WebServer] 
2025-06-19T10:08:33.4007857Z [WebServer] [36m./lib/ab-testing/__tests__/edge-config.test.ts[39m
2025-06-19T10:08:33.4008581Z [WebServer] [33m52[39m:[33m7[39m  [33m[1mWarning[22m[39m: Unnecessary semicolon.  [90m[1mno-extra-semi[22m[39m
2025-06-19T10:08:33.4009390Z [WebServer] [33m63[39m:[33m7[39m  [33m[1mWarning[22m[39m: Unnecessary semicolon.  [90m[1mno-extra-semi[22m[39m
2025-06-19T10:08:33.4010203Z [WebServer] [33m75[39m:[33m7[39m  [33m[1mWarning[22m[39m: Unnecessary semicolon.  [90m[1mno-extra-semi[22m[39m
2025-06-19T10:08:33.4011012Z [WebServer] [33m87[39m:[33m7[39m  [33m[1mWarning[22m[39m: Unnecessary semicolon.  [90m[1mno-extra-semi[22m[39m
2025-06-19T10:08:33.4011829Z [WebServer] [33m102[39m:[33m7[39m  [33m[1mWarning[22m[39m: Unnecessary semicolon.  [90m[1mno-extra-semi[22m[39m
2025-06-19T10:08:33.4012652Z [WebServer] [33m123[39m:[33m7[39m  [33m[1mWarning[22m[39m: Unnecessary semicolon.  [90m[1mno-extra-semi[22m[39m
2025-06-19T10:08:33.4013844Z [WebServer] [33m164[39m:[33m7[39m  [33m[1mWarning[22m[39m: Unnecessary semicolon.  [90m[1mno-extra-semi[22m[39m
2025-06-19T10:08:33.4014672Z [WebServer] [33m174[39m:[33m7[39m  [33m[1mWarning[22m[39m: Unnecessary semicolon.  [90m[1mno-extra-semi[22m[39m
2025-06-19T10:08:33.4015092Z [WebServer] 
2025-06-19T10:08:33.4015500Z [WebServer] [36m./lib/ab-testing/__tests__/variant-assignment.test.ts[39m
2025-06-19T10:08:33.4016544Z [WebServer] [33m11[39m:[33m22[39m  [33m[1mWarning[22m[39m: 'ExperimentVariant' is defined but never used.  [90m[1m@typescript-eslint/no-unused-vars[22m[39m
2025-06-19T10:08:33.4017092Z [WebServer] 
2025-06-19T10:08:33.4017471Z [WebServer] [36m./lib/ab-testing/examples/homepage-example.tsx[39m
2025-06-19T10:08:33.4018419Z [WebServer] [33m50[39m:[33m9[39m  [33m[1mWarning[22m[39m: 'handleSignupComplete' is assigned a value but never used.  [90m[1m@typescript-eslint/no-unused-vars[22m[39m
2025-06-19T10:08:33.4019564Z [WebServer] [33m76[39m:[33m35[39m  [33m[1mWarning[22m[39m: Unexpected any. Specify a different type.  [90m[1m@typescript-eslint/no-explicit-any[22m[39m
2025-06-19T10:08:33.4021580Z [WebServer] [33m239[39m:[33m13[39m  [33m[1mWarning[22m[39m: Using `<img>` could result in slower LCP and higher bandwidth. Consider using `<Image />` from `next/image` to automatically optimize images. This may incur additional usage or cost from your provider. See: https://nextjs.org/docs/messages/no-img-element  [90m[1m@next/next/no-img-element[22m[39m
2025-06-19T10:08:33.4022732Z [WebServer] 
2025-06-19T10:08:33.4023149Z [WebServer] [36m./lib/ab-testing/hooks.ts[39m
2025-06-19T10:08:33.4023996Z [WebServer] [33m10[39m:[33m10[39m  [33m[1mWarning[22m[39m: 'ExperimentVariant' is defined but never used.  [90m[1m@typescript-eslint/no-unused-vars[22m[39m
2025-06-19T10:08:33.4025103Z [WebServer] [33m87[39m:[33m53[39m  [33m[1mWarning[22m[39m: Unexpected any. Specify a different type.  [90m[1m@typescript-eslint/no-explicit-any[22m[39m
2025-06-19T10:08:33.4026208Z [WebServer] [33m112[39m:[33m51[39m  [33m[1mWarning[22m[39m: Unexpected any. Specify a different type.  [90m[1m@typescript-eslint/no-explicit-any[22m[39m
2025-06-19T10:08:33.4027307Z [WebServer] [33m130[39m:[33m48[39m  [33m[1mWarning[22m[39m: Unexpected any. Specify a different type.  [90m[1m@typescript-eslint/no-explicit-any[22m[39m
2025-06-19T10:08:33.4027846Z [WebServer] 
2025-06-19T10:08:33.4028150Z [WebServer] [36m./lib/ab-testing/middleware.ts[39m
2025-06-19T10:08:33.4028959Z [WebServer] [33m9[39m:[33m10[39m  [33m[1mWarning[22m[39m: 'Experiment' is defined but never used.  [90m[1m@typescript-eslint/no-unused-vars[22m[39m
2025-06-19T10:08:33.4030034Z [WebServer] [33m33[39m:[33m68[39m  [33m[1mWarning[22m[39m: Unexpected any. Specify a different type.  [90m[1m@typescript-eslint/no-explicit-any[22m[39m
2025-06-19T10:08:33.4031133Z [WebServer] [33m129[39m:[33m29[39m  [33m[1mWarning[22m[39m: Unexpected any. Specify a different type.  [90m[1m@typescript-eslint/no-explicit-any[22m[39m
2025-06-19T10:08:33.4031672Z [WebServer] 
2025-06-19T10:08:33.4031959Z [WebServer] [36m./lib/ab-testing/types.ts[39m
2025-06-19T10:08:33.4032775Z [WebServer] [33m10[39m:[33m27[39m  [33m[1mWarning[22m[39m: Unexpected any. Specify a different type.  [90m[1m@typescript-eslint/no-explicit-any[22m[39m
2025-06-19T10:08:33.4033999Z [WebServer] [33m43[39m:[33m29[39m  [33m[1mWarning[22m[39m: Unexpected any. Specify a different type.  [90m[1m@typescript-eslint/no-explicit-any[22m[39m
2025-06-19T10:08:33.4035084Z [WebServer] [33m55[39m:[33m67[39m  [33m[1mWarning[22m[39m: Unexpected any. Specify a different type.  [90m[1m@typescript-eslint/no-explicit-any[22m[39m
2025-06-19T10:08:33.4035609Z [WebServer] 
2025-06-19T10:08:33.4035955Z [WebServer] [36m./lib/ab-testing/variant-assignment.ts[39m
2025-06-19T10:08:33.4036812Z [WebServer] [33m156[39m:[33m27[39m  [33m[1mWarning[22m[39m: Unexpected any. Specify a different type.  [90m[1m@typescript-eslint/no-explicit-any[22m[39m
2025-06-19T10:08:33.4038012Z [WebServer] [33m245[39m:[33m9[39m  [33m[1mWarning[22m[39m: 'a' is assigned a value but never used.  [90m[1m@typescript-eslint/no-unused-vars[22m[39m
2025-06-19T10:08:33.4038519Z [WebServer] 
2025-06-19T10:08:33.4038911Z [WebServer] [36m./lib/abandoned-cart/__tests__/analytics.test.ts[39m
2025-06-19T10:08:33.4039744Z [WebServer] [33m89[39m:[33m7[39m  [33m[1mWarning[22m[39m: Unnecessary semicolon.  [90m[1mno-extra-semi[22m[39m
2025-06-19T10:08:33.4040563Z [WebServer] [33m105[39m:[33m7[39m  [33m[1mWarning[22m[39m: Unnecessary semicolon.  [90m[1mno-extra-semi[22m[39m
2025-06-19T10:08:33.4041386Z [WebServer] [33m165[39m:[33m7[39m  [33m[1mWarning[22m[39m: Unnecessary semicolon.  [90m[1mno-extra-semi[22m[39m
2025-06-19T10:08:33.4042200Z [WebServer] [33m218[39m:[33m7[39m  [33m[1mWarning[22m[39m: Unnecessary semicolon.  [90m[1mno-extra-semi[22m[39m
2025-06-19T10:08:33.4042625Z [WebServer] 
2025-06-19T10:08:33.4043166Z [WebServer] [36m./lib/abandoned-cart/__tests__/integration.test.ts[39m
2025-06-19T10:08:33.4044082Z [WebServer] [33m3[39m:[33m3[39m  [33m[1mWarning[22m[39m: 'markSessionCompleted' is defined but never used.  [90m[1m@typescript-eslint/no-unused-vars[22m[39m
2025-06-19T10:08:33.4045147Z [WebServer] [33m7[39m:[33m10[39m  [33m[1mWarning[22m[39m: 'prisma' is defined but never used.  [90m[1m@typescript-eslint/no-unused-vars[22m[39m
2025-06-19T10:08:33.4045644Z [WebServer] 
2025-06-19T10:08:33.4046014Z [WebServer] [36m./lib/abandoned-cart/__tests__/service.test.ts[39m
2025-06-19T10:08:33.4046723Z [WebServer] [33m255[39m:[33m7[39m  [33m[1mWarning[22m[39m: Unnecessary semicolon.  [90m[1mno-extra-semi[22m[39m
2025-06-19T10:08:33.4047542Z [WebServer] [33m265[39m:[33m7[39m  [33m[1mWarning[22m[39m: Unnecessary semicolon.  [90m[1mno-extra-semi[22m[39m
2025-06-19T10:08:33.4048357Z [WebServer] [33m277[39m:[33m7[39m  [33m[1mWarning[22m[39m: Unnecessary semicolon.  [90m[1mno-extra-semi[22m[39m
2025-06-19T10:08:33.4049172Z [WebServer] [33m299[39m:[33m7[39m  [33m[1mWarning[22m[39m: Unnecessary semicolon.  [90m[1mno-extra-semi[22m[39m
2025-06-19T10:08:33.4049584Z [WebServer] 
2025-06-19T10:08:33.4049950Z [WebServer] [36m./lib/abandoned-cart/__tests__/tracker.test.ts[39m
2025-06-19T10:08:33.4050655Z [WebServer] [33m114[39m:[33m7[39m  [33m[1mWarning[22m[39m: Unnecessary semicolon.  [90m[1mno-extra-semi[22m[39m
2025-06-19T10:08:33.4051469Z [WebServer] [33m172[39m:[33m7[39m  [33m[1mWarning[22m[39m: Unnecessary semicolon.  [90m[1mno-extra-semi[22m[39m
2025-06-19T10:08:33.4052279Z [WebServer] [33m206[39m:[33m7[39m  [33m[1mWarning[22m[39m: Unnecessary semicolon.  [90m[1mno-extra-semi[22m[39m
2025-06-19T10:08:33.4053186Z [WebServer] [33m237[39m:[33m7[39m  [33m[1mWarning[22m[39m: Unnecessary semicolon.  [90m[1mno-extra-semi[22m[39m
2025-06-19T10:08:33.4053599Z [WebServer] 
2025-06-19T10:08:33.4053920Z [WebServer] [36m./lib/abandoned-cart/service.ts[39m
2025-06-19T10:08:33.4054842Z [WebServer] [33m12[39m:[33m7[39m  [33m[1mWarning[22m[39m: 'RECOVERY_EMAIL_DELAY_HOURS' is assigned a value but never used.  [90m[1m@typescript-eslint/no-unused-vars[22m[39m
2025-06-19T10:08:33.4055992Z [WebServer] [33m108[39m:[33m33[39m  [33m[1mWarning[22m[39m: Unexpected any. Specify a different type.  [90m[1m@typescript-eslint/no-explicit-any[22m[39m
2025-06-19T10:08:33.4057104Z [WebServer] [33m172[39m:[33m46[39m  [33m[1mWarning[22m[39m: Unexpected any. Specify a different type.  [90m[1m@typescript-eslint/no-explicit-any[22m[39m
2025-06-19T10:08:33.4058199Z [WebServer] [33m197[39m:[33m44[39m  [33m[1mWarning[22m[39m: Unexpected any. Specify a different type.  [90m[1m@typescript-eslint/no-explicit-any[22m[39m
2025-06-19T10:08:33.4058731Z [WebServer] 
2025-06-19T10:08:33.4059125Z [WebServer] [36m./lib/analytics/__tests__/analytics-client.test.ts[39m
2025-06-19T10:08:33.4060154Z [WebServer] [33m20[39m:[33m29[39m  [33m[1mWarning[22m[39m: Unexpected any. Specify a different type.  [90m[1m@typescript-eslint/no-explicit-any[22m[39m
2025-06-19T10:08:33.4061125Z [WebServer] [33m58[39m:[33m7[39m  [33m[1mWarning[22m[39m: Unnecessary semicolon.  [90m[1mno-extra-semi[22m[39m
2025-06-19T10:08:33.4062075Z [WebServer] [33m76[39m:[33m7[39m  [33m[1mWarning[22m[39m: Unnecessary semicolon.  [90m[1mno-extra-semi[22m[39m
2025-06-19T10:08:33.4062985Z [WebServer] [33m93[39m:[33m7[39m  [33m[1mWarning[22m[39m: Unnecessary semicolon.  [90m[1mno-extra-semi[22m[39m
2025-06-19T10:08:33.4063806Z [WebServer] [33m108[39m:[33m7[39m  [33m[1mWarning[22m[39m: Unnecessary semicolon.  [90m[1mno-extra-semi[22m[39m
2025-06-19T10:08:33.4064620Z [WebServer] [33m139[39m:[33m7[39m  [33m[1mWarning[22m[39m: Unnecessary semicolon.  [90m[1mno-extra-semi[22m[39m
2025-06-19T10:08:33.4065436Z [WebServer] [33m159[39m:[33m7[39m  [33m[1mWarning[22m[39m: Unnecessary semicolon.  [90m[1mno-extra-semi[22m[39m
2025-06-19T10:08:33.4066249Z [WebServer] [33m231[39m:[33m7[39m  [33m[1mWarning[22m[39m: Unnecessary semicolon.  [90m[1mno-extra-semi[22m[39m
2025-06-19T10:08:33.4067054Z [WebServer] [33m253[39m:[33m7[39m  [33m[1mWarning[22m[39m: Unnecessary semicolon.  [90m[1mno-extra-semi[22m[39m
2025-06-19T10:08:33.4067480Z [WebServer] 
2025-06-19T10:08:33.4067880Z [WebServer] [36m./lib/analytics/__tests__/analytics-manager.test.ts[39m
2025-06-19T10:08:33.4068782Z [WebServer] [33m50[39m:[33m10[39m  [33m[1mWarning[22m[39m: Unexpected any. Specify a different type.  [90m[1m@typescript-eslint/no-explicit-any[22m[39m
2025-06-19T10:08:33.4069880Z [WebServer] [33m60[39m:[33m10[39m  [33m[1mWarning[22m[39m: Unexpected any. Specify a different type.  [90m[1m@typescript-eslint/no-explicit-any[22m[39m
2025-06-19T10:08:33.4070799Z [WebServer] [33m84[39m:[33m7[39m  [33m[1mWarning[22m[39m: Unnecessary semicolon.  [90m[1mno-extra-semi[22m[39m
2025-06-19T10:08:33.4071793Z [WebServer] [33m104[39m:[33m28[39m  [33m[1mWarning[22m[39m: Unexpected any. Specify a different type.  [90m[1m@typescript-eslint/no-explicit-any[22m[39m
2025-06-19T10:08:33.4072721Z [WebServer] [33m157[39m:[33m7[39m  [33m[1mWarning[22m[39m: Unnecessary semicolon.  [90m[1mno-extra-semi[22m[39m
2025-06-19T10:08:33.4073848Z [WebServer] [33m227[39m:[33m45[39m  [33m[1mWarning[22m[39m: Unexpected any. Specify a different type.  [90m[1m@typescript-eslint/no-explicit-any[22m[39m
2025-06-19T10:08:33.4074947Z [WebServer] [33m235[39m:[33m40[39m  [33m[1mWarning[22m[39m: Unexpected any. Specify a different type.  [90m[1m@typescript-eslint/no-explicit-any[22m[39m
2025-06-19T10:08:33.4075478Z [WebServer] 
2025-06-19T10:08:33.4076028Z [WebServer] [36m./lib/analytics/__tests__/analytics-server.test.ts[39m
2025-06-19T10:08:33.4077244Z [WebServer] [33m111[39m:[33m7[39m  [33m[1mWarning[22m[39m: Unnecessary semicolon.  [90m[1mno-extra-semi[22m[39m
2025-06-19T10:08:33.4077990Z [WebServer] 
2025-06-19T10:08:33.4078676Z [WebServer] [36m./lib/analytics/__tests__/consent-loader.test.ts[39m
2025-06-19T10:08:33.4079947Z [WebServer] [33m25[39m:[33m11[39m  [33m[1mWarning[22m[39m: Unnecessary semicolon.  [90m[1mno-extra-semi[22m[39m
2025-06-19T10:08:33.4081747Z [WebServer] [33m25[39m:[33m23[39m  [33m[1mWarning[22m[39m: Unexpected any. Specify a different type.  [90m[1m@typescript-eslint/no-explicit-any[22m[39m
2025-06-19T10:08:33.4084089Z [WebServer] [33m34[39m:[33m19[39m  [33m[1mWarning[22m[39m: Unexpected any. Specify a different type.  [90m[1m@typescript-eslint/no-explicit-any[22m[39m
2025-06-19T10:08:33.4086259Z [WebServer] [33m34[39m:[33m50[39m  [33m[1mWarning[22m[39m: Unexpected any. Specify a different type.  [90m[1m@typescript-eslint/no-explicit-any[22m[39m
2025-06-19T10:08:33.4088639Z [WebServer] [33m62[39m:[33m22[39m  [33m[1mWarning[22m[39m: Unexpected any. Specify a different type.  [90m[1m@typescript-eslint/no-explicit-any[22m[39m
2025-06-19T10:08:33.4090758Z [WebServer] [33m63[39m:[33m17[39m  [33m[1mWarning[22m[39m: Unexpected any. Specify a different type.  [90m[1m@typescript-eslint/no-explicit-any[22m[39m
2025-06-19T10:08:33.4092990Z [WebServer] [33m64[39m:[33m15[39m  [33m[1mWarning[22m[39m: Unexpected any. Specify a different type.  [90m[1m@typescript-eslint/no-explicit-any[22m[39m
2025-06-19T10:08:33.4095289Z [WebServer] [33m127[39m:[33m62[39m  [33m[1mWarning[22m[39m: Unexpected any. Specify a different type.  [90m[1m@typescript-eslint/no-explicit-any[22m[39m
2025-06-19T10:08:33.4097391Z [WebServer] [33m129[39m:[33m58[39m  [33m[1mWarning[22m[39m: Unexpected any. Specify a different type.  [90m[1m@typescript-eslint/no-explicit-any[22m[39m
2025-06-19T10:08:33.4098384Z [WebServer] 
2025-06-19T10:08:33.4099106Z [WebServer] [36m./lib/analytics/__tests__/event-schemas.test.ts[39m
2025-06-19T10:08:33.4100753Z [WebServer] [33m191[39m:[33m47[39m  [33m[1mWarning[22m[39m: Unexpected any. Specify a different type.  [90m[1m@typescript-eslint/no-explicit-any[22m[39m
2025-06-19T10:08:33.4103023Z [WebServer] [33m195[39m:[33m55[39m  [33m[1mWarning[22m[39m: Unexpected any. Specify a different type.  [90m[1m@typescript-eslint/no-explicit-any[22m[39m
2025-06-19T10:08:33.4104056Z [WebServer] 
2025-06-19T10:08:33.4104737Z [WebServer] [36m./lib/analytics/__tests__/hooks.test.tsx[39m
2025-06-19T10:08:33.4106032Z [WebServer] [33m70[39m:[33m7[39m  [33m[1mWarning[22m[39m: Unnecessary semicolon.  [90m[1mno-extra-semi[22m[39m
2025-06-19T10:08:33.4107569Z [WebServer] [33m100[39m:[33m7[39m  [33m[1mWarning[22m[39m: Unnecessary semicolon.  [90m[1mno-extra-semi[22m[39m
2025-06-19T10:08:33.4109422Z [WebServer] [33m157[39m:[33m24[39m  [33m[1mWarning[22m[39m: Unexpected any. Specify a different type.  [90m[1m@typescript-eslint/no-explicit-any[22m[39m
2025-06-19T10:08:33.4111560Z [WebServer] [33m159[39m:[33m41[39m  [33m[1mWarning[22m[39m: Unexpected any. Specify a different type.  [90m[1m@typescript-eslint/no-explicit-any[22m[39m
2025-06-19T10:08:33.4113833Z [WebServer] [33m178[39m:[33m39[39m  [33m[1mWarning[22m[39m: Unexpected any. Specify a different type.  [90m[1m@typescript-eslint/no-explicit-any[22m[39m
2025-06-19T10:08:33.4115912Z [WebServer] [33m182[39m:[33m50[39m  [33m[1mWarning[22m[39m: Unexpected any. Specify a different type.  [90m[1m@typescript-eslint/no-explicit-any[22m[39m
2025-06-19T10:08:33.4116894Z [WebServer] 
2025-06-19T10:08:33.4117511Z [WebServer] [36m./lib/analytics/analytics-manager.ts[39m
2025-06-19T10:08:33.4119077Z [WebServer] [33m7[39m:[33m3[39m  [33m[1mWarning[22m[39m: 'ConsentStatus' is defined but never used.  [90m[1m@typescript-eslint/no-unused-vars[22m[39m
2025-06-19T10:08:33.4120029Z [WebServer] 
2025-06-19T10:08:33.4120638Z [WebServer] [36m./lib/analytics/consent-loader.ts[39m
2025-06-19T10:08:33.4122320Z [WebServer] [33m16[39m:[33m7[39m  [33m[1mWarning[22m[39m: 'ANALYTICS_COOKIES' is assigned a value but never used.  [90m[1m@typescript-eslint/no-unused-vars[22m[39m
2025-06-19T10:08:33.4124598Z [WebServer] [33m68[39m:[33m15[39m  [33m[1mWarning[22m[39m: Unexpected any. Specify a different type.  [90m[1m@typescript-eslint/no-explicit-any[22m[39m
2025-06-19T10:08:33.4126649Z [WebServer] [33m68[39m:[33m46[39m  [33m[1mWarning[22m[39m: Unexpected any. Specify a different type.  [90m[1m@typescript-eslint/no-explicit-any[22m[39m
2025-06-19T10:08:33.4128687Z [WebServer] [33m71[39m:[33m15[39m  [33m[1mWarning[22m[39m: Unexpected any. Specify a different type.  [90m[1m@typescript-eslint/no-explicit-any[22m[39m
2025-06-19T10:08:33.4130741Z [WebServer] [33m72[39m:[33m15[39m  [33m[1mWarning[22m[39m: Unexpected any. Specify a different type.  [90m[1m@typescript-eslint/no-explicit-any[22m[39m
2025-06-19T10:08:33.4132772Z [WebServer] [33m124[39m:[33m5[39m  [33m[1mWarning[22m[39m: Unnecessary semicolon.  [90m[1mno-extra-semi[22m[39m
2025-06-19T10:08:33.4134855Z [WebServer] [33m124[39m:[33m17[39m  [33m[1mWarning[22m[39m: Unexpected any. Specify a different type.  [90m[1m@typescript-eslint/no-explicit-any[22m[39m
2025-06-19T10:08:33.4136613Z [WebServer] [33m131[39m:[33m5[39m  [33m[1mWarning[22m[39m: Unnecessary semicolon.  [90m[1mno-extra-semi[22m[39m
2025-06-19T10:08:33.4138680Z [WebServer] [33m131[39m:[33m17[39m  [33m[1mWarning[22m[39m: Unexpected any. Specify a different type.  [90m[1m@typescript-eslint/no-explicit-any[22m[39m
2025-06-19T10:08:33.4139658Z [WebServer] 
2025-06-19T10:08:33.4140187Z [WebServer] [36m./lib/analytics/hooks.ts[39m
2025-06-19T10:08:33.4141720Z [WebServer] [33m34[39m:[33m70[39m  [33m[1mWarning[22m[39m: Unexpected any. Specify a different type.  [90m[1m@typescript-eslint/no-explicit-any[22m[39m
2025-06-19T10:08:33.4143983Z [WebServer] [33m76[39m:[33m53[39m  [33m[1mWarning[22m[39m: Unexpected any. Specify a different type.  [90m[1m@typescript-eslint/no-explicit-any[22m[39m
2025-06-19T10:08:33.4146047Z [WebServer] [33m82[39m:[33m57[39m  [33m[1mWarning[22m[39m: Unexpected any. Specify a different type.  [90m[1m@typescript-eslint/no-explicit-any[22m[39m
2025-06-19T10:08:33.4148015Z [WebServer] [33m87[39m:[33m46[39m  [33m[1mWarning[22m[39m: Unexpected any. Specify a different type.  [90m[1m@typescript-eslint/no-explicit-any[22m[39m
2025-06-19T10:08:33.4149157Z [WebServer] [33m125[39m:[33m70[39m  [33m[1mWarning[22m[39m: Unexpected any. Specify a different type.  [90m[1m@typescript-eslint/no-explicit-any[22m[39m
2025-06-19T10:08:33.4149695Z [WebServer] 
2025-06-19T10:08:33.4150097Z [WebServer] [36m./lib/analytics/providers/__tests__/ga4.test.ts[39m
2025-06-19T10:08:33.4150981Z [WebServer] [33m19[39m:[33m16[39m  [33m[1mWarning[22m[39m: Unexpected any. Specify a different type.  [90m[1m@typescript-eslint/no-explicit-any[22m[39m
2025-06-19T10:08:33.4152075Z [WebServer] [33m30[39m:[33m23[39m  [33m[1mWarning[22m[39m: Unexpected any. Specify a different type.  [90m[1m@typescript-eslint/no-explicit-any[22m[39m
2025-06-19T10:08:33.4153344Z [WebServer] [33m169[39m:[33m25[39m  [33m[1mWarning[22m[39m: Unexpected any. Specify a different type.  [90m[1m@typescript-eslint/no-explicit-any[22m[39m
2025-06-19T10:08:33.4153893Z [WebServer] 
2025-06-19T10:08:33.4154308Z [WebServer] [36m./lib/analytics/providers/__tests__/posthog.test.ts[39m
2025-06-19T10:08:33.4155202Z [WebServer] [33m64[39m:[33m17[39m  [33m[1mWarning[22m[39m: Unexpected any. Specify a different type.  [90m[1m@typescript-eslint/no-explicit-any[22m[39m
2025-06-19T10:08:33.4156287Z [WebServer] [33m80[39m:[33m27[39m  [33m[1mWarning[22m[39m: Unexpected any. Specify a different type.  [90m[1m@typescript-eslint/no-explicit-any[22m[39m
2025-06-19T10:08:33.4157364Z [WebServer] [33m81[39m:[33m25[39m  [33m[1mWarning[22m[39m: Unexpected any. Specify a different type.  [90m[1m@typescript-eslint/no-explicit-any[22m[39m
2025-06-19T10:08:33.4158449Z [WebServer] [33m132[39m:[33m21[39m  [33m[1mWarning[22m[39m: Unexpected any. Specify a different type.  [90m[1m@typescript-eslint/no-explicit-any[22m[39m
2025-06-19T10:08:33.4159629Z [WebServer] [33m162[39m:[33m21[39m  [33m[1mWarning[22m[39m: Unexpected any. Specify a different type.  [90m[1m@typescript-eslint/no-explicit-any[22m[39m
2025-06-19T10:08:33.4161031Z [WebServer] [33m193[39m:[33m21[39m  [33m[1mWarning[22m[39m: Unexpected any. Specify a different type.  [90m[1m@typescript-eslint/no-explicit-any[22m[39m
2025-06-19T10:08:33.4162378Z [WebServer] [33m220[39m:[33m21[39m  [33m[1mWarning[22m[39m: Unexpected any. Specify a different type.  [90m[1m@typescript-eslint/no-explicit-any[22m[39m
2025-06-19T10:08:33.4163756Z [WebServer] [33m233[39m:[33m21[39m  [33m[1mWarning[22m[39m: Unexpected any. Specify a different type.  [90m[1m@typescript-eslint/no-explicit-any[22m[39m
2025-06-19T10:08:33.4165399Z [WebServer] [33m268[39m:[33m21[39m  [33m[1mWarning[22m[39m: Unexpected any. Specify a different type.  [90m[1m@typescript-eslint/no-explicit-any[22m[39m
2025-06-19T10:08:33.4166536Z [WebServer] [33m287[39m:[33m21[39m  [33m[1mWarning[22m[39m: Unexpected any. Specify a different type.  [90m[1m@typescript-eslint/no-explicit-any[22m[39m
2025-06-19T10:08:33.4167737Z [WebServer] [33m315[39m:[33m21[39m  [33m[1mWarning[22m[39m: Unexpected any. Specify a different type.  [90m[1m@typescript-eslint/no-explicit-any[22m[39m
2025-06-19T10:08:33.4168825Z [WebServer] [33m344[39m:[33m21[39m  [33m[1mWarning[22m[39m: Unexpected any. Specify a different type.  [90m[1m@typescript-eslint/no-explicit-any[22m[39m
2025-06-19T10:08:33.4169358Z [WebServer] 
2025-06-19T10:08:33.4169690Z [WebServer] [36m./lib/analytics/providers/ga4.ts[39m
2025-06-19T10:08:33.4170576Z [WebServer] [33m28[39m:[33m42[39m  [33m[1mWarning[22m[39m: Unexpected any. Specify a different type.  [90m[1m@typescript-eslint/no-explicit-any[22m[39m
2025-06-19T10:08:33.4171677Z [WebServer] [33m122[39m:[33m21[39m  [33m[1mWarning[22m[39m: Unexpected any. Specify a different type.  [90m[1m@typescript-eslint/no-explicit-any[22m[39m
2025-06-19T10:08:33.4172770Z [WebServer] [33m125[39m:[33m34[39m  [33m[1mWarning[22m[39m: Unexpected any. Specify a different type.  [90m[1m@typescript-eslint/no-explicit-any[22m[39m
2025-06-19T10:08:33.4173442Z [WebServer] 
2025-06-19T10:08:33.4173787Z [WebServer] [36m./lib/analytics/providers/posthog.ts[39m
2025-06-19T10:08:33.4174593Z [WebServer] [33m83[39m:[33m14[39m  [33m[1mWarning[22m[39m: 'error' is defined but never used.  [90m[1m@typescript-eslint/no-unused-vars[22m[39m
2025-06-19T10:08:33.4175084Z [WebServer] 
2025-06-19T10:08:33.4175373Z [WebServer] [36m./lib/analytics/types.ts[39m
2025-06-19T10:08:33.4176194Z [WebServer] [33m2[39m:[33m18[39m  [33m[1mWarning[22m[39m: Unexpected any. Specify a different type.  [90m[1m@typescript-eslint/no-explicit-any[22m[39m
2025-06-19T10:08:33.4176722Z [WebServer] 
2025-06-19T10:08:33.4177043Z [WebServer] [36m./lib/context/ABTestingContext.tsx[39m
2025-06-19T10:08:33.4177920Z [WebServer] [33m25[39m:[33m3[39m  [33m[1mWarning[22m[39m: 'getVariantAssignment' is defined but never used.  [90m[1m@typescript-eslint/no-unused-vars[22m[39m
2025-06-19T10:08:33.4179042Z [WebServer] [33m62[39m:[33m31[39m  [33m[1mWarning[22m[39m: Unexpected any. Specify a different type.  [90m[1m@typescript-eslint/no-explicit-any[22m[39m
2025-06-19T10:08:33.4180135Z [WebServer] [33m139[39m:[33m54[39m  [33m[1mWarning[22m[39m: Unexpected any. Specify a different type.  [90m[1m@typescript-eslint/no-explicit-any[22m[39m
2025-06-19T10:08:33.4181227Z [WebServer] [33m249[39m:[33m58[39m  [33m[1mWarning[22m[39m: Unexpected any. Specify a different type.  [90m[1m@typescript-eslint/no-explicit-any[22m[39m
2025-06-19T10:08:33.4181758Z [WebServer] 
2025-06-19T10:08:33.4182109Z [WebServer] [36m./lib/cookies/__tests__/consent.test.ts[39m
2025-06-19T10:08:33.4183135Z [WebServer] [33m84[39m:[33m25[39m  [33m[1mWarning[22m[39m: Unexpected any. Specify a different type.  [90m[1m@typescript-eslint/no-explicit-any[22m[39m
2025-06-19T10:08:33.4184232Z [WebServer] [33m193[39m:[33m25[39m  [33m[1mWarning[22m[39m: Unexpected any. Specify a different type.  [90m[1m@typescript-eslint/no-explicit-any[22m[39m
2025-06-19T10:08:33.4184760Z [WebServer] 
2025-06-19T10:08:33.4185030Z [WebServer] [36m./lib/db/queries.ts[39m
2025-06-19T10:08:33.4185796Z [WebServer] [33m1[39m:[33m10[39m  [33m[1mWarning[22m[39m: 'prisma' is defined but never used.  [90m[1m@typescript-eslint/no-unused-vars[22m[39m
2025-06-19T10:08:33.4186292Z [WebServer] 
2025-06-19T10:08:33.4186633Z [WebServer] [36m./lib/design-system/animations.test.ts[39m
2025-06-19T10:08:33.4187632Z [WebServer] [33m24[39m:[33m40[39m  [33m[1mWarning[22m[39m: Unexpected any. Specify a different type.  [90m[1m@typescript-eslint/no-explicit-any[22m[39m
2025-06-19T10:08:33.4188167Z [WebServer] 
2025-06-19T10:08:33.4188501Z [WebServer] [36m./lib/email/__tests__/queue.test.ts[39m
2025-06-19T10:08:33.4189377Z [WebServer] [33m123[39m:[33m13[39m  [33m[1mWarning[22m[39m: 'initialDelay' is assigned a value but never used.  [90m[1m@typescript-eslint/no-unused-vars[22m[39m
2025-06-19T10:08:33.4190740Z [WebServer] [33m179[39m:[33m13[39m  [33m[1mWarning[22m[39m: 'id2' is assigned a value but never used.  [90m[1m@typescript-eslint/no-unused-vars[22m[39m
2025-06-19T10:08:33.4192613Z [WebServer] [33m248[39m:[33m13[39m  [33m[1mWarning[22m[39m: 'id2' is assigned a value but never used.  [90m[1m@typescript-eslint/no-unused-vars[22m[39m
2025-06-19T10:08:33.4194529Z [WebServer] [33m256[39m:[33m13[39m  [33m[1mWarning[22m[39m: 'id3' is assigned a value but never used.  [90m[1m@typescript-eslint/no-unused-vars[22m[39m
2025-06-19T10:08:33.4195323Z [WebServer] 
2025-06-19T10:08:33.4195826Z [WebServer] [36m./lib/email/email-service.ts[39m
2025-06-19T10:08:33.4197204Z [WebServer] [33m89[39m:[33m19[39m  [33m[1mWarning[22m[39m: Unexpected any. Specify a different type.  [90m[1m@typescript-eslint/no-explicit-any[22m[39m
2025-06-19T10:08:33.4198082Z [WebServer] 
2025-06-19T10:08:33.4198536Z [WebServer] [36m./lib/email/queue.ts[39m
2025-06-19T10:08:33.4199815Z [WebServer] [33m8[39m:[33m3[39m  [33m[1mWarning[22m[39m: 'EmailStatus' is defined but never used.  [90m[1m@typescript-eslint/no-unused-vars[22m[39m
2025-06-19T10:08:33.4200597Z [WebServer] 
2025-06-19T10:08:33.4201175Z [WebServer] [36m./lib/email/templates/orderConfirmation.ts[39m
2025-06-19T10:08:33.4202527Z [WebServer] [33m1[39m:[33m24[39m  [33m[1mWarning[22m[39m: 'emailButton' is defined but never used.  [90m[1m@typescript-eslint/no-unused-vars[22m[39m
2025-06-19T10:08:33.4203494Z [WebServer] 
2025-06-19T10:08:33.4204050Z [WebServer] [36m./lib/email/templates/welcomeEmail.ts[39m
2025-06-19T10:08:33.4205415Z [WebServer] [33m1[39m:[33m24[39m  [33m[1mWarning[22m[39m: 'emailButton' is defined but never used.  [90m[1m@typescript-eslint/no-unused-vars[22m[39m
2025-06-19T10:08:33.4206240Z [WebServer] 
2025-06-19T10:08:33.4206702Z [WebServer] [36m./lib/email/types.ts[39m
2025-06-19T10:08:33.4208074Z [WebServer] [33m1[39m:[33m15[39m  [33m[1mWarning[22m[39m: 'MailDataRequired' is defined but never used.  [90m[1m@typescript-eslint/no-unused-vars[22m[39m
2025-06-19T10:08:33.4208966Z [WebServer] 
2025-06-19T10:08:33.4209530Z [WebServer] [36m./lib/help/__tests__/faq-service.test.ts[39m
2025-06-19T10:08:33.4210934Z [WebServer] [33m3[39m:[33m20[39m  [33m[1mWarning[22m[39m: 'GENERAL_FAQS' is defined but never used.  [90m[1m@typescript-eslint/no-unused-vars[22m[39m
2025-06-19T10:08:33.4212757Z [WebServer] [33m3[39m:[33m34[39m  [33m[1mWarning[22m[39m: 'PURCHASE_FAQS' is defined but never used.  [90m[1m@typescript-eslint/no-unused-vars[22m[39m
2025-06-19T10:08:33.4213807Z [WebServer] 
2025-06-19T10:08:33.4214300Z [WebServer] [36m./lib/help/faq-service.ts[39m
2025-06-19T10:08:33.4215560Z [WebServer] [33m10[39m:[33m3[39m  [33m[1mWarning[22m[39m: 'FAQCategory' is defined but never used.  [90m[1m@typescript-eslint/no-unused-vars[22m[39m
2025-06-19T10:08:33.4217314Z [WebServer] [33m14[39m:[33m3[39m  [33m[1mWarning[22m[39m: 'getFAQsByContext' is defined but never used.  [90m[1m@typescript-eslint/no-unused-vars[22m[39m
2025-06-19T10:08:33.4218803Z [WebServer] [33m171[39m:[33m63[39m  [33m[1mWarning[22m[39m: Unexpected any. Specify a different type.  [90m[1m@typescript-eslint/no-explicit-any[22m[39m
2025-06-19T10:08:33.4219348Z [WebServer] 
2025-06-19T10:08:33.4219622Z [WebServer] [36m./lib/help/types.ts[39m
2025-06-19T10:08:33.4220443Z [WebServer] [33m100[39m:[33m11[39m  [33m[1mWarning[22m[39m: Unexpected any. Specify a different type.  [90m[1m@typescript-eslint/no-explicit-any[22m[39m
2025-06-19T10:08:33.4221772Z [WebServer] [33m101[39m:[33m12[39m  [33m[1mWarning[22m[39m: Unexpected any. Specify a different type.  [90m[1m@typescript-eslint/no-explicit-any[22m[39m
2025-06-19T10:08:33.4223093Z [WebServer] [33m102[39m:[33m10[39m  [33m[1mWarning[22m[39m: Unexpected any. Specify a different type.  [90m[1m@typescript-eslint/no-explicit-any[22m[39m
2025-06-19T10:08:33.4223790Z [WebServer] 
2025-06-19T10:08:33.4224214Z [WebServer] [36m./lib/monitoring/__tests__/api-middleware.test.ts[39m
2025-06-19T10:08:33.4225119Z [WebServer] [33m77[39m:[33m62[39m  [33m[1mWarning[22m[39m: Unexpected any. Specify a different type.  [90m[1m@typescript-eslint/no-explicit-any[22m[39m
2025-06-19T10:08:33.4226205Z [WebServer] [33m93[39m:[33m52[39m  [33m[1mWarning[22m[39m: Unexpected any. Specify a different type.  [90m[1m@typescript-eslint/no-explicit-any[22m[39m
2025-06-19T10:08:33.4227306Z [WebServer] [33m126[39m:[33m45[39m  [33m[1mWarning[22m[39m: Unexpected any. Specify a different type.  [90m[1m@typescript-eslint/no-explicit-any[22m[39m
2025-06-19T10:08:33.4227838Z [WebServer] 
2025-06-19T10:08:33.4228136Z [WebServer] [36m./lib/monitoring/alerts.ts[39m
2025-06-19T10:08:33.4228964Z [WebServer] [33m8[39m:[33m29[39m  [33m[1mWarning[22m[39m: Unexpected any. Specify a different type.  [90m[1m@typescript-eslint/no-explicit-any[22m[39m
2025-06-19T10:08:33.4229491Z [WebServer] 
2025-06-19T10:08:33.4229821Z [WebServer] [36m./lib/monitoring/api-middleware.ts[39m
2025-06-19T10:08:33.4230651Z [WebServer] [33m1[39m:[33m10[39m  [33m[1mWarning[22m[39m: 'NextRequest' is defined but never used.  [90m[1m@typescript-eslint/no-unused-vars[22m[39m
2025-06-19T10:08:33.4231728Z [WebServer] [33m12[39m:[33m18[39m  [33m[1mWarning[22m[39m: Unexpected any. Specify a different type.  [90m[1m@typescript-eslint/no-explicit-any[22m[39m
2025-06-19T10:08:33.4232979Z [WebServer] [33m12[39m:[33m34[39m  [33m[1mWarning[22m[39m: Unexpected any. Specify a different type.  [90m[1m@typescript-eslint/no-explicit-any[22m[39m
2025-06-19T10:08:33.4234195Z [WebServer] [33m22[39m:[33m22[39m  [33m[1mWarning[22m[39m: Unexpected any. Specify a different type.  [90m[1m@typescript-eslint/no-explicit-any[22m[39m
2025-06-19T10:08:33.4235244Z [WebServer] [33m25[39m:[33m27[39m  [33m[1mWarning[22m[39m: 'status' is defined but never used.  [90m[1m@typescript-eslint/no-unused-vars[22m[39m
2025-06-19T10:08:33.4236250Z [WebServer] [33m26[39m:[33m21[39m  [33m[1mWarning[22m[39m: 'key' is defined but never used.  [90m[1m@typescript-eslint/no-unused-vars[22m[39m
2025-06-19T10:08:33.4237243Z [WebServer] [33m26[39m:[33m34[39m  [33m[1mWarning[22m[39m: 'value' is defined but never used.  [90m[1m@typescript-eslint/no-unused-vars[22m[39m
2025-06-19T10:08:33.4238292Z [WebServer] [33m26[39m:[33m41[39m  [33m[1mWarning[22m[39m: Unexpected any. Specify a different type.  [90m[1m@typescript-eslint/no-explicit-any[22m[39m
2025-06-19T10:08:33.4239391Z [WebServer] [33m134[39m:[33m54[39m  [33m[1mWarning[22m[39m: Unexpected any. Specify a different type.  [90m[1m@typescript-eslint/no-explicit-any[22m[39m
2025-06-19T10:08:33.4240484Z [WebServer] [33m134[39m:[33m72[39m  [33m[1mWarning[22m[39m: Unexpected any. Specify a different type.  [90m[1m@typescript-eslint/no-explicit-any[22m[39m
2025-06-19T10:08:33.4241595Z [WebServer] [33m185[39m:[33m11[39m  [33m[1mWarning[22m[39m: 'startTime' is assigned a value but never used.  [90m[1m@typescript-eslint/no-unused-vars[22m[39m
2025-06-19T10:08:33.4242125Z [WebServer] 
2025-06-19T10:08:33.4242428Z [WebServer] [36m./lib/monitoring/datadog.ts[39m
2025-06-19T10:08:33.4243430Z [WebServer] [33m31[39m:[33m25[39m  [33m[1mWarning[22m[39m: 'context' is defined but never used.  [90m[1m@typescript-eslint/no-unused-vars[22m[39m
2025-06-19T10:08:33.4244445Z [WebServer] [33m58[39m:[33m18[39m  [33m[1mWarning[22m[39m: 'log' is defined but never used.  [90m[1m@typescript-eslint/no-unused-vars[22m[39m
2025-06-19T10:08:33.4245597Z [WebServer] [33m58[39m:[33m23[39m  [33m[1mWarning[22m[39m: 'context' is defined but never used.  [90m[1m@typescript-eslint/no-unused-vars[22m[39m
2025-06-19T10:08:33.4246719Z [WebServer] [33m69[39m:[33m67[39m  [33m[1mWarning[22m[39m: Unexpected[WebServer]  any. Specify a different type.  [90m[1m@typescript-eslint/no-explicit-any[22m[39m
2025-06-19T10:08:33.4247957Z [WebServer] [33m73[39m:[33m70[39m  [33m[1mWarning[22m[39m: Unexpected any. Specify a different type.  [90m[1m@typescript-eslint/no-explicit-any[22m[39m
2025-06-19T10:08:33.4249045Z [WebServer] [33m80[39m:[33m28[39m  [33m[1mWarning[22m[39m: Unexpected any. Specify a different type.  [90m[1m@typescript-eslint/no-explicit-any[22m[39m
2025-06-19T10:08:33.4250140Z [WebServer] [33m131[39m:[33m68[39m  [33m[1mWarning[22m[39m: Unexpected any. Specify a different type.  [90m[1m@typescript-eslint/no-explicit-any[22m[39m
2025-06-19T10:08:33.4250677Z [WebServer] 
2025-06-19T10:08:33.4250982Z [WebServer] [36m./lib/monitoring/hooks.ts[39m
2025-06-19T10:08:33.4252727Z [WebServer] [33m49[39m:[33m30[39m  [33m[1mWarning[22m[39m: The ref value 'renderCount.current' will likely have changed by the time this effect cleanup function runs. If this ref points to a node rendered by React, copy 'renderCount.current' to a variable inside the effect, and use that variable in the cleanup function.  [90m[1mreact-hooks/exhaustive-deps[22m[39m
2025-06-19T10:08:33.4255670Z [WebServer] [33m50[39m:[33m42[39m  [33m[1mWarning[22m[39m: The ref value 'mountTime.current' will likely have changed by the time this effect cleanup function runs. If this ref points to a node rendered by React, copy 'mountTime.current' to a variable inside the effect, and use that variable in the cleanup function.  [90m[1mreact-hooks/exhaustive-deps[22m[39m
2025-06-19T10:08:33.4257356Z [WebServer] [33m58[39m:[33m37[39m  [33m[1mWarning[22m[39m: Unexpected any. Specify a different type.  [90m[1m@typescript-eslint/no-explicit-any[22m[39m
2025-06-19T10:08:33.4258458Z [WebServer] [33m141[39m:[33m62[39m  [33m[1mWarning[22m[39m: Unexpected any. Specify a different type.  [90m[1m@typescript-eslint/no-explicit-any[22m[39m
2025-06-19T10:08:33.4259551Z [WebServer] [33m186[39m:[33m32[39m  [33m[1mWarning[22m[39m: Unexpected any. Specify a different type.  [90m[1m@typescript-eslint/no-explicit-any[22m[39m
2025-06-19T10:08:33.4260686Z [WebServer] [33m195[39m:[33m28[39m  [33m[1mWarning[22m[39m: Unexpected any. Specify a different type.  [90m[1m@typescript-eslint/no-explicit-any[22m[39m
2025-06-19T10:08:33.4262392Z [WebServer] [33m207[39m:[33m24[39m  [33m[1mWarning[22m[39m: Unexpected any. Specify a different type.  [90m[1m@typescript-eslint/no-explicit-any[22m[39m
2025-06-19T10:08:33.4264725Z [WebServer] [33m208[39m:[33m28[39m  [33m[1mWarning[22m[39m: Unexpected any. Specify a different type.  [90m[1m@typescript-eslint/no-explicit-any[22m[39m
2025-06-19T10:08:33.4266733Z [WebServer] [33m221[39m:[33m14[39m  [33m[1mWarning[22m[39m: 'e' is defined but never used.  [90m[1m@typescript-eslint/no-unused-vars[22m[39m
2025-06-19T10:08:33.4267649Z [WebServer] 
2025-06-19T10:08:33.4268237Z [WebServer] [36m./lib/monitoring/index.ts[39m
2025-06-19T10:08:33.4269856Z [WebServer] [33m15[39m:[33m69[39m  [33m[1mWarning[22m[39m: Unexpected any. Specify a different type.  [90m[1m@typescript-eslint/no-explicit-any[22m[39m
2025-06-19T10:08:33.4271902Z [WebServer] [33m36[39m:[33m19[39m  [33m[1mWarning[22m[39m: 'status' is defined but never used.  [90m[1m@typescript-eslint/no-unused-vars[22m[39m
2025-06-19T10:08:33.4274049Z [WebServer] [33m37[39m:[33m17[39m  [33m[1mWarning[22m[39m: 'key' is defined but never used.  [90m[1m@typescript-eslint/no-unused-vars[22m[39m
2025-06-19T10:08:33.4276168Z [WebServer] [33m37[39m:[33m30[39m  [33m[1mWarning[22m[39m: 'value' is defined but never used.  [90m[1m@typescript-eslint/no-unused-vars[22m[39m
2025-06-19T10:08:33.4278193Z [WebServer] [33m37[39m:[33m37[39m  [33m[1mWarning[22m[39m: Unexpected any. Specify a different type.  [90m[1m@typescript-eslint/no-explicit-any[22m[39m
2025-06-19T10:08:33.4280172Z [WebServer] [33m39[39m:[33m20[39m  [33m[1mWarning[22m[39m: 'options' is defined but never used.  [90m[1m@typescript-eslint/no-unused-vars[22m[39m
2025-06-19T10:08:33.4282355Z [WebServer] [33m39[39m:[33m29[39m  [33m[1mWarning[22m[39m: Unexpected any. Specify a different type.  [90m[1m@typescript-eslint/no-explicit-any[22m[39m
2025-06-19T10:08:33.4284528Z [WebServer] [33m40[39m:[33m21[39m  [33m[1mWarning[22m[39m: 'status' is defined but never used.  [90m[1m@typescript-eslint/no-unused-vars[22m[39m
2025-06-19T10:08:33.4286523Z [WebServer] [33m74[39m:[33m64[39m  [33m[1mWarning[22m[39m: Unexpected any. Specify a different type.  [90m[1m@typescript-eslint/no-explicit-any[22m[39m
2025-06-19T10:08:33.4288596Z [WebServer] [33m98[39m:[33m68[39m  [33m[1mWarning[22m[39m: Unexpected any. Specify a different type.  [90m[1m@typescript-eslint/no-explicit-any[22m[39m
2025-06-19T10:08:33.4289568Z [WebServer] 
2025-06-19T10:08:33.4290308Z [WebServer] [36m./lib/purchase/__tests__/purchase-service.test.ts[39m
2025-06-19T10:08:33.4292002Z [WebServer] [33m8[39m:[33m10[39m  [33m[1mWarning[22m[39m: 'generateUTMToken' is defined but never used.  [90m[1m@typescript-eslint/no-unused-vars[22m[39m
2025-06-19T10:08:33.4294283Z [WebServer] [33m8[39m:[33m28[39m  [33m[1mWarning[22m[39m: 'createUTMParameter' is defined but never used.  [90m[1m@typescript-eslint/no-unused-vars[22m[39m
2025-06-19T10:08:33.4296346Z [WebServer] [33m70[39m:[33m13[39m  [33m[1mWarning[22m[39m: 'mockToken' is assigned a value but never used.  [90m[1m@typescript-eslint/no-unused-vars[22m[39m
2025-06-19T10:08:33.4298016Z [WebServer] [33m96[39m:[33m7[39m  [33m[1mWarning[22m[39m: Unnecessary semicolon.  [90m[1mno-extra-semi[22m[39m
2025-06-19T10:08:33.4299502Z [WebServer] [33m110[39m:[33m7[39m  [33m[1mWarning[22m[39m: Unnecessary semicolon.  [90m[1mno-extra-semi[22m[39m
2025-06-19T10:08:33.4300996Z [WebServer] [33m132[39m:[33m7[39m  [33m[1mWarning[22m[39m: Unnecessary semicolon.  [90m[1mno-extra-semi[22m[39m
2025-06-19T10:08:33.4302508Z [WebServer] [33m182[39m:[33m7[39m  [33m[1mWarning[22m[39m: Unnecessary semicolon.  [90m[1mno-extra-semi[22m[39m
2025-06-19T10:08:33.4304181Z [WebServer] [33m197[39m:[33m7[39m  [33m[1mWarning[22m[39m: Unnecessary semicolon.  [90m[1mno-extra-semi[22m[39m
2025-06-19T10:08:33.4305717Z [WebServer] [33m218[39m:[33m7[39m  [33m[1mWarning[22m[39m: Unnecessary semicolon.  [90m[1mno-extra-semi[22m[39m
2025-06-19T10:08:33.4306500Z [WebServer] 
2025-06-19T10:08:33.4307160Z [WebServer] [36m./lib/purchase/purchase-service-dev.ts[39m
2025-06-19T10:08:33.4308675Z [WebServer] [33m137[39m:[33m3[39m  [33m[1mWarning[22m[39m: 'utm' is defined but never used.  [90m[1m@typescript-eslint/no-unused-vars[22m[39m
2025-06-19T10:08:33.4310656Z [WebServer] [33m177[39m:[33m46[39m  [33m[1mWarning[22m[39m: Unexpected any. Specify a different type.  [90m[1m@typescript-eslint/no-explicit-any[22m[39m
2025-06-19T10:08:33.4311633Z [WebServer] 
2025-06-19T10:08:33.4312284Z [WebServer] [36m./lib/stripe/__tests__/checkout.test.ts[39m
2025-06-19T10:08:33.4314083Z [WebServer] [33m115[39m:[33m20[39m  [33m[1mWarning[22m[39m: Unexpected any. Specify a different type.  [90m[1m@typescript-eslint/no-explicit-any[22m[39m
2025-06-19T10:08:33.4316196Z [WebServer] [33m182[39m:[33m53[39m  [33m[1mWarning[22m[39m: Unexpected any. Specify a different type.  [90m[1m@typescript-eslint/no-explicit-any[22m[39m
2025-06-19T10:08:33.4318262Z [WebServer] [33m187[39m:[33m55[39m  [33m[1mWarning[22m[39m: Unexpected any. Specify a different type.  [90m[1m@typescript-eslint/no-explicit-any[22m[39m
2025-06-19T10:08:33.4319221Z [WebServer] 
2025-06-19T10:08:33.4320075Z [WebServer] [36m./lib/stripe/__tests__/utils.test.ts[39m
2025-06-19T10:08:33.4321871Z [WebServer] [33m31[39m:[33m7[39m  [33m[1mWarning[22m[39m: 'MockStripeInvalidRequestError' is defined but never used.  [90m[1m@typescript-eslint/no-unused-vars[22m[39m
2025-06-19T10:08:33.4323296Z [WebServer] 
2025-06-19T10:08:33.4323805Z [WebServer] [36m./lib/stripe/utils.ts[39m
2025-06-19T10:08:33.4325328Z [WebServer] [33m81[39m:[33m11[39m  [33m[1mWarning[22m[39m: Unexpected any. Specify a different type.  [90m[1m@typescript-eslint/no-explicit-any[22m[39m
2025-06-19T10:08:33.4327383Z [WebServer] [33m86[39m:[33m41[39m  [33m[1mWarning[22m[39m: Unexpected any. Specify a different type.  [90m[1m@typescript-eslint/no-explicit-any[22m[39m
2025-06-19T10:08:33.4329444Z [WebServer] [33m90[39m:[33m36[39m  [33m[1mWarning[22m[39m: Unexpected any. Specify a different type.  [90m[1m@typescript-eslint/no-explicit-any[22m[39m
2025-06-19T10:08:33.4330400Z [WebServer] 
2025-06-19T10:08:33.4331016Z [WebServer] [36m./lib/utm/__tests__/storage.test.ts[39m
2025-06-19T10:08:33.4332266Z [WebServer] [33m88[39m:[33m7[39m  [33m[1mWarning[22m[39m: Unnecessary semicolon.  [90m[1mno-extra-semi[22m[39m
2025-06-19T10:08:33.4333959Z [WebServer] [33m122[39m:[33m7[39m  [33m[1mWarning[22m[39m: Unnecessary semicolon.  [90m[1mno-extra-semi[22m[39m
2025-06-19T10:08:33.4335474Z [WebServer] [33m134[39m:[33m7[39m  [33m[1mWarning[22m[39m: Unnecessary semicolon.  [90m[1mno-extra-semi[22m[39m
2025-06-19T10:08:33.4337024Z [WebServer] [33m144[39m:[33m7[39m  [33m[1mWarning[22m[39m: Unnecessary semicolon.  [90m[1mno-extra-semi[22m[39m
2025-06-19T10:08:33.4338577Z [WebServer] [33m156[39m:[33m7[39m  [33m[1mWarning[22m[39m: Unnecessary semicolon.  [90m[1mno-extra-semi[22m[39m
2025-06-19T10:08:33.4340119Z [WebServer] [33m174[39m:[33m7[39m  [33m[1mWarning[22m[39m: Unnecessary semicolon.  [90m[1mno-extra-semi[22m[39m
2025-06-19T10:08:33.4340875Z [WebServer] 
2025-06-19T10:08:33.4341371Z [WebServer] [36m./lib/utm/crypto.ts[39m
2025-06-19T10:08:33.4342972Z [WebServer] [33m181[39m:[33m12[39m  [33m[1mWarning[22m[39m: 'error' is defined but never used.  [90m[1m@typescript-eslint/no-unused-vars[22m[39m
2025-06-19T10:08:33.4344900Z [WebServer] [33m204[39m:[33m12[39m  [33m[1mWarning[22m[39m: 'error' is defined but never used.  [90m[1m@typescript-eslint/no-unused-vars[22m[39m
2025-06-19T10:08:33.4345802Z [WebServer] 
2025-06-19T10:08:33.4346284Z [WebServer] [36m./lib/utm/hooks.ts[39m
2025-06-19T10:08:33.4347684Z [WebServer] [33m72[39m:[33m16[39m  [33m[1mWarning[22m[39m: 'error' is defined but never used.  [90m[1m@typescript-eslint/no-unused-vars[22m[39m
2025-06-19T10:08:33.4348582Z [WebServer] 
2025-06-19T10:08:33.4349070Z [WebServer] [36m./lib/utm/storage.ts[39m
2025-06-19T10:08:33.4350563Z [WebServer] [33m57[39m:[33m13[39m  [33m[1mWarning[22m[39m: 'result' is assigned a value but never used.  [90m[1m@typescript-eslint/no-unused-vars[22m[39m
2025-06-19T10:08:33.4352499Z [WebServer] [33m68[39m:[33m14[39m  [33m[1mWarning[22m[39m: 'error' is defined but never used.  [90m[1m@typescript-eslint/no-unused-vars[22m[39m
2025-06-19T10:08:33.4353568Z [WebServer] 
2025-06-19T10:08:33.4354204Z [WebServer] [36m./lib/waitlist/domain-validation.ts[39m
2025-06-19T10:08:33.4355866Z [WebServer] [33m342[39m:[33m17[39m  [33m[1mWarning[22m[39m: 'responseTime' is assigned a value but never used.  [90m[1m@typescript-eslint/no-unused-vars[22m[39m
2025-06-19T10:08:33.4357784Z [WebServer] [33m351[39m:[33m16[39m  [33m[1mWarning[22m[39m: 'error' is defined but never used.  [90m[1m@typescript-eslint/no-unused-vars[22m[39m
2025-06-19T10:08:33.4358629Z [WebServer] 
2025-06-19T10:08:33.4359882Z [WebServer] [36minfo[39m  - Need to disable some ESLint rules? Learn more here: https://nextjs.org/docs/basic-features/eslint#disabling-rules
2025-06-19T10:08:39.8758057Z [WebServer]  [37m[1m [22m[39m Collecting page data ...
2025-06-19T10:08:44.2597439Z [WebServer]  [37m[1m [22m[39m Generating static pages (0/37) ...
2025-06-19T10:08:45.6918490Z [WebServer]  [37m[1m [22m[39m Generating static pages (9/37) 
2025-06-19T10:08:46.2430837Z [WebServer] Datadog Browser SDK: SDK is loaded more than once. This is unsupported and might have unexpected behavior.
2025-06-19T10:08:46.2433393Z [WebServer] Datadog Browser SDK: SDK is loaded more than once. This is unsupported and might have unexpected behavior.
2025-06-19T10:08:46.2437298Z [WebServer] Datadog Browser SDK: SDK is loaded more than once. This is unsupported and might have unexpected behavior.
2025-06-19T10:08:46.2438661Z [WebServer] Datadog Browser SDK: SDK is loaded more than once. This is unsupported and might have unexpected behavior.
2025-06-19T10:08:46.2439647Z [WebServer] Datadog Browser SDK: SDK is loaded more than once. This is unsupported and might have unexpected behavior.
2025-06-19T10:08:46.2440644Z [WebServer] Datadog Browser SDK: SDK is loaded more than once. This is unsupported and might have unexpected behavior.
2025-06-19T10:08:46.3912401Z [WebServer]  [37m[1m [22m[39m Generating static pages (18/37) 
2025-06-19T10:08:46.6080470Z [WebServer]  [37m[1m [22m[39m Generating static pages (27/37) 
2025-06-19T10:08:46.7325423Z [WebServer]  [32m[1m✓[22m[39m Generating static pages (37/37)
2025-06-19T10:08:47.3166524Z [WebServer]  [37m[1m [22m[39m Finalizing page optimization ...
2025-06-19T10:08:47.3167532Z [WebServer]  [37m[1m [22m[39m Collecting build traces ...
2025-06-19T10:08:52.7276090Z [WebServer] 
2025-06-19T10:08:52.7380046Z [WebServer] [4mRoute (app)[24m                              [4mSize[24m     [4mFirst Load JS[24m
2025-06-19T10:08:52.7381237Z [WebServer] ┌ ○ /                                    4.97 kB         [37m[1m268 kB[22m[39m
2025-06-19T10:08:52.7382297Z [WebServer] ├ ○ /_not-found                          1.02 kB         [37m[1m192 kB[22m[39m
2025-06-19T10:08:52.7383637Z [WebServer] ├ ○ /analytics                           3.93 kB         [37m[1m240 kB[22m[39m
2025-06-19T10:08:52.7384701Z [WebServer] ├ ƒ /api/analytics/track                 0 B                [37m[1m0 B[22m[39m
2025-06-19T10:08:52.7385591Z [WebServer] ├ ƒ /api/cron/abandoned-cart             0 B                [37m[1m0 B[22m[39m
2025-06-19T10:08:52.7386367Z [WebServer] ├ ƒ /api/dev/generate-utm                0 B                [37m[1m0 B[22m[39m
2025-06-19T10:08:52.7387050Z [WebServer] ├ ƒ /api/health                          0 B                [37m[1m0 B[22m[39m
2025-06-19T10:08:52.7387764Z [WebServer] ├ ƒ /api/sendgrid/webhook                0 B                [37m[1m0 B[22m[39m
2025-06-19T10:08:52.7388492Z [WebServer] ├ ƒ /api/stripe/recover-session          0 B                [37m[1m0 B[22m[39m
2025-06-19T10:08:52.7389196Z [WebServer] ├ ƒ /api/stripe/webhook                  0 B                [37m[1m0 B[22m[39m
2025-06-19T10:08:52.7389840Z [WebServer] ├ ƒ /api/test-monitoring                 0 B                [37m[1m0 B[22m[39m
2025-06-19T10:08:52.7390462Z [WebServer] ├ ƒ /api/validate-utm                    0 B                [37m[1m0 B[22m[39m
2025-06-19T10:08:52.7391053Z [WebServer] ├ ƒ /api/waitlist                        0 B                [37m[1m0 B[22m[39m
2025-06-19T10:08:52.7391697Z [WebServer] ├ ƒ /api/waitlist/validate-domain        0 B                [37m[1m0 B[22m[39m
2025-06-19T10:08:52.7392324Z [WebServer] ├ ○ /carbon-test                         1.23 kB         [37m[1m192 kB[22m[39m
2025-06-19T10:08:52.7393128Z [WebServer] ├ ○ /css-test                            326 B           [37m[1m191 kB[22m[39m
2025-06-19T10:08:52.7393725Z [WebServer] ├ ○ /debug-css                           325 B           [37m[1m191 kB[22m[39m
2025-06-19T10:08:52.7394320Z [WebServer] ├ ○ /debug-datadog                       1.23 kB         [37m[1m192 kB[22m[39m
2025-06-19T10:08:52.7394940Z [WebServer] ├ ○ /design-test                         3.17 kB         [37m[1m247 kB[22m[39m
2025-06-19T10:08:52.7395770Z [WebServer] ├ ○ /home-test                           346 B           [37m[1m264 kB[22m[39m
2025-06-19T10:08:52.7396351Z [WebServer] ├ ○ /icon.svg                            0 B                [37m[1m0 B[22m[39m
2025-06-19T10:08:52.7396928Z [WebServer] ├ ○ /link-expired                        2.22 kB         [37m[1m204 kB[22m[39m
2025-06-19T10:08:52.7397663Z [WebServer] ├ ƒ /purchase                            6.89 kB         [37m[1m320 kB[22m[39m
2025-06-19T10:08:52.7398256Z [WebServer] ├ ○ /purchase/cancel                     345 B           [37m[1m194 kB[22m[39m
2025-06-19T10:08:52.7399039Z [WebServer] ├ ○ /purchase/recover                    6.73 kB         [37m[1m280 kB[22m[39m
2025-06-19T10:08:52.7400142Z [WebServer] ├ ƒ /purchase/success                    344 B           [37m[1m194 kB[22m[39m
2025-06-19T10:08:52.7401205Z [WebServer] ├ ○ /refined-test                        2.69 kB         [37m[1m194 kB[22m[39m
2025-06-19T10:08:52.7402259Z [WebServer] ├ ○ /simple                              326 B           [37m[1m191 kB[22m[39m
2025-06-19T10:08:52.7403522Z [WebServer] ├ ○ /tailwind-test                       325 B           [37m[1m191 kB[22m[39m
2025-06-19T10:08:52.7404511Z [WebServer] ├ ○ /test                                326 B           [37m[1m191 kB[22m[39m
2025-06-19T10:08:52.7405535Z [WebServer] ├ ○ /test-background                     326 B           [37m[1m191 kB[22m[39m
2025-06-19T10:08:52.7406603Z [WebServer] ├ ○ /test-monitoring                     4.26 kB         [37m[1m327 kB[22m[39m
2025-06-19T10:08:52.7407668Z [WebServer] ├ ○ /test-purchase                       2.06 kB         [37m[1m195 kB[22m[39m
2025-06-19T10:08:52.7408794Z [WebServer] ├ ○ /test-purchase/checkout-simulator    1.93 kB         [37m[1m195 kB[22m[39m
2025-06-19T10:08:52.7409890Z [WebServer] └ ○ /verify-css                          326 B           [37m[1m191 kB[22m[39m
2025-06-19T10:08:52.7410872Z [WebServer] + First Load JS shared by all            [37m[1m191 kB[22m[39m
2025-06-19T10:08:52.7411734Z [WebServer]   ├ chunks/339-78cb96c4220945f0.js       96.8 kB
2025-06-19T10:08:52.7412553Z [WebServer]   ├ chunks/52774a7f-425ebfec0f94d3cb.js  37.8 kB
2025-06-19T10:08:52.7413537Z [WebServer]   ├ chunks/fd9d1056-0255276ced2cb6a7.js  53.8 kB
2025-06-19T10:08:52.7414342Z [WebServer]   └ other shared chunks (total)          2.73 kB
2025-06-19T10:08:52.7414819Z [WebServer] 
2025-06-19T10:08:52.7415104Z [WebServer] 
2025-06-19T10:08:52.7415800Z [WebServer] ƒ Middleware                             [37m[1m87.7 kB[22m[39m
2025-06-19T10:08:52.7416372Z [WebServer] 
2025-06-19T10:08:52.7416944Z [WebServer] ○  (Static)   prerendered as static content
2025-06-19T10:08:52.7417663Z [WebServer] ƒ  (Dynamic)  server-rendered on demand
2025-06-19T10:08:52.7418113Z [WebServer] 
2025-06-19T10:08:52.9691647Z [WebServer] 
2025-06-19T10:08:52.9692197Z [WebServer] > anthrasite.io@1.0.0 start
2025-06-19T10:08:52.9692671Z [WebServer] > next start -p 3333
2025-06-19T10:08:52.9693251Z [WebServer] 
2025-06-19T10:08:53.1709957Z [WebServer]   [1m[38;2;173;127;168m▲ Next.js 14.2.30[39m[22m
2025-06-19T10:08:53.1713353Z [WebServer]   - Local:        http://localhost:3333
2025-06-19T10:08:53.1714546Z [WebServer] 
2025-06-19T10:08:53.1715209Z [WebServer]  [32m[1m✓[22m[39m Starting...
2025-06-19T10:08:53.9316998Z 
2025-06-19T10:08:53.9317513Z Running 51 tests using 2 workers, shard 1 of 2
2025-06-19T10:08:54.2438905Z [WebServer]  [32m[1m✓[22m[39m Ready in 1230ms
2025-06-19T10:09:35.6553318Z [WebServer] Failed to fetch experiments from Edge Config: [Error: @vercel/edge-config: No connection string provided]
2025-06-19T10:09:35.6557058Z [WebServer] Using fallback experiments
2025-06-19T10:09:36.2386452Z [WebServer] Failed to fetch experiments from Edge Config: [Error: @vercel/edge-config: No connection string provided]
2025-06-19T10:09:36.2391242Z [WebServer] Using fallback experiments
2025-06-19T10:09:46.3492615Z [WebServer] Failed to fetch experiments from Edge Config: [Error: @vercel/edge-config: No connection string provided]
2025-06-19T10:09:46.3493927Z [WebServer] Using fallback experiments
2025-06-19T10:09:46.6934885Z [WebServer] Failed to fetch experiments from Edge Config: [Error: @vercel/edge-config: No connection string provided]
2025-06-19T10:09:46.6936849Z [WebServer] Using fallback experiments
2025-06-19T10:10:23.2861258Z [WebServer] Failed to fetch experiments from Edge Config: [Error: @vercel/edge-config: No connection string provided]
2025-06-19T10:10:23.2865063Z [WebServer] Using fallback experiments
2025-06-19T10:10:23.5501704Z [WebServer] Failed to fetch experiments from Edge Config: [Error: @vercel/edge-config: No connection string provided]
2025-06-19T10:10:23.5507399Z [WebServer] Using fallback experiments
2025-06-19T10:10:34.1522140Z [WebServer] Failed to fetch experiments from Edge Config: [Error: @vercel/edge-config: No connection string provided]
2025-06-19T10:10:34.1527245Z [WebServer] Using fallback experiments
2025-06-19T10:10:34.4069410Z [WebServer] Failed to fetch experiments from Edge Config: [Error: @vercel/edge-config: No connection string provided]
2025-06-19T10:10:34.4070327Z [WebServer] Using fallback experiments
2025-06-19T10:11:11.0467566Z [WebServer] Failed to fetch experiments from Edge Config: [Error: @vercel/edge-config: No connection string provided]
2025-06-19T10:11:11.0472516Z [WebServer] Using fallback experiments
2025-06-19T10:11:11.3037625Z [WebServer] Failed to fetch experiments from Edge Config: [Error: @vercel/edge-config: No connection string provided]
2025-06-19T10:11:11.3038621Z [WebServer] Using fallback experiments
2025-06-19T10:11:21.9003843Z [WebServer] Failed to fetch experiments from Edge Config: [Error: @vercel/edge-config: No connection string provided]
2025-06-19T10:11:21.9005901Z [WebServer] Using fallback experiments
2025-06-19T10:11:22.1852176Z [WebServer] Failed to fetch experiments from Edge Config: [Error: @vercel/edge-config: No connection string provided]
2025-06-19T10:11:22.1858455Z [WebServer] Using fallback experiments
2025-06-19T10:11:58.7599573Z [WebServer] Failed to fetch experiments from Edge Config: [Error: @vercel/edge-config: No connection string provided]
2025-06-19T10:11:58.7602223Z [WebServer] Using fallback experiments
2025-06-19T10:11:59.0223339Z [WebServer] Failed to fetch experiments from Edge Config: [Error: @vercel/edge-config: No connection string provided]
2025-06-19T10:11:59.0224498Z [WebServer] Using fallback experiments
2025-06-19T10:12:09.7385317Z [WebServer] Failed to fetch experiments from Edge Config: [Error: @vercel/edge-config: No connection string provided]
2025-06-19T10:12:09.7387910Z [WebServer] Using fallback experiments
2025-06-19T10:12:10.0030624Z [WebServer] Failed to fetch experiments from Edge Config: [Error: @vercel/edge-config: No connection string provided]
2025-06-19T10:12:10.0031617Z [WebServer] Using fallback experiments
2025-06-19T10:12:18.8611245Z ##[error]The operation was canceled.
2025-06-19T10:12:18.8712067Z ##[group]Run actions/upload-artifact@v4
2025-06-19T10:12:18.8712488Z with:
2025-06-19T10:12:18.8712775Z   name: visual-test-results-shard-1
2025-06-19T10:12:18.8713476Z   path: visual-test-results.json
playwright-visual-report/

2025-06-19T10:12:18.8713951Z   retention-days: 30
2025-06-19T10:12:18.8714262Z   if-no-files-found: warn
2025-06-19T10:12:18.8714614Z   compression-level: 6
2025-06-19T10:12:18.8714898Z   overwrite: false
2025-06-19T10:12:18.8715192Z   include-hidden-files: false
2025-06-19T10:12:18.8715521Z ##[endgroup]
2025-06-19T10:12:19.2344233Z Multiple search paths detected. Calculating the least common ancestor of all paths
2025-06-19T10:12:19.2346060Z The least common ancestor is /home/runner/work/anthrasite.io/anthrasite.io. This will be the root directory of the artifact
2025-06-19T10:12:19.2397449Z ##[warning]No files were found with the provided path: visual-test-results.json
playwright-visual-report/. No artifacts will be uploaded.
2025-06-19T10:12:19.2589637Z Post job cleanup.
2025-06-19T10:12:19.4244358Z [command]/usr/bin/git version
2025-06-19T10:12:19.4284736Z git version 2.49.0
2025-06-19T10:12:19.4342349Z Temporarily overriding HOME='/home/runner/work/_temp/43e5584d-4fcc-44ce-a373-a724be8c11ac' before making global git config changes
2025-06-19T10:12:19.4345886Z Adding repository directory to the temporary git global config as a safe directory
2025-06-19T10:12:19.4351914Z [command]/usr/bin/git config --global --add safe.directory /home/runner/work/anthrasite.io/anthrasite.io
2025-06-19T10:12:19.4426276Z [command]/usr/bin/git config --local --name-only --get-regexp core\.sshCommand
2025-06-19T10:12:19.4470005Z [command]/usr/bin/git submodule foreach --recursive sh -c "git config --local --name-only --get-regexp 'core\.sshCommand' && git config --local --unset-all 'core.sshCommand' || :"
2025-06-19T10:12:19.4755700Z [command]/usr/bin/git config --local --name-only --get-regexp http\.https\:\/\/github\.com\/\.extraheader
2025-06-19T10:12:19.4807134Z http.https://github.com/.extraheader
2025-06-19T10:12:19.4813433Z [command]/usr/bin/git config --local --unset-all http.https://github.com/.extraheader
2025-06-19T10:12:19.4861714Z [command]/usr/bin/git submodule foreach --recursive sh -c "git config --local --name-only --get-regexp 'http\.https\:\/\/github\.com\/\.extraheader' && git config --local --unset-all 'http.https://github.com/.extraheader' || :"
2025-06-19T10:12:19.5406926Z Cleaning up orphan processes
2025-06-19T10:12:19.6032086Z Terminate orphan process: pid (3576) (npm run test:vi)
2025-06-19T10:12:19.6101705Z Terminate orphan process: pid (3587) (sh)
2025-06-19T10:12:19.6168155Z Terminate orphan process: pid (3588) (node)
2025-06-19T10:12:19.6294979Z Terminate orphan process: pid (3604) (sh)
2025-06-19T10:12:19.6330776Z Terminate orphan process: pid (3796) (npm run start)
2025-06-19T10:12:19.6371082Z Terminate orphan process: pid (3807) (sh)
2025-06-19T10:12:19.6416697Z Terminate orphan process: pid (3808) (next-server (v14.2.30))
2025-06-19T10:12:19.6452269Z Terminate orphan process: pid (6969) (node)
2025-06-19T10:12:19.6490793Z Terminate orphan process: pid (6981) (headless_shell)
2025-06-19T10:12:19.6577379Z Terminate orphan process: pid (7025) (ffmpeg-linux)
2025-06-19T10:12:19.6612029Z Terminate orphan process: pid (7110) (node)
2025-06-19T10:12:19.6647502Z Terminate orphan process: pid (7122) (headless_shell)
2025-06-19T10:12:19.6750649Z Terminate orphan process: pid (7177) (ffmpeg-linux)
