2025-06-19T11:08:15.9982563Z Current runner version: '2.325.0'
2025-06-19T11:08:16.0008349Z ##[group]Operating System
2025-06-19T11:08:16.0009161Z Ubuntu
2025-06-19T11:08:16.0009687Z 24.04.2
2025-06-19T11:08:16.0010189Z LTS
2025-06-19T11:08:16.0010631Z ##[endgroup]
2025-06-19T11:08:16.0011184Z ##[group]Runner Image
2025-06-19T11:08:16.0011778Z Image: ubuntu-24.04
2025-06-19T11:08:16.0012321Z Version: 20250615.1.0
2025-06-19T11:08:16.0013829Z Included Software: https://github.com/actions/runner-images/blob/ubuntu24/20250615.1/images/ubuntu/Ubuntu2404-Readme.md
2025-06-19T11:08:16.0015319Z Image Release: https://github.com/actions/runner-images/releases/tag/ubuntu24%2F20250615.1
2025-06-19T11:08:16.0016248Z ##[endgroup]
2025-06-19T11:08:16.0016877Z ##[group]Runner Image Provisioner
2025-06-19T11:08:16.0017564Z 2.0.437.1
2025-06-19T11:08:16.0017998Z ##[endgroup]
2025-06-19T11:08:16.0019115Z ##[group]GITHUB_TOKEN Permissions
2025-06-19T11:08:16.0021527Z Contents: read
2025-06-19T11:08:16.0022085Z Metadata: read
2025-06-19T11:08:16.0022805Z Packages: read
2025-06-19T11:08:16.0023371Z ##[endgroup]
2025-06-19T11:08:16.0025604Z Secret source: Actions
2025-06-19T11:08:16.0026276Z Prepare workflow directory
2025-06-19T11:08:16.0457104Z Prepare all required actions
2025-06-19T11:08:16.0494933Z Getting action download info
2025-06-19T11:08:16.4128133Z ##[group]Download immutable action package 'actions/checkout@v4'
2025-06-19T11:08:16.4129357Z Version: 4.2.2
2025-06-19T11:08:16.4130405Z Digest: sha256:ccb2698953eaebd21c7bf6268a94f9c26518a7e38e27e0b83c1fe1ad049819b1
2025-06-19T11:08:16.4131625Z Source commit SHA: 11bd71901bbe5b1630ceea73d27597364c9af683
2025-06-19T11:08:16.4132431Z ##[endgroup]
2025-06-19T11:08:16.4994802Z ##[group]Download immutable action package 'actions/setup-node@v4'
2025-06-19T11:08:16.4996450Z Version: 4.4.0
2025-06-19T11:08:16.4998532Z Digest: sha256:9427cefe82346e992fb5b949e3569b39d537ae41aa3086483b14eceebfc16bc1
2025-06-19T11:08:16.5000618Z Source commit SHA: 49933ea5288caeca8642d1e84afbd3f7d6820020
2025-06-19T11:08:16.5002117Z ##[endgroup]
2025-06-19T11:08:16.5943498Z ##[group]Download immutable action package 'actions/cache@v4'
2025-06-19T11:08:16.5944268Z Version: 4.2.3
2025-06-19T11:08:16.5945172Z Digest: sha256:c8a3bb963e1f1826d8fcc8d1354f0dd29d8ac1db1d4f6f20247055ae11b81ed9
2025-06-19T11:08:16.5946253Z Source commit SHA: 5a3ec84eff668545956fd18022155c47e93e2684
2025-06-19T11:08:16.5947195Z ##[endgroup]
2025-06-19T11:08:16.6995013Z Download action repository 'codecov/codecov-action@v4' (SHA:b9fd7d16f6d7d1b5d2bec1a2887e65ceed900238)
2025-06-19T11:08:17.0733296Z ##[group]Download immutable action package 'actions/upload-artifact@v4'
2025-06-19T11:08:17.0733997Z Version: 4.6.2
2025-06-19T11:08:17.0734603Z Digest: sha256:290722aa3281d5caf23d0acdc3dbeb3424786a1a01a9cc97e72f147225e37c38
2025-06-19T11:08:17.0735430Z Source commit SHA: ea165f8d65b6e75b540449e92b4886f43607fa02
2025-06-19T11:08:17.0735993Z ##[endgroup]
2025-06-19T11:08:17.2765423Z Complete job name: test
2025-06-19T11:08:17.3270802Z ##[group]Checking docker version
2025-06-19T11:08:17.3283816Z ##[command]/usr/bin/docker version --format '{{.Server.APIVersion}}'
2025-06-19T11:08:17.3782216Z '1.48'
2025-06-19T11:08:17.3795215Z Docker daemon API version: '1.48'
2025-06-19T11:08:17.3796081Z ##[command]/usr/bin/docker version --format '{{.Client.APIVersion}}'
2025-06-19T11:08:17.3957065Z '1.48'
2025-06-19T11:08:17.3970458Z Docker client API version: '1.48'
2025-06-19T11:08:17.3977329Z ##[endgroup]
2025-06-19T11:08:17.3981414Z ##[group]Clean up resources from previous jobs
2025-06-19T11:08:17.3987801Z ##[command]/usr/bin/docker ps --all --quiet --no-trunc --filter "label=5da48e"
2025-06-19T11:08:17.4128852Z ##[command]/usr/bin/docker network prune --force --filter "label=5da48e"
2025-06-19T11:08:17.4259657Z ##[endgroup]
2025-06-19T11:08:17.4260127Z ##[group]Create local container network
2025-06-19T11:08:17.4270550Z ##[command]/usr/bin/docker network create --label 5da48e github_network_cff97d665866416fa45082585a3fe6ee
2025-06-19T11:08:17.4817528Z 022378e0345848923211675375cc477b8e7b79691f0c01ef071c3860260bc6c4
2025-06-19T11:08:17.4841294Z ##[endgroup]
2025-06-19T11:08:17.4869007Z ##[group]Starting postgres service container
2025-06-19T11:08:17.4888280Z ##[command]/usr/bin/docker pull postgres:15
2025-06-19T11:08:17.9439417Z 15: Pulling from library/postgres
2025-06-19T11:08:18.0598651Z dad67da3f26b: Pulling fs layer
2025-06-19T11:08:18.0600709Z c6667110959a: Pulling fs layer
2025-06-19T11:08:18.0601979Z a6ef02a978c3: Pulling fs layer
2025-06-19T11:08:18.0603123Z 02cc8cf6d8dd: Pulling fs layer
2025-06-19T11:08:18.0604055Z f4c4a9a671ae: Pulling fs layer
2025-06-19T11:08:18.0604903Z 8ee74200f81b: Pulling fs layer
2025-06-19T11:08:18.0605733Z 598745af2ec7: Pulling fs layer
2025-06-19T11:08:18.0606824Z ecd27617158f: Pulling fs layer
2025-06-19T11:08:18.0607786Z f461e2873ab2: Pulling fs layer
2025-06-19T11:08:18.0608621Z 3e33fda50871: Pulling fs layer
2025-06-19T11:08:18.0609494Z 5d4c65957a72: Pulling fs layer
2025-06-19T11:08:18.0610463Z 6b0f5168a1c6: Pulling fs layer
2025-06-19T11:08:18.0611370Z cab1e29ab063: Pulling fs layer
2025-06-19T11:08:18.0612265Z 9e594ba6e3d2: Pulling fs layer
2025-06-19T11:08:18.0613128Z 02cc8cf6d8dd: Waiting
2025-06-19T11:08:18.0613901Z f4c4a9a671ae: Waiting
2025-06-19T11:08:18.0614655Z 8ee74200f81b: Waiting
2025-06-19T11:08:18.0615442Z f461e2873ab2: Waiting
2025-06-19T11:08:18.0616211Z 598745af2ec7: Waiting
2025-06-19T11:08:18.0617197Z 3e33fda50871: Waiting
2025-06-19T11:08:18.0617984Z ecd27617158f: Waiting
2025-06-19T11:08:18.0618883Z cab1e29ab063: Waiting
2025-06-19T11:08:18.0620011Z 5d4c65957a72: Waiting
2025-06-19T11:08:18.0621130Z 6b0f5168a1c6: Waiting
2025-06-19T11:08:18.0622259Z 9e594ba6e3d2: Waiting
2025-06-19T11:08:18.1653066Z c6667110959a: Verifying Checksum
2025-06-19T11:08:18.1655363Z c6667110959a: Download complete
2025-06-19T11:08:18.1956098Z a6ef02a978c3: Verifying Checksum
2025-06-19T11:08:18.1958375Z a6ef02a978c3: Download complete
2025-06-19T11:08:18.2868180Z 02cc8cf6d8dd: Verifying Checksum
2025-06-19T11:08:18.2870527Z 02cc8cf6d8dd: Download complete
2025-06-19T11:08:18.3600138Z f4c4a9a671ae: Verifying Checksum
2025-06-19T11:08:18.3602192Z f4c4a9a671ae: Download complete
2025-06-19T11:08:18.3713080Z dad67da3f26b: Verifying Checksum
2025-06-19T11:08:18.3714934Z dad67da3f26b: Download complete
2025-06-19T11:08:18.4050107Z 8ee74200f81b: Verifying Checksum
2025-06-19T11:08:18.4052402Z 8ee74200f81b: Download complete
2025-06-19T11:08:18.4741066Z 598745af2ec7: Download complete
2025-06-19T11:08:18.4809785Z ecd27617158f: Verifying Checksum
2025-06-19T11:08:18.4811782Z ecd27617158f: Download complete
2025-06-19T11:08:18.5791899Z 3e33fda50871: Verifying Checksum
2025-06-19T11:08:18.5795535Z 3e33fda50871: Download complete
2025-06-19T11:08:18.5902302Z 5d4c65957a72: Verifying Checksum
2025-06-19T11:08:18.5904304Z 5d4c65957a72: Download complete
2025-06-19T11:08:18.6868624Z 6b0f5168a1c6: Verifying Checksum
2025-06-19T11:08:18.6870697Z 6b0f5168a1c6: Download complete
2025-06-19T11:08:18.6939604Z cab1e29ab063: Verifying Checksum
2025-06-19T11:08:18.6941503Z cab1e29ab063: Download complete
2025-06-19T11:08:18.7904889Z 9e594ba6e3d2: Verifying Checksum
2025-06-19T11:08:18.7906990Z 9e594ba6e3d2: Download complete
2025-06-19T11:08:18.9493753Z f461e2873ab2: Verifying Checksum
2025-06-19T11:08:18.9504962Z f461e2873ab2: Download complete
2025-06-19T11:08:19.6062214Z dad67da3f26b: Pull complete
2025-06-19T11:08:19.8984660Z c6667110959a: Pull complete
2025-06-19T11:08:20.0421861Z a6ef02a978c3: Pull complete
2025-06-19T11:08:20.0906534Z 02cc8cf6d8dd: Pull complete
2025-06-19T11:08:20.4062339Z f4c4a9a671ae: Pull complete
2025-06-19T11:08:20.4989262Z 8ee74200f81b: Pull complete
2025-06-19T11:08:20.5076027Z 598745af2ec7: Pull complete
2025-06-19T11:08:20.5170045Z ecd27617158f: Pull complete
2025-06-19T11:08:23.3804125Z f461e2873ab2: Pull complete
2025-06-19T11:08:23.3948866Z 3e33fda50871: Pull complete
2025-06-19T11:08:23.4087001Z 5d4c65957a72: Pull complete
2025-06-19T11:08:23.4194060Z 6b0f5168a1c6: Pull complete
2025-06-19T11:08:23.4291910Z cab1e29ab063: Pull complete
2025-06-19T11:08:23.4383844Z 9e594ba6e3d2: Pull complete
2025-06-19T11:08:23.4424572Z Digest: sha256:e652befe0cc7d0e312828d71522aed8ed3762d6b71b6a5a823821ff06c186a20
2025-06-19T11:08:23.4435765Z Status: Downloaded newer image for postgres:15
2025-06-19T11:08:23.4467160Z docker.io/library/postgres:15
2025-06-19T11:08:23.4532730Z ##[command]/usr/bin/docker create --name 9596e7760a094f89a653e934292da35e_postgres15_6dccf1 --label 5da48e --network github_network_cff97d665866416fa45082585a3fe6ee --network-alias postgres -p 5432:5432 --health-cmd pg_isready --health-interval 10s --health-timeout 5s --health-retries 5 -e "POSTGRES_USER=postgres" -e "POSTGRES_PASSWORD=postgres" -e "POSTGRES_DB=anthrasite_test" -e GITHUB_ACTIONS=true -e CI=true postgres:15
2025-06-19T11:08:23.4805705Z 67811e4b66a30e59bfe3e56db2d50ea4d1d2397e25a5c3f5cf64d28ce7f57ca2
2025-06-19T11:08:23.4830841Z ##[command]/usr/bin/docker start 67811e4b66a30e59bfe3e56db2d50ea4d1d2397e25a5c3f5cf64d28ce7f57ca2
2025-06-19T11:08:23.6609939Z 67811e4b66a30e59bfe3e56db2d50ea4d1d2397e25a5c3f5cf64d28ce7f57ca2
2025-06-19T11:08:23.6634657Z ##[command]/usr/bin/docker ps --all --filter id=67811e4b66a30e59bfe3e56db2d50ea4d1d2397e25a5c3f5cf64d28ce7f57ca2 --filter status=running --no-trunc --format "{{.ID}} {{.Status}}"
2025-06-19T11:08:23.6762830Z 67811e4b66a30e59bfe3e56db2d50ea4d1d2397e25a5c3f5cf64d28ce7f57ca2 Up Less than a second (health: starting)
2025-06-19T11:08:23.6787857Z ##[command]/usr/bin/docker port 67811e4b66a30e59bfe3e56db2d50ea4d1d2397e25a5c3f5cf64d28ce7f57ca2
2025-06-19T11:08:23.6919843Z 5432/tcp -> 0.0.0.0:5432
2025-06-19T11:08:23.6920261Z 5432/tcp -> [::]:5432
2025-06-19T11:08:23.6983444Z ##[endgroup]
2025-06-19T11:08:23.6992427Z ##[group]Waiting for all services to be ready
2025-06-19T11:08:23.7005730Z ##[command]/usr/bin/docker inspect --format="{{if .Config.Healthcheck}}{{print .State.Health.Status}}{{end}}" 67811e4b66a30e59bfe3e56db2d50ea4d1d2397e25a5c3f5cf64d28ce7f57ca2
2025-06-19T11:08:23.7147589Z starting
2025-06-19T11:08:23.7170531Z postgres service is starting, waiting 2 seconds before checking again.
2025-06-19T11:08:25.7179364Z ##[command]/usr/bin/docker inspect --format="{{if .Config.Healthcheck}}{{print .State.Health.Status}}{{end}}" 67811e4b66a30e59bfe3e56db2d50ea4d1d2397e25a5c3f5cf64d28ce7f57ca2
2025-06-19T11:08:25.7304482Z starting
2025-06-19T11:08:25.7319404Z postgres service is starting, waiting 4 seconds before checking again.
2025-06-19T11:08:29.9505888Z ##[command]/usr/bin/docker inspect --format="{{if .Config.Healthcheck}}{{print .State.Health.Status}}{{end}}" 67811e4b66a30e59bfe3e56db2d50ea4d1d2397e25a5c3f5cf64d28ce7f57ca2
2025-06-19T11:08:29.9682301Z starting
2025-06-19T11:08:29.9696281Z postgres service is starting, waiting 8 seconds before checking again.
2025-06-19T11:08:38.9668342Z ##[command]/usr/bin/docker inspect --format="{{if .Config.Healthcheck}}{{print .State.Health.Status}}{{end}}" 67811e4b66a30e59bfe3e56db2d50ea4d1d2397e25a5c3f5cf64d28ce7f57ca2
2025-06-19T11:08:38.9789077Z healthy
2025-06-19T11:08:38.9807303Z postgres service is healthy.
2025-06-19T11:08:38.9808174Z ##[endgroup]
2025-06-19T11:08:39.0048418Z ##[group]Run actions/checkout@v4
2025-06-19T11:08:39.0049189Z with:
2025-06-19T11:08:39.0049396Z   repository: mirqtio/anthrasite.io
2025-06-19T11:08:39.0049806Z   token: ***
2025-06-19T11:08:39.0049997Z   ssh-strict: true
2025-06-19T11:08:39.0050170Z   ssh-user: git
2025-06-19T11:08:39.0050359Z   persist-credentials: true
2025-06-19T11:08:39.0050562Z   clean: true
2025-06-19T11:08:39.0050746Z   sparse-checkout-cone-mode: true
2025-06-19T11:08:39.0050966Z   fetch-depth: 1
2025-06-19T11:08:39.0051141Z   fetch-tags: false
2025-06-19T11:08:39.0051317Z   show-progress: true
2025-06-19T11:08:39.0051501Z   lfs: false
2025-06-19T11:08:39.0051658Z   submodules: false
2025-06-19T11:08:39.0051839Z   set-safe-directory: true
2025-06-19T11:08:39.0052194Z env:
2025-06-19T11:08:39.0052364Z   NODE_ENV: test
2025-06-19T11:08:39.0052539Z ##[endgroup]
2025-06-19T11:08:39.1861715Z Syncing repository: mirqtio/anthrasite.io
2025-06-19T11:08:39.1864059Z ##[group]Getting Git version info
2025-06-19T11:08:39.1865254Z Working directory is '/home/runner/work/anthrasite.io/anthrasite.io'
2025-06-19T11:08:39.1866241Z [command]/usr/bin/git version
2025-06-19T11:08:39.1909513Z git version 2.49.0
2025-06-19T11:08:39.1938809Z ##[endgroup]
2025-06-19T11:08:39.1962363Z Temporarily overriding HOME='/home/runner/work/_temp/c801d745-3f93-4aed-887b-3b26fdf26bb2' before making global git config changes
2025-06-19T11:08:39.1963667Z Adding repository directory to the temporary git global config as a safe directory
2025-06-19T11:08:39.1968911Z [command]/usr/bin/git config --global --add safe.directory /home/runner/work/anthrasite.io/anthrasite.io
2025-06-19T11:08:39.2004976Z Deleting the contents of '/home/runner/work/anthrasite.io/anthrasite.io'
2025-06-19T11:08:39.2008962Z ##[group]Initializing the repository
2025-06-19T11:08:39.2013703Z [command]/usr/bin/git init /home/runner/work/anthrasite.io/anthrasite.io
2025-06-19T11:08:39.2070105Z hint: Using 'master' as the name for the initial branch. This default branch name
2025-06-19T11:08:39.2071028Z hint: is subject to change. To configure the initial branch name to use in all
2025-06-19T11:08:39.2071687Z hint: of your new repositories, which will suppress this warning, call:
2025-06-19T11:08:39.2072023Z hint:
2025-06-19T11:08:39.2072312Z hint: 	git config --global init.defaultBranch <name>
2025-06-19T11:08:39.2072587Z hint:
2025-06-19T11:08:39.2072875Z hint: Names commonly chosen instead of 'master' are 'main', 'trunk' and
2025-06-19T11:08:39.2073564Z hint: 'development'. The just-created branch can be renamed via this command:
2025-06-19T11:08:39.2074219Z hint:
2025-06-19T11:08:39.2074493Z hint: 	git branch -m <name>
2025-06-19T11:08:39.2074888Z Initialized empty Git repository in /home/runner/work/anthrasite.io/anthrasite.io/.git/
2025-06-19T11:08:39.2086289Z [command]/usr/bin/git remote add origin https://github.com/mirqtio/anthrasite.io
2025-06-19T11:08:39.2118031Z ##[endgroup]
2025-06-19T11:08:39.2118663Z ##[group]Disabling automatic garbage collection
2025-06-19T11:08:39.2123316Z [command]/usr/bin/git config --local gc.auto 0
2025-06-19T11:08:39.2151491Z ##[endgroup]
2025-06-19T11:08:39.2152080Z ##[group]Setting up auth
2025-06-19T11:08:39.2159362Z [command]/usr/bin/git config --local --name-only --get-regexp core\.sshCommand
2025-06-19T11:08:39.2189736Z [command]/usr/bin/git submodule foreach --recursive sh -c "git config --local --name-only --get-regexp 'core\.sshCommand' && git config --local --unset-all 'core.sshCommand' || :"
2025-06-19T11:08:39.2476161Z [command]/usr/bin/git config --local --name-only --get-regexp http\.https\:\/\/github\.com\/\.extraheader
2025-06-19T11:08:39.2524988Z [command]/usr/bin/git submodule foreach --recursive sh -c "git config --local --name-only --get-regexp 'http\.https\:\/\/github\.com\/\.extraheader' && git config --local --unset-all 'http.https://github.com/.extraheader' || :"
2025-06-19T11:08:39.2832196Z [command]/usr/bin/git config --local http.https://github.com/.extraheader AUTHORIZATION: basic ***
2025-06-19T11:08:39.2880475Z ##[endgroup]
2025-06-19T11:08:39.2880907Z ##[group]Fetching the repository
2025-06-19T11:08:39.2889290Z [command]/usr/bin/git -c protocol.version=2 fetch --no-tags --prune --no-recurse-submodules --depth=1 origin +d4e0fd9fc94695334620965fccf657f8c4709b47:refs/remotes/origin/main
2025-06-19T11:08:41.3369991Z From https://github.com/mirqtio/anthrasite.io
2025-06-19T11:08:41.3370968Z  * [new ref]         d4e0fd9fc94695334620965fccf657f8c4709b47 -> origin/main
2025-06-19T11:08:41.3410628Z ##[endgroup]
2025-06-19T11:08:41.3411374Z ##[group]Determining the checkout info
2025-06-19T11:08:41.3415529Z ##[endgroup]
2025-06-19T11:08:41.3423473Z [command]/usr/bin/git sparse-checkout disable
2025-06-19T11:08:41.3472647Z [command]/usr/bin/git config --local --unset-all extensions.worktreeConfig
2025-06-19T11:08:41.3503673Z ##[group]Checking out the ref
2025-06-19T11:08:41.3509025Z [command]/usr/bin/git checkout --progress --force -B main refs/remotes/origin/main
2025-06-19T11:08:41.6968836Z Switched to a new branch 'main'
2025-06-19T11:08:41.6969549Z branch 'main' set up to track 'origin/main'.
2025-06-19T11:08:41.7009701Z ##[endgroup]
2025-06-19T11:08:41.7052178Z [command]/usr/bin/git log -1 --format=%H
2025-06-19T11:08:41.7075825Z d4e0fd9fc94695334620965fccf657f8c4709b47
2025-06-19T11:08:41.7282229Z ##[group]Run actions/setup-node@v4
2025-06-19T11:08:41.7282481Z with:
2025-06-19T11:08:41.7282641Z   node-version: 20
2025-06-19T11:08:41.7282820Z   cache: npm
2025-06-19T11:08:41.7282983Z   always-auth: false
2025-06-19T11:08:41.7283175Z   check-latest: false
2025-06-19T11:08:41.7283450Z   token: ***
2025-06-19T11:08:41.7283613Z env:
2025-06-19T11:08:41.7283766Z   NODE_ENV: test
2025-06-19T11:08:41.7283931Z ##[endgroup]
2025-06-19T11:08:41.9074030Z Found in cache @ /opt/hostedtoolcache/node/20.19.2/x64
2025-06-19T11:08:41.9081383Z ##[group]Environment details
2025-06-19T11:08:42.2417528Z node: v20.19.2
2025-06-19T11:08:42.2417868Z npm: 10.8.2
2025-06-19T11:08:42.2418124Z yarn: 1.22.22
2025-06-19T11:08:42.2419142Z ##[endgroup]
2025-06-19T11:08:42.2438904Z [command]/opt/hostedtoolcache/node/20.19.2/x64/bin/npm config get cache
2025-06-19T11:08:42.3521800Z /home/runner/.npm
2025-06-19T11:08:42.4967590Z Cache hit for: node-cache-Linux-x64-npm-83b34af39050cb8dcf0f8fc59536a1514e9b948d1095880efafd299289ca3bea
2025-06-19T11:08:43.6043572Z Received 134217728 of 232013951 (57.8%), 128.0 MBs/sec
2025-06-19T11:08:44.2544242Z Received 232013951 of 232013951 (100.0%), 134.1 MBs/sec
2025-06-19T11:08:44.2546116Z Cache Size: ~221 MB (232013951 B)
2025-06-19T11:08:44.2584149Z [command]/usr/bin/tar -xf /home/runner/work/_temp/1f5a684e-b737-4d53-b7eb-d9ca0148b925/cache.tzst -P -C /home/runner/work/anthrasite.io/anthrasite.io --use-compress-program unzstd
2025-06-19T11:08:44.7368662Z Cache restored successfully
2025-06-19T11:08:44.7830439Z Cache restored from key: node-cache-Linux-x64-npm-83b34af39050cb8dcf0f8fc59536a1514e9b948d1095880efafd299289ca3bea
2025-06-19T11:08:44.9197615Z ##[group]Run actions/cache@v4
2025-06-19T11:08:44.9198048Z with:
2025-06-19T11:08:44.9198249Z   path: ~/.cache/ms-playwright
2025-06-19T11:08:44.9198683Z   key: Linux-playwright-83b34af39050cb8dcf0f8fc59536a1514e9b948d1095880efafd299289ca3bea
2025-06-19T11:08:44.9199157Z   restore-keys: Linux-playwright-

2025-06-19T11:08:44.9199412Z   enableCrossOsArchive: false
2025-06-19T11:08:44.9199639Z   fail-on-cache-miss: false
2025-06-19T11:08:44.9199845Z   lookup-only: false
2025-06-19T11:08:44.9200028Z   save-always: false
2025-06-19T11:08:44.9200203Z env:
2025-06-19T11:08:44.9200363Z   NODE_ENV: test
2025-06-19T11:08:44.9200535Z ##[endgroup]
2025-06-19T11:08:45.1975503Z Cache not found for input keys: Linux-playwright-83b34af39050cb8dcf0f8fc59536a1514e9b948d1095880efafd299289ca3bea, Linux-playwright-
2025-06-19T11:08:45.2052078Z ##[group]Run npm ci
2025-06-19T11:08:45.2052339Z [36;1mnpm ci[0m
2025-06-19T11:08:45.2143272Z shell: /usr/bin/bash -e {0}
2025-06-19T11:08:45.2143524Z env:
2025-06-19T11:08:45.2143698Z   NODE_ENV: test
2025-06-19T11:08:45.2143901Z ##[endgroup]
2025-06-19T11:08:52.0189257Z npm warn deprecated inflight@1.0.6: This module is not supported, and leaks memory. Do not use it. Check out lru-cache if you want a good and tested way to coalesce async requests by a key value, which is much more comprehensive and powerful.
2025-06-19T11:08:52.2351953Z npm warn deprecated @humanwhocodes/config-array@0.13.0: Use @eslint/config-array instead
2025-06-19T11:08:52.2600249Z npm warn deprecated rimraf@3.0.2: Rimraf versions prior to v4 are no longer supported
2025-06-19T11:08:52.4368554Z npm warn deprecated @humanwhocodes/object-schema@2.0.3: Use @eslint/object-schema instead
2025-06-19T11:08:52.4393276Z npm warn deprecated glob@7.2.3: Glob versions prior to v9 are no longer supported
2025-06-19T11:08:52.4402814Z npm warn deprecated glob@7.2.3: Glob versions prior to v9 are no longer supported
2025-06-19T11:08:57.9858314Z npm warn deprecated eslint@8.57.1: This version is no longer supported. Please see https://eslint.org/version-support for other options.
2025-06-19T11:09:05.6271337Z 
2025-06-19T11:09:05.6271952Z > anthrasite.io@1.0.0 postinstall
2025-06-19T11:09:05.6272436Z > prisma generate
2025-06-19T11:09:05.6272640Z 
2025-06-19T11:09:06.2735173Z Prisma schema loaded from prisma/schema.prisma
2025-06-19T11:09:06.5499513Z 
2025-06-19T11:09:06.5500890Z ✔ Generated Prisma Client (v6.9.0) to ./node_modules/@prisma/client in 89ms
2025-06-19T11:09:06.5501553Z 
2025-06-19T11:09:06.5502246Z Start by importing your Prisma Client (See: https://pris.ly/d/importing-client)
2025-06-19T11:09:06.5502865Z 
2025-06-19T11:09:06.5503394Z Tip: Want to turn off tips and other hints? https://pris.ly/tip-4-nohints
2025-06-19T11:09:06.5503741Z 
2025-06-19T11:09:06.5931635Z 
2025-06-19T11:09:06.5932412Z > anthrasite.io@1.0.0 prepare
2025-06-19T11:09:06.5932845Z > husky
2025-06-19T11:09:06.5933011Z 
2025-06-19T11:09:06.6897093Z 
2025-06-19T11:09:06.6897780Z added 1400 packages, and audited 1401 packages in 21s
2025-06-19T11:09:06.6898187Z 
2025-06-19T11:09:06.6898461Z 280 packages are looking for funding
2025-06-19T11:09:06.6898870Z   run `npm fund` for details
2025-06-19T11:09:06.6912052Z 
2025-06-19T11:09:06.6912275Z found 0 vulnerabilities
2025-06-19T11:09:06.8061174Z ##[group]Run npx prisma generate
2025-06-19T11:09:06.8061483Z [36;1mnpx prisma generate[0m
2025-06-19T11:09:06.8061707Z [36;1mnpx prisma db push[0m
2025-06-19T11:09:06.8119791Z shell: /usr/bin/bash -e {0}
2025-06-19T11:09:06.8120020Z env:
2025-06-19T11:09:06.8120180Z   NODE_ENV: test
2025-06-19T11:09:06.8120817Z   DATABASE_URL: ***localhost:5432/anthrasite_test
2025-06-19T11:09:06.8121096Z ##[endgroup]
2025-06-19T11:09:07.7986853Z Prisma schema loaded from prisma/schema.prisma
2025-06-19T11:09:08.1359622Z 
2025-06-19T11:09:08.1361611Z ✔ Generated Prisma Client (v6.9.0) to ./node_modules/@prisma/client in 127ms
2025-06-19T11:09:08.1362239Z 
2025-06-19T11:09:08.1365932Z Start by importing your Prisma Client (See: https://pris.ly/d/importing-client)
2025-06-19T11:09:08.1368562Z 
2025-06-19T11:09:08.1369250Z Tip: Want to turn off tips and other hints? https://pris.ly/tip-4-nohints
2025-06-19T11:09:08.1370950Z 
2025-06-19T11:09:09.2388104Z Prisma schema loaded from prisma/schema.prisma
2025-06-19T11:09:09.2416750Z Datasource "db": PostgreSQL database "anthrasite_test", schema "public" at "localhost:5432"
2025-06-19T11:09:09.4504924Z 
2025-06-19T11:09:09.4506185Z 🚀  Your database is now in sync with your Prisma schema. Done in 135ms
2025-06-19T11:09:09.4506959Z 
2025-06-19T11:09:09.4526199Z Running generate... (Use --skip-generate to skip the generators)
2025-06-19T11:09:09.6145441Z [2K[1A[2K[GRunning generate... - Prisma Client
2025-06-19T11:09:09.6985962Z [2K[1A[2K[G✔ Generated Prisma Client (v6.9.0) to ./node_modules/@prisma/client in 82ms
2025-06-19T11:09:09.6991473Z 
2025-06-19T11:09:09.7591046Z ##[group]Run npm run lint
2025-06-19T11:09:09.7591322Z [36;1mnpm run lint[0m
2025-06-19T11:09:09.7653507Z shell: /usr/bin/bash -e {0}
2025-06-19T11:09:09.7653886Z env:
2025-06-19T11:09:09.7654076Z   NODE_ENV: test
2025-06-19T11:09:09.7654287Z ##[endgroup]
2025-06-19T11:09:09.9084376Z 
2025-06-19T11:09:09.9085082Z > anthrasite.io@1.0.0 lint
2025-06-19T11:09:09.9085428Z > next lint
2025-06-19T11:09:09.9085551Z 
2025-06-19T11:09:15.1699657Z Attention: Next.js now collects completely anonymous telemetry regarding usage.
2025-06-19T11:09:15.1703179Z This information is used to shape Next.js' roadmap and prioritize features.
2025-06-19T11:09:15.1704225Z You can learn more, including how to opt-out if you'd not like to participate in this anonymous program, by visiting the following URL:
2025-06-19T11:09:15.1704864Z https://nextjs.org/telemetry
2025-06-19T11:09:15.1705039Z 
2025-06-19T11:09:15.3507035Z 
2025-06-19T11:09:15.3507595Z ./app/_components/Analytics/Analytics.tsx
2025-06-19T11:09:15.3508672Z 66:30  Warning: Unexpected any. Specify a different type.  @typescript-eslint/no-explicit-any
2025-06-19T11:09:15.3511268Z 92:7  Warning: Using `<img>` could result in slower LCP and higher bandwidth. Consider using `<Image />` from `next/image` to automatically optimize images. This may incur additional usage or cost from your provider. See: https://nextjs.org/docs/messages/no-img-element  @next/next/no-img-element
2025-06-19T11:09:15.3513239Z 
2025-06-19T11:09:15.3513618Z ./app/_components/Analytics/__tests__/Analytics.test.tsx
2025-06-19T11:09:15.3514609Z 45:23  Warning: Unexpected any. Specify a different type.  @typescript-eslint/no-explicit-any
2025-06-19T11:09:15.3515764Z 46:23  Warning: Unexpected any. Specify a different type.  @typescript-eslint/no-explicit-any
2025-06-19T11:09:15.3516346Z 
2025-06-19T11:09:15.3516762Z ./app/analytics/__tests__/page.test.tsx
2025-06-19T11:09:15.3517695Z 8:43  Warning: Unexpected any. Specify a different type.  @typescript-eslint/no-explicit-any
2025-06-19T11:09:15.3518870Z 11:25  Warning: Unexpected any. Specify a different type.  @typescript-eslint/no-explicit-any
2025-06-19T11:09:15.3520061Z 21:33  Warning: Unexpected any. Specify a different type.  @typescript-eslint/no-explicit-any
2025-06-19T11:09:15.3521223Z 40:35  Warning: Unexpected any. Specify a different type.  @typescript-eslint/no-explicit-any
2025-06-19T11:09:15.3521790Z 
2025-06-19T11:09:15.3522021Z ./app/api/analytics/track/route.ts
2025-06-19T11:09:15.3522883Z 12:15  Warning: Unexpected any. Specify a different type.  @typescript-eslint/no-explicit-any
2025-06-19T11:09:15.3524006Z 15:14  Warning: 'jsonError' is defined but never used.  @typescript-eslint/no-unused-vars
2025-06-19T11:09:15.3524551Z 
2025-06-19T11:09:15.3524972Z ./app/api/cron/abandoned-cart/__tests__/route-simple.test.ts
2025-06-19T11:09:15.3526163Z 24:49  Warning: Unexpected any. Specify a different type.  @typescript-eslint/no-explicit-any
2025-06-19T11:09:15.3527502Z 25:45  Warning: Unexpected any. Specify a different type.  @typescript-eslint/no-explicit-any
2025-06-19T11:09:15.3528065Z 
2025-06-19T11:09:15.3528396Z ./app/api/cron/abandoned-cart/__tests__/route.test.ts
2025-06-19T11:09:15.3529335Z 32:20  Warning: Unexpected any. Specify a different type.  @typescript-eslint/no-explicit-any
2025-06-19T11:09:15.3530482Z 33:12  Warning: Unexpected any. Specify a different type.  @typescript-eslint/no-explicit-any
2025-06-19T11:09:15.3531613Z 34:13  Warning: Unexpected any. Specify a different type.  @typescript-eslint/no-explicit-any
2025-06-19T11:09:15.3532168Z 
2025-06-19T11:09:15.3532475Z ./app/api/dev/generate-utm/__tests__/route.test.ts
2025-06-19T11:09:15.3533135Z 91:5  Warning: Unnecessary semicolon.  no-extra-semi
2025-06-19T11:09:15.3533794Z 207:5  Warning: Unnecessary semicolon.  no-extra-semi
2025-06-19T11:09:15.3534140Z 
2025-06-19T11:09:15.3534372Z ./app/api/dev/generate-utm/route.ts
2025-06-19T11:09:15.3535229Z 5:27  Warning: 'request' is defined but never used.  @typescript-eslint/no-unused-vars
2025-06-19T11:09:15.3536810Z 41:15  Warning: Unexpected any. Specify a different type.  @typescript-eslint/no-explicit-any
2025-06-19T11:09:15.3537946Z 44:14  Warning: 'jsonError' is defined but never used.  @typescript-eslint/no-unused-vars
2025-06-19T11:09:15.3539004Z 82:12  Warning: 'error' is defined but never used.  @typescript-eslint/no-unused-vars
2025-06-19T11:09:15.3539508Z 
2025-06-19T11:09:15.3539764Z ./app/api/health/__tests__/route.test.ts
2025-06-19T11:09:15.3540657Z 17:29  Warning: Unexpected any. Specify a different type.  @typescript-eslint/no-explicit-any
2025-06-19T11:09:15.3541537Z 28:5  Warning: Unnecessary semicolon.  no-extra-semi
2025-06-19T11:09:15.3542195Z 48:5  Warning: Unnecessary semicolon.  no-extra-semi
2025-06-19T11:09:15.3542852Z 77:5  Warning: Unnecessary semicolon.  no-extra-semi
2025-06-19T11:09:15.3543192Z 
2025-06-19T11:09:15.3543364Z ./app/api/health/route.ts
2025-06-19T11:09:15.3544114Z 6:28  Warning: 'req' is defined but never used.  @typescript-eslint/no-unused-vars
2025-06-19T11:09:15.3544628Z 
2025-06-19T11:09:15.3544936Z ./app/api/sendgrid/webhook/__tests__/route.test.ts
2025-06-19T11:09:15.3545901Z 135:14  Warning: Unexpected any. Specify a different type.  @typescript-eslint/no-explicit-any
2025-06-19T11:09:15.3547433Z 171:14  Warning: Unexpected any. Specify a different type.  @typescript-eslint/no-explicit-any
2025-06-19T11:09:15.3548603Z 208:14  Warning: Unexpected any. Specify a different type.  @typescript-eslint/no-explicit-any
2025-06-19T11:09:15.3549796Z 251:14  Warning: Unexpected any. Specify a different type.  @typescript-eslint/no-explicit-any
2025-06-19T11:09:15.3550956Z 288:14  Warning: Unexpected any. Specify a different type.  @typescript-eslint/no-explicit-any
2025-06-19T11:09:15.3552124Z 295:14  Warning: Unexpected any. Specify a different type.  @typescript-eslint/no-explicit-any
2025-06-19T11:09:15.3552695Z 
2025-06-19T11:09:15.3552951Z ./app/api/sendgrid/webhook/route.ts
2025-06-19T11:09:15.3553843Z 7:3  Warning: 'publicKey' is defined but never used.  @typescript-eslint/no-unused-vars
2025-06-19T11:09:15.3554913Z 8:3  Warning: 'payload' is defined but never used.  @typescript-eslint/no-unused-vars
2025-06-19T11:09:15.3555965Z 9:3  Warning: 'signature' is defined but never used.  @typescript-eslint/no-unused-vars
2025-06-19T11:09:15.3557167Z 10:3  Warning: 'timestamp' is defined but never used.  @typescript-eslint/no-unused-vars
2025-06-19T11:09:15.3558300Z 75:32  Warning: Unexpected any. Specify a different type.  @typescript-eslint/no-explicit-any
2025-06-19T11:09:15.3559499Z 76:23  Warning: 'businessId' is assigned a value but never used.  @typescript-eslint/no-unused-vars
2025-06-19T11:09:15.3560691Z 76:35  Warning: 'template' is assigned a value but never used.  @typescript-eslint/no-unused-vars
2025-06-19T11:09:15.3561863Z 218:48  Warning: Unexpected any. Specify a different type.  @typescript-eslint/no-explicit-any
2025-06-19T11:09:15.3563025Z 248:48  Warning: Unexpected any. Specify a different type.  @typescript-eslint/no-explicit-any
2025-06-19T11:09:15.3563595Z 
2025-06-19T11:09:15.3563946Z ./app/api/stripe/recover-session/__tests__/route.test.ts
2025-06-19T11:09:15.3564639Z 178:5  Warning: Unnecessary semicolon.  no-extra-semi
2025-06-19T11:09:15.3565289Z 199:5  Warning: Unnecessary semicolon.  no-extra-semi
2025-06-19T11:09:15.3565940Z 217:5  Warning: Unnecessary semicolon.  no-extra-semi
2025-06-19T11:09:15.3566278Z 
2025-06-19T11:09:15.3566804Z ./app/api/stripe/webhook/__tests__/email-integration.test.ts
2025-06-19T11:09:15.3567523Z 104:7  Warning: Unnecessary semicolon.  no-extra-semi
2025-06-19T11:09:15.3568433Z 134:33  Warning: Unexpected any. Specify a different type.  @typescript-eslint/no-explicit-any
2025-06-19T11:09:15.3569618Z 188:33  Warning: Unexpected any. Specify a different type.  @typescript-eslint/no-explicit-any
2025-06-19T11:09:15.3570816Z 236:33  Warning: Unexpected any. Specify a different type.  @typescript-eslint/no-explicit-any
2025-06-19T11:09:15.3572216Z 273:33  Warning: Unexpected any. Specify a different type.  @typescript-eslint/no-explicit-any
2025-06-19T11:09:15.3573434Z 318:33  Warning: Unexpected any. Specify a different type.  @typescript-eslint/no-explicit-any
2025-06-19T11:09:15.3574017Z 
2025-06-19T11:09:15.3574321Z ./app/api/stripe/webhook/__tests__/route.test.ts
2025-06-19T11:09:15.3575307Z 75:26  Warning: Unexpected any. Specify a different type.  @typescript-eslint/no-explicit-any
2025-06-19T11:09:15.3576268Z 230:7  Warning: Unnecessary semicolon.  no-extra-semi
2025-06-19T11:09:15.3576794Z 
2025-06-19T11:09:15.3577033Z ./app/api/stripe/webhook/route.ts
2025-06-19T11:09:15.3577931Z 6:10  Warning: 'handleStripeError' is defined but never used.  @typescript-eslint/no-unused-vars
2025-06-19T11:09:15.3579126Z 40:19  Warning: Unexpected any. Specify a different type.  @typescript-eslint/no-explicit-any
2025-06-19T11:09:15.3579709Z 
2025-06-19T11:09:15.3579942Z ./app/api/test-monitoring/route.ts
2025-06-19T11:09:15.3580809Z 3:10  Warning: 'getAnalytics' is defined but never used.  @typescript-eslint/no-unused-vars
2025-06-19T11:09:15.3581951Z 4:10  Warning: 'captureError' is defined but never used.  @typescript-eslint/no-unused-vars
2025-06-19T11:09:15.3583073Z 4:24  Warning: 'trackEvent' is defined but never used.  @typescript-eslint/no-unused-vars
2025-06-19T11:09:15.3584419Z 33:15  Warning: Unexpected any. Specify a different type.  @typescript-eslint/no-explicit-any
2025-06-19T11:09:15.3585558Z 36:14  Warning: 'jsonError' is defined but never used.  @typescript-eslint/no-unused-vars
2025-06-19T11:09:15.3586815Z 43:19  Warning: 'data' is assigned a value but never used.  @typescript-eslint/no-unused-vars
2025-06-19T11:09:15.3587966Z 52:25  Warning: Unexpected any. Specify a different type.  @typescript-eslint/no-explicit-any
2025-06-19T11:09:15.3588580Z 
2025-06-19T11:09:15.3588871Z ./app/api/validate-utm/__tests__/route.test.ts
2025-06-19T11:09:15.3589805Z 19:45  Warning: Unexpected any. Specify a different type.  @typescript-eslint/no-explicit-any
2025-06-19T11:09:15.3590982Z 34:18  Warning: Unexpected any. Specify a different type.  @typescript-eslint/no-explicit-any
2025-06-19T11:09:15.3592141Z 65:28  Warning: Unexpected any. Specify a different type.  @typescript-eslint/no-explicit-any
2025-06-19T11:09:15.3593311Z 68:29  Warning: Unexpected any. Specify a different type.  @typescript-eslint/no-explicit-any
2025-06-19T11:09:15.3594216Z 155:7  Warning: Unnecessary semicolon.  no-extra-semi
2025-06-19T11:09:15.3594897Z 175:7  Warning: Unnecessary semicolon.  no-extra-semi
2025-06-19T11:09:15.3595565Z 191:7  Warning: Unnecessary semicolon.  no-extra-semi
2025-06-19T11:09:15.3596225Z 320:7  Warning: Unnecessary semicolon.  no-extra-semi
2025-06-19T11:09:15.3596742Z 
2025-06-19T11:09:15.3596979Z ./app/api/validate-utm/route.ts
2025-06-19T11:09:15.3597829Z 13:16  Warning: Unexpected any. Specify a different type.  @typescript-eslint/no-explicit-any
2025-06-19T11:09:15.3598401Z 
2025-06-19T11:09:15.3598663Z ./app/api/waitlist/__tests__/route.test.ts
2025-06-19T11:09:15.3599584Z 10:28  Warning: Unexpected any. Specify a different type.  @typescript-eslint/no-explicit-any
2025-06-19T11:09:15.3600746Z 13:29  Warning: Unexpected any. Specify a different type.  @typescript-eslint/no-explicit-any
2025-06-19T11:09:15.3601630Z 85:7  Warning: Unnecessary semicolon.  no-extra-semi
2025-06-19T11:09:15.3602304Z 105:7  Warning: Unnecessary semicolon.  no-extra-semi
2025-06-19T11:09:15.3602971Z 131:7  Warning: Unnecessary semicolon.  no-extra-semi
2025-06-19T11:09:15.3603634Z 176:7  Warning: Unnecessary semicolon.  no-extra-semi
2025-06-19T11:09:15.3604295Z 204:7  Warning: Unnecessary semicolon.  no-extra-semi
2025-06-19T11:09:15.3604952Z 219:7  Warning: Unnecessary semicolon.  no-extra-semi
2025-06-19T11:09:15.3605310Z 
2025-06-19T11:09:15.3605681Z ./app/api/waitlist/validate-domain/__tests__/route.test.ts
2025-06-19T11:09:15.3606867Z 8:28  Warning: Unexpected any. Specify a different type.  @typescript-eslint/no-explicit-any
2025-06-19T11:09:15.3608026Z 11:29  Warning: Unexpected any. Specify a different type.  @typescript-eslint/no-explicit-any
2025-06-19T11:09:15.3608778Z 
2025-06-19T11:09:15.3609069Z ./app/api/waitlist/validate-domain/route.ts
2025-06-19T11:09:15.3609959Z 1:10  Warning: 'NextRequest' is defined but never used.  @typescript-eslint/no-unused-vars
2025-06-19T11:09:15.3611150Z 4:3  Warning: 'normalizeDomain' is defined but never used.  @typescript-eslint/no-unused-vars
2025-06-19T11:09:15.3612309Z 10:15  Warning: Unexpected any. Specify a different type.  @typescript-eslint/no-explicit-any
2025-06-19T11:09:15.3613428Z 13:14  Warning: 'jsonError' is defined but never used.  @typescript-eslint/no-unused-vars
2025-06-19T11:09:15.3613967Z 
2025-06-19T11:09:15.3614163Z ./app/debug-datadog/page.tsx
2025-06-19T11:09:15.3615002Z 6:40  Warning: Unexpected any. Specify a different type.  @typescript-eslint/no-explicit-any
2025-06-19T11:09:15.3616167Z 20:32  Warning: Unexpected any. Specify a different type.  @typescript-eslint/no-explicit-any
2025-06-19T11:09:15.3617497Z 21:33  Warning: Unexpected any. Specify a different type.  @typescript-eslint/no-explicit-any
2025-06-19T11:09:15.3618660Z 35:36  Warning: Unexpected any. Specify a different type.  @typescript-eslint/no-explicit-any
2025-06-19T11:09:15.3619832Z 36:37  Warning: Unexpected any. Specify a different type.  @typescript-eslint/no-explicit-any
2025-06-19T11:09:15.3621226Z 85:44  Warning: Unexpected any. Specify a different type.  @typescript-eslint/no-explicit-any
2025-06-19T11:09:15.3621798Z 
2025-06-19T11:09:15.3622043Z ./app/purchase/__tests__/page.test.tsx
2025-06-19T11:09:15.3622930Z 30:28  Warning: Unexpected any. Specify a different type.  @typescript-eslint/no-explicit-any
2025-06-19T11:09:15.3623495Z 
2025-06-19T11:09:15.3623676Z ./app/purchase/page.tsx
2025-06-19T11:09:15.3624483Z 16:10  Warning: 'ErrorBoundary' is defined but never used.  @typescript-eslint/no-unused-vars
2025-06-19T11:09:15.3625643Z 114:21  Warning: Unexpected any. Specify a different type.  @typescript-eslint/no-explicit-any
2025-06-19T11:09:15.3626222Z 
2025-06-19T11:09:15.3626455Z ./app/purchase/recover/page.tsx
2025-06-19T11:09:15.3627951Z 32:6  Warning: React Hook useEffect has a missing dependency: 'recoverSession'. Either include it or remove the dependency array.  react-hooks/exhaustive-deps
2025-06-19T11:09:15.3629485Z 81:21  Warning: Unexpected any. Specify a different type.  @typescript-eslint/no-explicit-any
2025-06-19T11:09:15.3630077Z 
2025-06-19T11:09:15.3630376Z ./app/purchase/success/__tests__/page.test.tsx
2025-06-19T11:09:15.3631009Z 91:5  Warning: Unnecessary semicolon.  no-extra-semi
2025-06-19T11:09:15.3631690Z 112:5  Warning: Unnecessary semicolon.  no-extra-semi
2025-06-19T11:09:15.3632354Z 124:5  Warning: Unnecessary semicolon.  no-extra-semi
2025-06-19T11:09:15.3632702Z 
2025-06-19T11:09:15.3632966Z ./app/purchase/success/client-page.tsx
2025-06-19T11:09:15.3633796Z 56:16  Warning: 'err' is defined but never used.  @typescript-eslint/no-unused-vars
2025-06-19T11:09:15.3634300Z 
2025-06-19T11:09:15.3634527Z ./app/test-monitoring/page.tsx
2025-06-19T11:09:15.3635338Z 7:3  Warning: 'trackEvent' is defined but never used.  @typescript-eslint/no-unused-vars
2025-06-19T11:09:15.3636395Z 30:57  Warning: Unexpected any. Specify a different type.  @typescript-eslint/no-explicit-any
2025-06-19T11:09:15.3637637Z 42:15  Warning: Unexpected any. Specify a different type.  @typescript-eslint/no-explicit-any
2025-06-19T11:09:15.3638790Z 219:11  Warning: 'duration' is assigned a value but never used.  @typescript-eslint/no-unused-vars
2025-06-19T11:09:15.3639344Z 
2025-06-19T11:09:15.3639639Z ./app/test-purchase/checkout-simulator/page.tsx
2025-06-19T11:09:15.3640614Z 20:9  Warning: 'businessId' is assigned a value but never used.  @typescript-eslint/no-unused-vars
2025-06-19T11:09:15.3641217Z 
2025-06-19T11:09:15.3641402Z ./app/test-purchase/page.tsx
2025-06-19T11:09:15.3642258Z 12:56  Warning: Unexpected any. Specify a different type.  @typescript-eslint/no-explicit-any
2025-06-19T11:09:15.3643429Z 13:48  Warning: Unexpected any. Specify a different type.  @typescript-eslint/no-explicit-any
2025-06-19T11:09:15.3644169Z 
2025-06-19T11:09:15.3644322Z ./components/Logo.tsx
2025-06-19T11:09:15.3646192Z 52:7  Warning: Using `<img>` could result in slower LCP and higher bandwidth. Consider using `<Image />` from `next/image` to automatically optimize images. This may incur additional usage or cost from your provider. See: https://nextjs.org/docs/messages/no-img-element  @next/next/no-img-element
2025-06-19T11:09:15.3647806Z 
2025-06-19T11:09:15.3648002Z ./components/Skeleton/Skeleton.tsx
2025-06-19T11:09:15.3648904Z 4:18  Warning: An interface declaring no members is equivalent to its supertype.  @typescript-eslint/no-empty-object-type
2025-06-19T11:09:15.3649545Z 
2025-06-19T11:09:15.3649789Z ./components/__tests__/ErrorBoundary.test.tsx
2025-06-19T11:09:15.3650466Z 5:22  Warning: 'act' is defined but never used.  @typescript-eslint/no-unused-vars
2025-06-19T11:09:15.3650863Z 
2025-06-19T11:09:15.3651075Z ./components/analytics/ABTestResults.tsx
2025-06-19T11:09:15.3651847Z 106:9  Warning: 'winner' is assigned a value but never used.  @typescript-eslint/no-unused-vars
2025-06-19T11:09:15.3652320Z 
2025-06-19T11:09:15.3652615Z ./components/analytics/__tests__/ABTestResults.test.tsx
2025-06-19T11:09:15.3653238Z 149:5  Warning: Unnecessary semicolon.  no-extra-semi
2025-06-19T11:09:15.3654086Z 163:5  Warning: Unnecessary semicolon.  no-extra-semi
2025-06-19T11:09:15.3654441Z 
2025-06-19T11:09:15.3654854Z ./components/analytics/__tests__/FunnelVisualization.test.tsx
2025-06-19T11:09:15.3655825Z 2:26  Warning: 'fireEvent' is defined but never used.  @typescript-eslint/no-unused-vars
2025-06-19T11:09:15.3656362Z 
2025-06-19T11:09:15.3656749Z ./components/consent/ConsentBanner.tsx
2025-06-19T11:09:15.3657596Z 9:3  Warning: 'spacing' is defined but never used.  @typescript-eslint/no-unused-vars
2025-06-19T11:09:15.3658112Z 
2025-06-19T11:09:15.3658395Z ./components/consent/ConsentPreferences.tsx
2025-06-19T11:09:15.3659210Z 9:3  Warning: 'spacing' is defined but never used.  @typescript-eslint/no-unused-vars
2025-06-19T11:09:15.3660253Z 12:3  Warning: 'shadows' is defined but never used.  @typescript-eslint/no-unused-vars
2025-06-19T11:09:15.3660772Z 
2025-06-19T11:09:15.3661004Z ./components/help/HelpProvider.tsx
2025-06-19T11:09:15.3661885Z 133:41  Warning: Unexpected any. Specify a different type.  @typescript-eslint/no-explicit-any
2025-06-19T11:09:15.3662797Z 139:5  Warning: Unnecessary semicolon.  no-extra-semi
2025-06-19T11:09:15.3663730Z 139:17  Warning: Unexpected any. Specify a different type.  @typescript-eslint/no-explicit-any
2025-06-19T11:09:15.3664607Z 142:7  Warning: Unnecessary semicolon.  no-extra-semi
2025-06-19T11:09:15.3665548Z 142:19  Warning: Unexpected any. Specify a different type.  @typescript-eslint/no-explicit-any
2025-06-19T11:09:15.3666057Z 
2025-06-19T11:09:15.3666291Z ./components/help/HelpWidget.tsx
2025-06-19T11:09:15.3667262Z 5:10  Warning: 'HelpCircle' is defined but never used.  @typescript-eslint/no-unused-vars
2025-06-19T11:09:15.3668373Z 5:38  Warning: 'ChevronUp' is defined but never used.  @typescript-eslint/no-unused-vars
2025-06-19T11:09:15.3669509Z 7:3  Warning: 'HelpWidgetState' is defined but never used.  @typescript-eslint/no-unused-vars
2025-06-19T11:09:15.3670621Z 8:3  Warning: 'HelpTab' is defined but never used.  @typescript-eslint/no-unused-vars
2025-06-19T11:09:15.3671771Z 11:3  Warning: 'DEFAULT_HELP_CONFIG' is defined but never used.  @typescript-eslint/no-unused-vars
2025-06-19T11:09:15.3672982Z 12:3  Warning: 'KEYBOARD_SHORTCUTS' is defined but never used.  @typescript-eslint/no-unused-vars
2025-06-19T11:09:15.3674049Z 18:10  Warning: 'cn' is defined but never used.  @typescript-eslint/no-unused-vars
2025-06-19T11:09:15.3675119Z 103:30  Warning: 'config' is assigned a value but never used.  @typescript-eslint/no-unused-vars
2025-06-19T11:09:15.3675682Z 
2025-06-19T11:09:15.3676090Z ./components/help/__tests__/HelpWidget.accessibility.test.tsx
2025-06-19T11:09:15.3677205Z 7:10  Warning: 'faqService' is defined but never used.  @typescript-eslint/no-unused-vars
2025-06-19T11:09:15.3678492Z 17:63  Warning: Unexpected any. Specify a different type.  @typescript-eslint/no-explicit-any
2025-06-19T11:09:15.3679640Z 21:15  Warning: 'whileHover' is defined but never used.  @typescript-eslint/no-unused-vars
2025-06-19T11:09:15.3680737Z 22:15  Warning: 'whileTap' is defined but never used.  @typescript-eslint/no-unused-vars
2025-06-19T11:09:15.3681802Z 23:15  Warning: 'variants' is defined but never used.  @typescript-eslint/no-unused-vars
2025-06-19T11:09:15.3682852Z 24:15  Warning: 'initial' is defined but never used.  @typescript-eslint/no-unused-vars
2025-06-19T11:09:15.3683899Z 25:15  Warning: 'animate' is defined but never used.  @typescript-eslint/no-unused-vars
2025-06-19T11:09:15.3684914Z 26:15  Warning: 'exit' is defined but never used.  @typescript-eslint/no-unused-vars
2025-06-19T11:09:15.3685978Z 27:15  Warning: 'transition' is defined but never used.  @typescript-eslint/no-unused-vars
2025-06-19T11:09:15.3687550Z 41:60  Warning: Unexpected any. Specify a different type.  @typescript-eslint/no-explicit-any
2025-06-19T11:09:15.3688509Z 45:15  Warning: 'variants' is defined but never used.  @typescript-eslint/no-unused-vars
2025-06-19T11:09:15.3689322Z 46:15  Warning: 'initial' is defined but never used.  @typescript-eslint/no-unused-vars
2025-06-19T11:09:15.3690364Z 47:15  Warning: 'animate' is defined but never used.  @typescript-eslint/no-unused-vars
2025-06-19T11:09:15.3691108Z 48:15  Warning: 'exit' is defined but never used.  @typescript-eslint/no-unused-vars
2025-06-19T11:09:15.3691887Z 49:15  Warning: 'transition' is defined but never used.  @typescript-eslint/no-unused-vars
2025-06-19T11:09:15.3692753Z 63:37  Warning: Unexpected any. Specify a different type.  @typescript-eslint/no-explicit-any
2025-06-19T11:09:15.3693602Z 154:13  Warning: 'user' is assigned a value but never used.  @typescript-eslint/no-unused-vars
2025-06-19T11:09:15.3694431Z 170:13  Warning: 'user' is assigned a value but never used.  @typescript-eslint/no-unused-vars
2025-06-19T11:09:15.3695321Z 331:13  Warning: 'styles' is assigned a value but never used.  @typescript-eslint/no-unused-vars
2025-06-19T11:09:15.3695767Z 
2025-06-19T11:09:15.3696041Z ./components/help/__tests__/HelpWidget.performance.test.tsx
2025-06-19T11:09:15.3696937Z 13:63  Warning: Unexpected any. Specify a different type.  @typescript-eslint/no-explicit-any
2025-06-19T11:09:15.3697712Z 17:15  Warning: 'whileHover' is defined but never used.  @typescript-eslint/no-unused-vars
2025-06-19T11:09:15.3698478Z 18:15  Warning: 'whileTap' is defined but never used.  @typescript-eslint/no-unused-vars
2025-06-19T11:09:15.3699199Z 19:15  Warning: 'variants' is defined but never used.  @typescript-eslint/no-unused-vars
2025-06-19T11:09:15.3699905Z 20:15  Warning: 'initial' is defined but never used.  @typescript-eslint/no-unused-vars
2025-06-19T11:09:15.3700610Z 21:15  Warning: 'animate' is defined but never used.  @typescript-eslint/no-unused-vars
2025-06-19T11:09:15.3701304Z 22:15  Warning: 'exit' is defined but never used.  @typescript-eslint/no-unused-vars
2025-06-19T11:09:15.3702018Z 23:15  Warning: 'transition' is defined but never used.  @typescript-eslint/no-unused-vars
2025-06-19T11:09:15.3702784Z 37:60  Warning: Unexpected any. Specify a different type.  @typescript-eslint/no-explicit-any
2025-06-19T11:09:15.3703527Z 41:15  Warning: 'variants' is defined but never used.  @typescript-eslint/no-unused-vars
2025-06-19T11:09:15.3704233Z 42:15  Warning: 'initial' is defined but never used.  @typescript-eslint/no-unused-vars
2025-06-19T11:09:15.3704933Z 43:15  Warning: 'animate' is defined but never used.  @typescript-eslint/no-unused-vars
2025-06-19T11:09:15.3705615Z 44:15  Warning: 'exit' is defined but never used.  @typescript-eslint/no-unused-vars
2025-06-19T11:09:15.3706275Z 45:15  Warning: 'transition' is defined but never used.  @typescript-eslint/no-unused-vars
2025-06-19T11:09:15.3707091Z 59:37  Warning: Unexpected any. Specify a different type.  @typescript-eslint/no-explicit-any
2025-06-19T11:09:15.3707414Z 
2025-06-19T11:09:15.3707731Z ./components/help/__tests__/HelpWidget.test.tsx
2025-06-19T11:09:15.3708302Z 2:46  Warning: 'act' is defined but never used.  @typescript-eslint/no-unused-vars
2025-06-19T11:09:15.3708908Z 3:8  Warning: 'userEvent' is defined but never used.  @typescript-eslint/no-unused-vars
2025-06-19T11:09:15.3709516Z 7:19  Warning: 'PageContext' is defined but never used.  @typescript-eslint/no-unused-vars
2025-06-19T11:09:15.3710137Z 15:63  Warning: Unexpected any. Specify a different type.  @typescript-eslint/no-explicit-any
2025-06-19T11:09:15.3710747Z 19:15  Warning: 'whileHover' is defined but never used.  @typescript-eslint/no-unused-vars
2025-06-19T11:09:15.3711325Z 20:15  Warning: 'whileTap' is defined but never used.  @typescript-eslint/no-unused-vars
2025-06-19T11:09:15.3711903Z 21:15  Warning: 'variants' is defined but never used.  @typescript-eslint/no-unused-vars
2025-06-19T11:09:15.3712468Z 22:15  Warning: 'initial' is defined but never used.  @typescript-eslint/no-unused-vars
2025-06-19T11:09:15.3713026Z 23:15  Warning: 'animate' is defined but never used.  @typescript-eslint/no-unused-vars
2025-06-19T11:09:15.3713582Z 24:15  Warning: 'exit' is defined but never used.  @typescript-eslint/no-unused-vars
2025-06-19T11:09:15.3714155Z 25:15  Warning: 'transition' is defined but never used.  @typescript-eslint/no-unused-vars
2025-06-19T11:09:15.3714898Z 39:60  Warning: Unexpected any. Specify a different type.  @typescript-eslint/no-explicit-any
2025-06-19T11:09:15.3715499Z 43:15  Warning: 'variants' is defined but never used.  @typescript-eslint/no-unused-vars
2025-06-19T11:09:15.3716066Z 44:15  Warning: 'initial' is defined but never used.  @typescript-eslint/no-unused-vars
2025-06-19T11:09:15.3716734Z 45:15  Warning: 'animate' is defined but never used.  @typescript-eslint/no-unused-vars
2025-06-19T11:09:15.3717289Z 46:15  Warning: 'exit' is defined but never used.  @typescript-eslint/no-unused-vars
2025-06-19T11:09:15.3717860Z 47:15  Warning: 'transition' is defined but never used.  @typescript-eslint/no-unused-vars
2025-06-19T11:09:15.3718458Z 61:37  Warning: Unexpected any. Specify a different type.  @typescript-eslint/no-explicit-any
2025-06-19T11:09:15.3719035Z 91:10  Warning: 'e' is defined but never used.  @typescript-eslint/no-unused-vars
2025-06-19T11:09:15.3719634Z 101:30  Warning: Unexpected any. Specify a different type.  @typescript-eslint/no-explicit-any
2025-06-19T11:09:15.3720267Z 108:30  Warning: Unexpected any. Specify a different type.  @typescript-eslint/no-explicit-any
2025-06-19T11:09:15.3720889Z 373:35  Warning: Unexpected any. Specify a different type.  @typescript-eslint/no-explicit-any
2025-06-19T11:09:15.3721198Z 
2025-06-19T11:09:15.3721352Z ./components/homepage/OrganicHomepage.tsx
2025-06-19T11:09:15.3721819Z 55:14  Warning: 'err' is defined but never used.  @typescript-eslint/no-unused-vars
2025-06-19T11:09:15.3722101Z 
2025-06-19T11:09:15.3722258Z ./components/homepage/PurchaseHomepage.tsx
2025-06-19T11:09:15.3722791Z 20:48  Warning: 'reportData' is assigned a value but never used.  @typescript-eslint/no-unused-vars
2025-06-19T11:09:15.3723424Z 304:10  Warning: 'ScoreCard' is defined but never used.  @typescript-eslint/no-unused-vars
2025-06-19T11:09:15.3724076Z 324:7  Warning: 'defaultIssues' is assigned a value but never used.  @typescript-eslint/no-unused-vars
2025-06-19T11:09:15.3724416Z 
2025-06-19T11:09:15.3724620Z ./components/homepage/__tests__/OrganicHomepage.test.tsx
2025-06-19T11:09:15.3725131Z 2:37  Warning: 'waitFor' is defined but never used.  @typescript-eslint/no-unused-vars
2025-06-19T11:09:15.3725425Z 
2025-06-19T11:09:15.3725633Z ./components/homepage/__tests__/PurchaseHomepage.test.tsx
2025-06-19T11:09:15.3726146Z 2:26  Warning: 'fireEvent' is defined but never used.  @typescript-eslint/no-unused-vars
2025-06-19T11:09:15.3726936Z 2:37  Warning: 'waitFor' is defined but never used.  @typescript-eslint/no-unused-vars
2025-06-19T11:09:15.3727250Z 
2025-06-19T11:09:15.3727396Z ./components/purchase/PricingCard.tsx
2025-06-19T11:09:15.3728041Z 33:21  Warning: Unexpected any. Specify a different type.  @typescript-eslint/no-explicit-any
2025-06-19T11:09:15.3728375Z 
2025-06-19T11:09:15.3728555Z ./components/purchase/PurchaseErrorBoundary.tsx
2025-06-19T11:09:15.3729088Z 27:46  Warning: Unexpected any. Specify a different type.  @typescript-eslint/no-explicit-any
2025-06-19T11:09:15.3729404Z 
2025-06-19T11:09:15.3729545Z ./components/purchase/PurchaseHero.tsx
2025-06-19T11:09:15.3730000Z 11:46  Warning: 'domain' is defined but never used.  @typescript-eslint/no-unused-vars
2025-06-19T11:09:15.3730291Z 
2025-06-19T11:09:15.3730426Z ./components/purchase/ReportPreview.tsx
2025-06-19T11:09:15.3730907Z 10:3  Warning: 'CheckCircle' is defined but never used.  @typescript-eslint/no-unused-vars
2025-06-19T11:09:15.3731213Z 
2025-06-19T11:09:15.3731376Z ./components/purchase/StripeErrorBoundary.tsx
2025-06-19T11:09:15.3731882Z 4:10  Warning: 'ErrorBoundary' is defined but never used.  @typescript-eslint/no-unused-vars
2025-06-19T11:09:15.3732192Z 
2025-06-19T11:09:15.3732329Z ./components/purchase/TrustSignals.tsx
2025-06-19T11:09:15.3732782Z 4:37  Warning: 'Users' is defined but never used.  @typescript-eslint/no-unused-vars
2025-06-19T11:09:15.3733335Z 5:8  Warning: 'Image' is defined but never used.  @typescript-eslint/no-unused-vars
2025-06-19T11:09:15.3733727Z 
2025-06-19T11:09:15.3733919Z ./components/purchase/__tests__/PricingCard.test.tsx
2025-06-19T11:09:15.3734409Z 10:7  Warning: 'initial' is defined but never used.  @typescript-eslint/no-unused-vars
2025-06-19T11:09:15.3734967Z 11:7  Warning: 'animate' is defined but never used.  @typescript-eslint/no-unused-vars
2025-06-19T11:09:15.3735544Z 12:7  Warning: 'transition' is defined but never used.  @typescript-eslint/no-unused-vars
2025-06-19T11:09:15.3736147Z 13:7  Warning: 'whileInView' is defined but never used.  @typescript-eslint/no-unused-vars
2025-06-19T11:09:15.3736844Z 14:7  Warning: 'viewport' is defined but never used.  @typescript-eslint/no-unused-vars
2025-06-19T11:09:15.3737458Z 16:8  Warning: Unexpected any. Specify a different type.  @typescript-eslint/no-explicit-any
2025-06-19T11:09:15.3738049Z 19:7  Warning: 'initial' is defined but never used.  @typescript-eslint/no-unused-vars
2025-06-19T11:09:15.3738612Z 20:7  Warning: 'animate' is defined but never used.  @typescript-eslint/no-unused-vars
2025-06-19T11:09:15.3739188Z 21:7  Warning: 'transition' is defined but never used.  @typescript-eslint/no-unused-vars
2025-06-19T11:09:15.3739781Z 22:7  Warning: 'whileInView' is defined but never used.  @typescript-eslint/no-unused-vars
2025-06-19T11:09:15.3740360Z 23:7  Warning: 'viewport' is defined but never used.  @typescript-eslint/no-unused-vars
2025-06-19T11:09:15.3740957Z 25:8  Warning: Unexpected any. Specify a different type.  @typescript-eslint/no-explicit-any
2025-06-19T11:09:15.3741552Z 28:7  Warning: 'initial' is defined but never used.  @typescript-eslint/no-unused-vars
2025-06-19T11:09:15.3742113Z 29:7  Warning: 'animate' is defined but never used.  @typescript-eslint/no-unused-vars
2025-06-19T11:09:15.3742690Z 30:7  Warning: 'transition' is defined but never used.  @typescript-eslint/no-unused-vars
2025-06-19T11:09:15.3743280Z 31:7  Warning: 'whileInView' is defined but never used.  @typescript-eslint/no-unused-vars
2025-06-19T11:09:15.3743862Z 32:7  Warning: 'whileTap' is defined but never used.  @typescript-eslint/no-unused-vars
2025-06-19T11:09:15.3744444Z 33:7  Warning: 'whileHover' is defined but never used.  @typescript-eslint/no-unused-vars
2025-06-19T11:09:15.3745024Z 34:7  Warning: 'viewport' is defined but never used.  @typescript-eslint/no-unused-vars
2025-06-19T11:09:15.3745627Z 37:8  Warning: Unexpected any. Specify a different type.  @typescript-eslint/no-explicit-any
2025-06-19T11:09:15.3745936Z 
2025-06-19T11:09:15.3746128Z ./components/purchase/__tests__/PurchaseHero.test.tsx
2025-06-19T11:09:15.3746838Z 7:35  Warning: Unexpected any. Specify a different type.  @typescript-eslint/no-explicit-any
2025-06-19T11:09:15.3747612Z 8:34  Warning: Unexpected any. Specify a different type.  @typescript-eslint/no-explicit-any
2025-06-19T11:09:15.3748273Z 45:13  Warning: 'container' is assigned a value but never used.  @typescript-eslint/no-unused-vars
2025-06-19T11:09:15.3748603Z 
2025-06-19T11:09:15.3748801Z ./components/purchase/__tests__/ReportPreview.test.tsx
2025-06-19T11:09:15.3749304Z 10:7  Warning: 'initial' is defined but never used.  @typescript-eslint/no-unused-vars
2025-06-19T11:09:15.3749864Z 11:7  Warning: 'animate' is defined but never used.  @typescript-eslint/no-unused-vars
2025-06-19T11:09:15.3750447Z 12:7  Warning: 'transition' is defined but never used.  @typescript-eslint/no-unused-vars
2025-06-19T11:09:15.3751037Z 13:7  Warning: 'whileInView' is defined but never used.  @typescript-eslint/no-unused-vars
2025-06-19T11:09:15.3751624Z 14:7  Warning: 'viewport' is defined but never used.  @typescript-eslint/no-unused-vars
2025-06-19T11:09:15.3752224Z 16:8  Warning: Unexpected any. Specify a different type.  @typescript-eslint/no-explicit-any
2025-06-19T11:09:15.3752533Z 
2025-06-19T11:09:15.3752718Z ./components/purchase/__tests__/TrustSignals.test.tsx
2025-06-19T11:09:15.3753208Z 9:7  Warning: 'initial' is defined but never used.  @typescript-eslint/no-unused-vars
2025-06-19T11:09:15.3753770Z 10:7  Warning: 'animate' is defined but never used.  @typescript-eslint/no-unused-vars
2025-06-19T11:09:15.3754459Z 11:7  Warning: 'transition' is defined but never used.  @typescript-eslint/no-unused-vars
2025-06-19T11:09:15.3755050Z 12:7  Warning: 'whileInView' is defined but never used.  @typescript-eslint/no-unused-vars
2025-06-19T11:09:15.3755626Z 13:7  Warning: 'viewport' is defined but never used.  @typescript-eslint/no-unused-vars
2025-06-19T11:09:15.3756227Z 15:8  Warning: Unexpected any. Specify a different type.  @typescript-eslint/no-explicit-any
2025-06-19T11:09:15.3756958Z 22:37  Warning: Unexpected any. Specify a different type.  @typescript-eslint/no-explicit-any
2025-06-19T11:09:15.3757275Z 
2025-06-19T11:09:15.3757511Z ./components/purchase/__tests__/mobile-responsiveness.test.tsx
2025-06-19T11:09:15.3758046Z 14:7  Warning: 'initial' is defined but never used.  @typescript-eslint/no-unused-vars
2025-06-19T11:09:15.3758604Z 15:7  Warning: 'animate' is defined but never used.  @typescript-eslint/no-unused-vars
2025-06-19T11:09:15.3759185Z 16:7  Warning: 'transition' is defined but never used.  @typescript-eslint/no-unused-vars
2025-06-19T11:09:15.3759776Z 17:7  Warning: 'whileInView' is defined but never used.  @typescript-eslint/no-unused-vars
2025-06-19T11:09:15.3760355Z 18:7  Warning: 'viewport' is defined but never used.  @typescript-eslint/no-unused-vars
2025-06-19T11:09:15.3760961Z 20:8  Warning: Unexpected any. Specify a different type.  @typescript-eslint/no-explicit-any
2025-06-19T11:09:15.3761540Z 28:7  Warning: 'initial' is defined but never used.  @typescript-eslint/no-unused-vars
2025-06-19T11:09:15.3762097Z 29:7  Warning: 'animate' is defined but never used.  @typescript-eslint/no-unused-vars
2025-06-19T11:09:15.3762672Z 30:7  Warning: 'transition' is defined but never used.  @typescript-eslint/no-unused-vars
2025-06-19T11:09:15.3763262Z 31:7  Warning: 'whileInView' is defined but never used.  @typescript-eslint/no-unused-vars
2025-06-19T11:09:15.3763846Z 32:7  Warning: 'viewport' is defined but never used.  @typescript-eslint/no-unused-vars
2025-06-19T11:09:15.3764443Z 34:8  Warning: Unexpected any. Specify a different type.  @typescript-eslint/no-explicit-any
2025-06-19T11:09:15.3765031Z 42:7  Warning: 'initial' is defined but never used.  @typescript-eslint/no-unused-vars
2025-06-19T11:09:15.3765591Z 43:7  Warning: 'animate' is defined but never used.  @typescript-eslint/no-unused-vars
2025-06-19T11:09:15.3766162Z 44:7  Warning: 'transition' is defined but never used.  @typescript-eslint/no-unused-vars
2025-06-19T11:09:15.3766953Z 45:7  Warning: 'whileInView' is defined but never used.  @typescript-eslint/no-unused-vars
2025-06-19T11:09:15.3767542Z 46:7  Warning: 'viewport' is defined but never used.  @typescript-eslint/no-unused-vars
2025-06-19T11:09:15.3768270Z 48:8  Warning: Unexpected any. Specify a different type.  @typescript-eslint/no-explicit-any
2025-06-19T11:09:15.3768908Z 70:37  Warning: Unexpected any. Specify a different type.  @typescript-eslint/no-explicit-any
2025-06-19T11:09:15.3769609Z 77:7  Warning: 'hasResponsiveClasses' is assigned a value but never used.  @typescript-eslint/no-unused-vars
2025-06-19T11:09:15.3769988Z 
2025-06-19T11:09:15.3770130Z ./components/waitlist/WaitlistForm.tsx
2025-06-19T11:09:15.3770577Z 70:14  Warning: 'err' is defined but never used.  @typescript-eslint/no-unused-vars
2025-06-19T11:09:15.3771125Z 122:14  Warning: 'err' is defined but never used.  @typescript-eslint/no-unused-vars
2025-06-19T11:09:15.3771404Z 
2025-06-19T11:09:15.3771562Z ./lib/ab-testing/__tests__/edge-config.test.ts
2025-06-19T11:09:15.3771927Z 52:7  Warning: Unnecessary semicolon.  no-extra-semi
2025-06-19T11:09:15.3772284Z 63:7  Warning: Unnecessary semicolon.  no-extra-semi
2025-06-19T11:09:15.3772642Z 75:7  Warning: Unnecessary semicolon.  no-extra-semi
2025-06-19T11:09:15.3772995Z 87:7  Warning: Unnecessary semicolon.  no-extra-semi
2025-06-19T11:09:15.3773352Z 102:7  Warning: Unnecessary semicolon.  no-extra-semi
2025-06-19T11:09:15.3773713Z 123:7  Warning: Unnecessary semicolon.  no-extra-semi
2025-06-19T11:09:15.3774188Z 164:7  Warning: Unnecessary semicolon.  no-extra-semi
2025-06-19T11:09:15.3774547Z 174:7  Warning: Unnecessary semicolon.  no-extra-semi
2025-06-19T11:09:15.3774746Z 
2025-06-19T11:09:15.3774923Z ./lib/ab-testing/__tests__/variant-assignment.test.ts
2025-06-19T11:09:15.3775469Z 11:22  Warning: 'ExperimentVariant' is defined but never used.  @typescript-eslint/no-unused-vars
2025-06-19T11:09:15.3775796Z 
2025-06-19T11:09:15.3775962Z ./lib/ab-testing/examples/homepage-example.tsx
2025-06-19T11:09:15.3776527Z 50:9  Warning: 'handleSignupComplete' is assigned a value but never used.  @typescript-eslint/no-unused-vars
2025-06-19T11:09:15.3777331Z 76:35  Warning: Unexpected any. Specify a different type.  @typescript-eslint/no-explicit-any
2025-06-19T11:09:15.3778785Z 239:13  Warning: Using `<img>` could result in slower LCP and higher bandwidth. Consider using `<Image />` from `next/image` to automatically optimize images. This may incur additional usage or cost from your provider. See: https://nextjs.org/docs/messages/no-img-element  @next/next/no-img-element
2025-06-19T11:09:15.3779702Z 
2025-06-19T11:09:15.3779801Z ./lib/ab-testing/hooks.ts
2025-06-19T11:09:15.3780274Z 10:10  Warning: 'ExperimentVariant' is defined but never used.  @typescript-eslint/no-unused-vars
2025-06-19T11:09:15.3780947Z 87:53  Warning: Unexpected any. Specify a different type.  @typescript-eslint/no-explicit-any
2025-06-19T11:09:15.3781586Z 112:51  Warning: Unexpected any. Specify a different type.  @typescript-eslint/no-explicit-any
2025-06-19T11:09:15.3782223Z 130:48  Warning: Unexpected any. Specify a different type.  @typescript-eslint/no-explicit-any
2025-06-19T11:09:15.3782540Z 
2025-06-19T11:09:15.3782659Z ./lib/ab-testing/middleware.ts
2025-06-19T11:09:15.3783112Z 9:10  Warning: 'Experiment' is defined but never used.  @typescript-eslint/no-unused-vars
2025-06-19T11:09:15.3783722Z 33:68  Warning: Unexpected any. Specify a different type.  @typescript-eslint/no-explicit-any
2025-06-19T11:09:15.3784349Z 129:29  Warning: Unexpected any. Specify a different type.  @typescript-eslint/no-explicit-any
2025-06-19T11:09:15.3784671Z 
2025-06-19T11:09:15.3784769Z ./lib/ab-testing/types.ts
2025-06-19T11:09:15.3785218Z 10:27  Warning: Unexpected any. Specify a different type.  @typescript-eslint/no-explicit-any
2025-06-19T11:09:15.3785850Z 43:29  Warning: Unexpected any. Specify a different type.  @typescript-eslint/no-explicit-any
2025-06-19T11:09:15.3786461Z 55:67  Warning: Unexpected any. Specify a different type.  @typescript-eslint/no-explicit-any
2025-06-19T11:09:15.3786984Z 
2025-06-19T11:09:15.3787126Z ./lib/ab-testing/variant-assignment.ts
2025-06-19T11:09:15.3787643Z 156:27  Warning: Unexpected any. Specify a different type.  @typescript-eslint/no-explicit-any
2025-06-19T11:09:15.3788416Z 245:9  Warning: 'a' is assigned a value but never used.  @typescript-eslint/no-unused-vars
2025-06-19T11:09:15.3788727Z 
2025-06-19T11:09:15.3788907Z ./lib/abandoned-cart/__tests__/analytics.test.ts
2025-06-19T11:09:15.3789277Z 89:7  Warning: Unnecessary semicolon.  no-extra-semi
2025-06-19T11:09:15.3789662Z 105:7  Warning: Unnecessary semicolon.  no-extra-semi
2025-06-19T11:09:15.3790029Z 165:7  Warning: Unnecessary semicolon.  no-extra-semi
2025-06-19T11:09:15.3790391Z 218:7  Warning: Unnecessary semicolon.  no-extra-semi
2025-06-19T11:09:15.3790584Z 
2025-06-19T11:09:15.3790765Z ./lib/abandoned-cart/__tests__/integration.test.ts
2025-06-19T11:09:15.3791320Z 3:3  Warning: 'markSessionCompleted' is defined but never used.  @typescript-eslint/no-unused-vars
2025-06-19T11:09:15.3791947Z 7:10  Warning: 'prisma' is defined but never used.  @typescript-eslint/no-unused-vars
2025-06-19T11:09:15.3792240Z 
2025-06-19T11:09:15.3792393Z ./lib/abandoned-cart/__tests__/service.test.ts
2025-06-19T11:09:15.3792755Z 255:7  Warning: Unnecessary semicolon.  no-extra-semi
2025-06-19T11:09:15.3793116Z 265:7  Warning: Unnecessary semicolon.  no-extra-semi
2025-06-19T11:09:15.3793468Z 277:7  Warning: Unnecessary semicolon.  no-extra-semi
2025-06-19T11:09:15.3793949Z 299:7  Warning: Unnecessary semicolon.  no-extra-semi
2025-06-19T11:09:15.3794148Z 
2025-06-19T11:09:15.3794299Z ./lib/abandoned-cart/__tests__/tracker.test.ts
2025-06-19T11:09:15.3794646Z 114:7  Warning: Unnecessary semicolon.  no-extra-semi
2025-06-19T11:09:15.3794998Z 172:7  Warning: Unnecessary semicolon.  no-extra-semi
2025-06-19T11:09:15.3795352Z 206:7  Warning: Unnecessary semicolon.  no-extra-semi
2025-06-19T11:09:15.3795706Z 237:7  Warning: Unnecessary semicolon.  no-extra-semi
2025-06-19T11:09:15.3795894Z 
2025-06-19T11:09:15.3796022Z ./lib/abandoned-cart/service.ts
2025-06-19T11:09:15.3796684Z 12:7  Warning: 'RECOVERY_EMAIL_DELAY_HOURS' is assigned a value but never used.  @typescript-eslint/no-unused-vars
2025-06-19T11:09:15.3797398Z 108:33  Warning: Unexpected any. Specify a different type.  @typescript-eslint/no-explicit-any
2025-06-19T11:09:15.3798047Z 172:46  Warning: Unexpected any. Specify a different type.  @typescript-eslint/no-explicit-any
2025-06-19T11:09:15.3798679Z 197:44  Warning: Unexpected any. Specify a different type.  @typescript-eslint/no-explicit-any
2025-06-19T11:09:15.3799001Z 
2025-06-19T11:09:15.3799181Z ./lib/analytics/__tests__/analytics-client.test.ts
2025-06-19T11:09:15.3799705Z 20:29  Warning: Unexpected any. Specify a different type.  @typescript-eslint/no-explicit-any
2025-06-19T11:09:15.3800181Z 58:7  Warning: Unnecessary semicolon.  no-extra-semi
2025-06-19T11:09:15.3800548Z 76:7  Warning: Unnecessary semicolon.  no-extra-semi
2025-06-19T11:09:15.3800898Z 93:7  Warning: Unnecessary semicolon.  no-extra-semi
2025-06-19T11:09:15.3801253Z 108:7  Warning: Unnecessary semicolon.  no-extra-semi
2025-06-19T11:09:15.3801609Z 139:7  Warning: Unnecessary semicolon.  no-extra-semi
2025-06-19T11:09:15.3801967Z 159:7  Warning: Unnecessary semicolon.  no-extra-semi
2025-06-19T11:09:15.3802325Z 231:7  Warning: Unnecessary semicolon.  no-extra-semi
2025-06-19T11:09:15.3802676Z 253:7  Warning: Unnecessary semicolon.  no-extra-semi
2025-06-19T11:09:15.3802864Z 
2025-06-19T11:09:15.3803044Z ./lib/analytics/__tests__/analytics-manager.test.ts
2025-06-19T11:09:15.3803558Z 50:10  Warning: Unexpected any. Specify a different type.  @typescript-eslint/no-explicit-any
2025-06-19T11:09:15.3804186Z 60:10  Warning: Unexpected any. Specify a different type.  @typescript-eslint/no-explicit-any
2025-06-19T11:09:15.3804660Z 84:7  Warning: Unnecessary semicolon.  no-extra-semi
2025-06-19T11:09:15.3805172Z 104:28  Warning: Unexpected any. Specify a different type.  @typescript-eslint/no-explicit-any
2025-06-19T11:09:15.3805653Z 157:7  Warning: Unnecessary semicolon.  no-extra-semi
2025-06-19T11:09:15.3806160Z 227:45  Warning: Unexpected any. Specify a different type.  @typescript-eslint/no-explicit-any
2025-06-19T11:09:15.3807133Z 235:40  Warning: Unexpected any. Specify a different type.  @typescript-eslint/no-explicit-any
2025-06-19T11:09:15.3807474Z 
2025-06-19T11:09:15.3807649Z ./lib/analytics/__tests__/analytics-server.test.ts
2025-06-19T11:09:15.3808025Z 111:7  Warning: Unnecessary semicolon.  no-extra-semi
2025-06-19T11:09:15.3808223Z 
2025-06-19T11:09:15.3808391Z ./lib/analytics/__tests__/consent-loader.test.ts
2025-06-19T11:09:15.3808745Z 25:11  Warning: Unnecessary semicolon.  no-extra-semi
2025-06-19T11:09:15.3809254Z 25:23  Warning: Unexpected any. Specify a different type.  @typescript-eslint/no-explicit-any
2025-06-19T11:09:15.3809882Z 34:19  Warning: Unexpected any. Specify a different type.  @typescript-eslint/no-explicit-any
2025-06-19T11:09:15.3810502Z 34:50  Warning: Unexpected any. Specify a different type.  @typescript-eslint/no-explicit-any
2025-06-19T11:09:15.3811124Z 62:22  Warning: Unexpected any. Specify a different type.  @typescript-eslint/no-explicit-any
2025-06-19T11:09:15.3811741Z 63:17  Warning: Unexpected any. Specify a different type.  @typescript-eslint/no-explicit-any
2025-06-19T11:09:15.3812359Z 64:15  Warning: Unexpected any. Specify a different type.  @typescript-eslint/no-explicit-any
2025-06-19T11:09:15.3812985Z 127:62  Warning: Unexpected any. Specify a different type.  @typescript-eslint/no-explicit-any
2025-06-19T11:09:15.3813735Z 129:58  Warning: Unexpected any. Specify a different type.  @typescript-eslint/no-explicit-any
2025-06-19T11:09:15.3814047Z 
2025-06-19T11:09:15.3814212Z ./lib/analytics/__tests__/event-schemas.test.ts
2025-06-19T11:09:15.3814717Z 191:47  Warning: Unexpected any. Specify a different type.  @typescript-eslint/no-explicit-any
2025-06-19T11:09:15.3815346Z 195:55  Warning: Unexpected any. Specify a different type.  @typescript-eslint/no-explicit-any
2025-06-19T11:09:15.3815661Z 
2025-06-19T11:09:15.3815798Z ./lib/analytics/__tests__/hooks.test.tsx
2025-06-19T11:09:15.3816140Z 70:7  Warning: Unnecessary semicolon.  no-extra-semi
2025-06-19T11:09:15.3816503Z 100:7  Warning: Unnecessary semicolon.  no-extra-semi
2025-06-19T11:09:15.3817137Z 157:24  Warning: Unexpected any. Specify a different type.  @typescript-eslint/no-explicit-any
2025-06-19T11:09:15.3817773Z 159:41  Warning: Unexpected any. Specify a different type.  @typescript-eslint/no-explicit-any
2025-06-19T11:09:15.3818407Z 178:39  Warning: Unexpected any. Specify a different type.  @typescript-eslint/no-explicit-any
2025-06-19T11:09:15.3819036Z 182:50  Warning: Unexpected any. Specify a different type.  @typescript-eslint/no-explicit-any
2025-06-19T11:09:15.3819349Z 
2025-06-19T11:09:15.3819486Z ./lib/analytics/analytics-manager.ts
2025-06-19T11:09:15.3819963Z 7:3  Warning: 'ConsentStatus' is defined but never used.  @typescript-eslint/no-unused-vars
2025-06-19T11:09:15.3820282Z 
2025-06-19T11:09:15.3820408Z ./lib/analytics/consent-loader.ts
2025-06-19T11:09:15.3820942Z 16:7  Warning: 'ANALYTICS_COOKIES' is assigned a value but never used.  @typescript-eslint/no-unused-vars
2025-06-19T11:09:15.3821614Z 68:15  Warning: Unexpected any. Specify a different type.  @typescript-eslint/no-explicit-any
2025-06-19T11:09:15.3822244Z 68:46  Warning: Unexpected any. Specify a different type.  @typescript-eslint/no-explicit-any
2025-06-19T11:09:15.3822867Z 71:15  Warning: Unexpected any. Specify a different type.  @typescript-eslint/no-explicit-any
2025-06-19T11:09:15.3823496Z 72:15  Warning: Unexpected any. Specify a different type.  @typescript-eslint/no-explicit-any
2025-06-19T11:09:15.3823977Z 124:5  Warning: Unnecessary semicolon.  no-extra-semi
2025-06-19T11:09:15.3824489Z 124:17  Warning: Unexpected any. Specify a different type.  @typescript-eslint/no-explicit-any
2025-06-19T11:09:15.3824967Z 131:5  Warning: Unnecessary semicolon.  no-extra-semi
2025-06-19T11:09:15.3825480Z 131:17  Warning: Unexpected any. Specify a different type.  @typescript-eslint/no-explicit-any
2025-06-19T11:09:15.3825796Z 
2025-06-19T11:09:15.3825892Z ./lib/analytics/hooks.ts
2025-06-19T11:09:15.3826453Z 34:70  Warning: Unexpected any. Specify a different type.  @typescript-eslint/no-explicit-any
2025-06-19T11:09:15.3827283Z 76:53  Warning: Unexpected any. Specify a different type.  @typescript-eslint/no-explicit-any
2025-06-19T11:09:15.3827906Z 82:57  Warning: Unexpected any. Specify a different type.  @typescript-eslint/no-explicit-any
2025-06-19T11:09:15.3828530Z 87:46  Warning: Unexpected any. Specify a different type.  @typescript-eslint/no-explicit-any
2025-06-19T11:09:15.3829159Z 125:70  Warning: Unexpected any. Specify a different type.  @typescript-eslint/no-explicit-any
2025-06-19T11:09:15.3829473Z 
2025-06-19T11:09:15.3829638Z ./lib/analytics/providers/__tests__/ga4.test.ts
2025-06-19T11:09:15.3830144Z 19:16  Warning: Unexpected any. Specify a different type.  @typescript-eslint/no-explicit-any
2025-06-19T11:09:15.3830765Z 30:23  Warning: Unexpected any. Specify a different type.  @typescript-eslint/no-explicit-any
2025-06-19T11:09:15.3831393Z 169:25  Warning: Unexpected any. Specify a different type.  @typescript-eslint/no-explicit-any
2025-06-19T11:09:15.3831713Z 
2025-06-19T11:09:15.3831890Z ./lib/analytics/providers/__tests__/posthog.test.ts
2025-06-19T11:09:15.3832412Z 64:17  Warning: Unexpected any. Specify a different type.  @typescript-eslint/no-explicit-any
2025-06-19T11:09:15.3833031Z 80:27  Warning: Unexpected any. Specify a different type.  @typescript-eslint/no-explicit-any
2025-06-19T11:09:15.3833774Z 81:25  Warning: Unexpected any. Specify a different type.  @typescript-eslint/no-explicit-any
2025-06-19T11:09:15.3834402Z 132:21  Warning: Unexpected any. Specify a different type.  @typescript-eslint/no-explicit-any
2025-06-19T11:09:15.3835030Z 162:21  Warning: Unexpected any. Specify a different type.  @typescript-eslint/no-explicit-any
2025-06-19T11:09:15.3835655Z 193:21  Warning: Unexpected any. Specify a different type.  @typescript-eslint/no-explicit-any
2025-06-19T11:09:15.3836283Z 220:21  Warning: Unexpected any. Specify a different type.  @typescript-eslint/no-explicit-any
2025-06-19T11:09:15.3837024Z 233:21  Warning: Unexpected any. Specify a different type.  @typescript-eslint/no-explicit-any
2025-06-19T11:09:15.3837653Z 268:21  Warning: Unexpected any. Specify a different type.  @typescript-eslint/no-explicit-any
2025-06-19T11:09:15.3838280Z 287:21  Warning: Unexpected any. Specify a different type.  @typescript-eslint/no-explicit-any
2025-06-19T11:09:15.3838910Z 315:21  Warning: Unexpected any. Specify a different type.  @typescript-eslint/no-explicit-any
2025-06-19T11:09:15.3839537Z 344:21  Warning: Unexpected any. Specify a different type.  @typescript-eslint/no-explicit-any
2025-06-19T11:09:15.3839852Z 
2025-06-19T11:09:15.3839982Z ./lib/analytics/providers/ga4.ts
2025-06-19T11:09:15.3840446Z 28:42  Warning: Unexpected any. Specify a different type.  @typescript-eslint/no-explicit-any
2025-06-19T11:09:15.3841077Z 122:21  Warning: Unexpected any. Specify a different type.  @typescript-eslint/no-explicit-any
2025-06-19T11:09:15.3841722Z 125:34  Warning: Unexpected any. Specify a different type.  @typescript-eslint/no-explicit-any
2025-06-19T11:09:15.3842037Z 
2025-06-19T11:09:15.3842176Z ./lib/analytics/providers/posthog.ts
2025-06-19T11:09:15.3842627Z 83:14  Warning: 'error' is defined but never used.  @typescript-eslint/no-unused-vars
2025-06-19T11:09:15.3842913Z 
2025-06-19T11:09:15.3843013Z ./lib/analytics/types.ts
2025-06-19T11:09:15.3843466Z 2:18  Warning: Unexpected any. Specify a different type.  @typescript-eslint/no-explicit-any
2025-06-19T11:09:15.3843785Z 
2025-06-19T11:09:15.3843914Z ./lib/context/ABTestingContext.tsx
2025-06-19T11:09:15.3844440Z 25:3  Warning: 'getVariantAssignment' is defined but never used.  @typescript-eslint/no-unused-vars
2025-06-19T11:09:15.3845104Z 62:31  Warning: Unexpected any. Specify a different type.  @typescript-eslint/no-explicit-any
2025-06-19T11:09:15.3845728Z 139:54  Warning: Unexpected any. Specify a different type.  @typescript-eslint/no-explicit-any
2025-06-19T11:09:15.3846358Z 249:58  Warning: Unexpected any. Specify a different type.  @typescript-eslint/no-explicit-any
2025-06-19T11:09:15.3846874Z 
2025-06-19T11:09:15.3847173Z ./lib/cookies/__tests__/consent.test.ts
2025-06-19T11:09:15.3847677Z 84:25  Warning: Unexpected any. Specify a different type.  @typescript-eslint/no-explicit-any
2025-06-19T11:09:15.3848314Z 193:25  Warning: Unexpected any. Specify a different type.  @typescript-eslint/no-explicit-any
2025-06-19T11:09:15.3848633Z 
2025-06-19T11:09:15.3848717Z ./lib/db/queries.ts
2025-06-19T11:09:15.3849115Z 1:10  Warning: 'prisma' is defined but never used.  @typescript-eslint/no-unused-vars
2025-06-19T11:09:15.3849409Z 
2025-06-19T11:09:15.3849549Z ./lib/design-system/animations.test.ts
2025-06-19T11:09:15.3850039Z 24:40  Warning: Unexpected any. Specify a different type.  @typescript-eslint/no-explicit-any
2025-06-19T11:09:15.3850349Z 
2025-06-19T11:09:15.3850474Z ./lib/email/__tests__/queue.test.ts
2025-06-19T11:09:15.3850987Z 123:13  Warning: 'initialDelay' is assigned a value but never used.  @typescript-eslint/no-unused-vars
2025-06-19T11:09:15.3851632Z 179:13  Warning: 'id2' is assigned a value but never used.  @typescript-eslint/no-unused-vars
2025-06-19T11:09:15.3852226Z 248:13  Warning: 'id2' is assigned a value but never used.  @typescript-eslint/no-unused-vars
2025-06-19T11:09:15.3852819Z 256:13  Warning: 'id3' is assigned a value but never used.  @typescript-eslint/no-unused-vars
2025-06-19T11:09:15.3853226Z 
2025-06-19T11:09:15.3853333Z ./lib/email/email-service.ts
2025-06-19T11:09:15.3853791Z 89:19  Warning: Unexpected any. Specify a different type.  @typescript-eslint/no-explicit-any
2025-06-19T11:09:15.3854104Z 
2025-06-19T11:09:15.3854191Z ./lib/email/queue.ts
2025-06-19T11:09:15.3854614Z 8:3  Warning: 'EmailStatus' is defined but never used.  @typescript-eslint/no-unused-vars
2025-06-19T11:09:15.3854917Z 
2025-06-19T11:09:15.3855073Z ./lib/email/templates/orderConfirmation.ts
2025-06-19T11:09:15.3855563Z 1:24  Warning: 'emailButton' is defined but never used.  @typescript-eslint/no-unused-vars
2025-06-19T11:09:15.3855862Z 
2025-06-19T11:09:15.3855992Z ./lib/email/templates/welcomeEmail.ts
2025-06-19T11:09:15.3856463Z 1:24  Warning: 'emailButton' is defined but never used.  @typescript-eslint/no-unused-vars
2025-06-19T11:09:15.3856889Z 
2025-06-19T11:09:15.3856979Z ./lib/email/types.ts
2025-06-19T11:09:15.3857435Z 1:15  Warning: 'MailDataRequired' is defined but never used.  @typescript-eslint/no-unused-vars
2025-06-19T11:09:15.3857765Z 
2025-06-19T11:09:15.3857913Z ./lib/help/__tests__/faq-service.test.ts
2025-06-19T11:09:15.3858404Z 3:20  Warning: 'GENERAL_FAQS' is defined but never used.  @typescript-eslint/no-unused-vars
2025-06-19T11:09:15.3859021Z 3:34  Warning: 'PURCHASE_FAQS' is defined but never used.  @typescript-eslint/no-unused-vars
2025-06-19T11:09:15.3859328Z 
2025-06-19T11:09:15.3859426Z ./lib/help/faq-service.ts
2025-06-19T11:09:15.3859865Z 10:3  Warning: 'FAQCategory' is defined but never used.  @typescript-eslint/no-unused-vars
2025-06-19T11:09:15.3860497Z 14:3  Warning: 'getFAQsByContext' is defined but never used.  @typescript-eslint/no-unused-vars
2025-06-19T11:09:15.3861152Z 171:63  Warning: Unexpected any. Specify a different type.  @typescript-eslint/no-explicit-any
2025-06-19T11:09:15.3861478Z 
2025-06-19T11:09:15.3861565Z ./lib/help/types.ts
2025-06-19T11:09:15.3861995Z 100:11  Warning: Unexpected any. Specify a different type.  @typescript-eslint/no-explicit-any
2025-06-19T11:09:15.3862646Z 101:12  Warning: Unexpected any. Specify a different type.  @typescript-eslint/no-explicit-any
2025-06-19T11:09:15.3863290Z 102:10  Warning: Unexpected any. Specify a different type.  @typescript-eslint/no-explicit-any
2025-06-19T11:09:15.3863602Z 
2025-06-19T11:09:15.3863772Z ./lib/monitoring/__tests__/api-middleware.test.ts
2025-06-19T11:09:15.3864294Z 77:62  Warning: Unexpected any. Specify a different type.  @typescript-eslint/no-explicit-any
2025-06-19T11:09:15.3864921Z 93:52  Warning: Unexpected any. Specify a different type.  @typescript-eslint/no-explicit-any
2025-06-19T11:09:15.3865551Z 126:45  Warning: Unexpected any. Specify a different type.  @typescript-eslint/no-explicit-any
2025-06-19T11:09:15.3865988Z 
2025-06-19T11:09:15.3866096Z ./lib/monitoring/alerts.ts
2025-06-19T11:09:15.3866542Z 8:29  Warning: Unexpected any. Specify a different type.  @typescript-eslint/no-explicit-any
2025-06-19T11:09:15.3867324Z 
2025-06-19T11:09:15.3867472Z ./lib/monitoring/api-middleware.ts
2025-06-19T11:09:15.3867982Z 1:10  Warning: 'NextRequest' is defined but never used.  @typescript-eslint/no-unused-vars
2025-06-19T11:09:15.3868610Z 12:18  Warning: Unexpected any. Specify a different type.  @typescript-eslint/no-explicit-any
2025-06-19T11:09:15.3869237Z 12:34  Warning: Unexpected any. Specify a different type.  @typescript-eslint/no-explicit-any
2025-06-19T11:09:15.3869855Z 22:22  Warning: Unexpected any. Specify a different type.  @typescript-eslint/no-explicit-any
2025-06-19T11:09:15.3870457Z 25:27  Warning: 'status' is defined but never used.  @typescript-eslint/no-unused-vars
2025-06-19T11:09:15.3871026Z 26:21  Warning: 'key' is defined but never used.  @typescript-eslint/no-unused-vars
2025-06-19T11:09:15.3871588Z 26:34  Warning: 'value' is defined but never used.  @typescript-eslint/no-unused-vars
2025-06-19T11:09:15.3872188Z 26:41  Warning: Unexpected any. Specify a different type.  @typescript-eslint/no-explicit-any
2025-06-19T11:09:15.3872952Z 134:54  Warning: Unexpected any. Specify a different type.  @typescript-eslint/no-explicit-any
2025-06-19T11:09:15.3873591Z 134:72  Warning: Unexpected any. Specify a different type.  @typescript-eslint/no-explicit-any
2025-06-19T11:09:15.3874247Z 185:11  Warning: 'startTime' is assigned a value but never used.  @typescript-eslint/no-unused-vars
2025-06-19T11:09:15.3874576Z 
2025-06-19T11:09:15.3874680Z ./lib/monitoring/datadog.ts
2025-06-19T11:09:15.3875121Z 31:25  Warning: 'context' is defined but never used.  @typescript-eslint/no-unused-vars
2025-06-19T11:09:15.3875674Z 58:18  Warning: 'log' is defined but never used.  @typescript-eslint/no-unused-vars
2025-06-19T11:09:15.3876238Z 58:23  Warning: 'context' is defined but never used.  @typescript-eslint/no-unused-vars
2025-06-19T11:09:15.3877022Z 69:67  Warning: Unexpected any. Specify a different type.  @typescript-eslint/no-explicit-any
2025-06-19T11:09:15.3877644Z 73:70  Warning: Unexpected any. Specify a different type.  @typescript-eslint/no-explicit-any
2025-06-19T11:09:15.3878274Z 80:28  Warning: Unexpected any. Specify a different type.  @typescript-eslint/no-explicit-any
2025-06-19T11:09:15.3878896Z 131:68  Warning: Unexpected any. Specify a different type.  @typescript-eslint/no-explicit-any
2025-06-19T11:09:15.3879212Z 
2025-06-19T11:09:15.3879310Z ./lib/monitoring/hooks.ts
2025-06-19T11:09:15.3880578Z 49:30  Warning: The ref value 'renderCount.current' will likely have changed by the time this effect cleanup function runs. If this ref points to a node rendered by React, copy 'renderCount.current' to a variable inside the effect, and use that variable in the cleanup function.  react-hooks/exhaustive-deps
2025-06-19T11:09:15.3882621Z 50:42  Warning: The ref value 'mountTime.current' will likely have changed by the time this effect cleanup function runs. If this ref points to a node rendered by React, copy 'mountTime.current' to a variable inside the effect, and use that variable in the cleanup function.  react-hooks/exhaustive-deps
2025-06-19T11:09:15.3883836Z 58:37  Warning: Unexpected any. Specify a different type.  @typescript-eslint/no-explicit-any
2025-06-19T11:09:15.3884470Z 141:62  Warning: Unexpected any. Specify a different type.  @typescript-eslint/no-explicit-any
2025-06-19T11:09:15.3885101Z 186:32  Warning: Unexpected any. Specify a different type.  @typescript-eslint/no-explicit-any
2025-06-19T11:09:15.3885733Z 195:28  Warning: Unexpected any. Specify a different type.  @typescript-eslint/no-explicit-any
2025-06-19T11:09:15.3886363Z 207:24  Warning: Unexpected any. Specify a different type.  @typescript-eslint/no-explicit-any
2025-06-19T11:09:15.3887189Z 208:28  Warning: Unexpected any. Specify a different type.  @typescript-eslint/no-explicit-any
2025-06-19T11:09:15.3887896Z 221:14  Warning: 'e' is defined but never used.  @typescript-eslint/no-unused-vars
2025-06-19T11:09:15.3888173Z 
2025-06-19T11:09:15.3888269Z ./lib/monitoring/index.ts
2025-06-19T11:09:15.3888719Z 15:69  Warning: Unexpected any. Specify a different type.  @typescript-eslint/no-explicit-any
2025-06-19T11:09:15.3889324Z 36:19  Warning: 'status' is defined but never used.  @typescript-eslint/no-unused-vars
2025-06-19T11:09:15.3889880Z 37:17  Warning: 'key' is defined but never used.  @typescript-eslint/no-unused-vars
2025-06-19T11:09:15.3890427Z 37:30  Warning: 'value' is defined but never used.  @typescript-eslint/no-unused-vars
2025-06-19T11:09:15.3891027Z 37:37  Warning: Unexpected any. Specify a different type.  @typescript-eslint/no-explicit-any
2025-06-19T11:09:15.3891634Z 39:20  Warning: 'options' is defined but never used.  @typescript-eslint/no-unused-vars
2025-06-19T11:09:15.3892249Z 39:29  Warning: Unexpected any. Specify a different type.  @typescript-eslint/no-explicit-any
2025-06-19T11:09:15.3892850Z 40:21  Warning: 'status' is defined but never used.  @typescript-eslint/no-unused-vars
2025-06-19T11:09:15.3893448Z 74:64  Warning: Unexpected any. Specify a different type.  @typescript-eslint/no-explicit-any
2025-06-19T11:09:15.3894063Z 98:68  Warning: Unexpected any. Specify a different type.  @typescript-eslint/no-explicit-any
2025-06-19T11:09:15.3894487Z 
2025-06-19T11:09:15.3894664Z ./lib/purchase/__tests__/purchase-service.test.ts
2025-06-19T11:09:15.3895206Z 8:10  Warning: 'generateUTMToken' is defined but never used.  @typescript-eslint/no-unused-vars
2025-06-19T11:09:15.3895882Z 8:28  Warning: 'createUTMParameter' is defined but never used.  @typescript-eslint/no-unused-vars
2025-06-19T11:09:15.3896554Z 70:13  Warning: 'mockToken' is assigned a value but never used.  @typescript-eslint/no-unused-vars
2025-06-19T11:09:15.3897157Z 96:7  Warning: Unnecessary semicolon.  no-extra-semi
2025-06-19T11:09:15.3897535Z 110:7  Warning: Unnecessary semicolon.  no-extra-semi
2025-06-19T11:09:15.3897909Z 132:7  Warning: Unnecessary semicolon.  no-extra-semi
2025-06-19T11:09:15.3898269Z 182:7  Warning: Unnecessary semicolon.  no-extra-semi
2025-06-19T11:09:15.3898626Z 197:7  Warning: Unnecessary semicolon.  no-extra-semi
2025-06-19T11:09:15.3898973Z 218:7  Warning: Unnecessary semicolon.  no-extra-semi
2025-06-19T11:09:15.3899174Z 
2025-06-19T11:09:15.3899319Z ./lib/purchase/purchase-service-dev.ts
2025-06-19T11:09:15.3899778Z 137:3  Warning: 'utm' is defined but never used.  @typescript-eslint/no-unused-vars
2025-06-19T11:09:15.3900382Z 177:46  Warning: Unexpected any. Specify a different type.  @typescript-eslint/no-explicit-any
2025-06-19T11:09:15.3900701Z 
2025-06-19T11:09:15.3900844Z ./lib/stripe/__tests__/checkout.test.ts
2025-06-19T11:09:15.3901337Z 115:20  Warning: Unexpected any. Specify a different type.  @typescript-eslint/no-explicit-any
2025-06-19T11:09:15.3901972Z 182:53  Warning: Unexpected any. Specify a different type.  @typescript-eslint/no-explicit-any
2025-06-19T11:09:15.3902608Z 187:55  Warning: Unexpected any. Specify a different type.  @typescript-eslint/no-explicit-any
2025-06-19T11:09:15.3902918Z 
2025-06-19T11:09:15.3903053Z ./lib/stripe/__tests__/utils.test.ts
2025-06-19T11:09:15.3903616Z 31:7  Warning: 'MockStripeInvalidRequestError' is defined but never used.  @typescript-eslint/no-unused-vars
2025-06-19T11:09:15.3904007Z 
2025-06-19T11:09:15.3904095Z ./lib/stripe/utils.ts
2025-06-19T11:09:15.3904530Z 81:11  Warning: Unexpected any. Specify a different type.  @typescript-eslint/no-explicit-any
2025-06-19T11:09:15.3905156Z 86:41  Warning: Unexpected any. Specify a different type.  @typescript-eslint/no-explicit-any
2025-06-19T11:09:15.3905776Z 90:36  Warning: Unexpected any. Specify a different type.  @typescript-eslint/no-explicit-any
2025-06-19T11:09:15.3906085Z 
2025-06-19T11:09:15.3906214Z ./lib/utm/__tests__/storage.test.ts
2025-06-19T11:09:15.3906536Z 88:7  Warning: Unnecessary semicolon.  no-extra-semi
2025-06-19T11:09:15.3907110Z 122:7  Warning: Unnecessary semicolon.  no-extra-semi
2025-06-19T11:09:15.3907610Z 134:7  Warning: Unnecessary semicolon.  no-extra-semi
2025-06-19T11:09:15.3907980Z 144:7  Warning: Unnecessary semicolon.  no-extra-semi
2025-06-19T11:09:15.3908330Z 156:7  Warning: Unnecessary semicolon.  no-extra-semi
2025-06-19T11:09:15.3908691Z 174:7  Warning: Unnecessary semicolon.  no-extra-semi
2025-06-19T11:09:15.3908886Z 
2025-06-19T11:09:15.3908971Z ./lib/utm/crypto.ts
2025-06-19T11:09:15.3909374Z 181:12  Warning: 'error' is defined but never used.  @typescript-eslint/no-unused-vars
2025-06-19T11:09:15.3909942Z 204:12  Warning: 'error' is defined but never used.  @typescript-eslint/no-unused-vars
2025-06-19T11:09:15.3910225Z 
2025-06-19T11:09:15.3910309Z ./lib/utm/hooks.ts
2025-06-19T11:09:15.3910695Z 72:16  Warning: 'error' is defined but never used.  @typescript-eslint/no-unused-vars
2025-06-19T11:09:15.3910978Z 
2025-06-19T11:09:15.3911063Z ./lib/utm/storage.ts
2025-06-19T11:09:15.3911501Z 57:13  Warning: 'result' is assigned a value but never used.  @typescript-eslint/no-unused-vars
2025-06-19T11:09:15.3912079Z 68:14  Warning: 'error' is defined but never used.  @typescript-eslint/no-unused-vars
2025-06-19T11:09:15.3912363Z 
2025-06-19T11:09:15.3912489Z ./lib/waitlist/domain-validation.ts
2025-06-19T11:09:15.3913123Z 342:17  Warning: 'responseTime' is assigned a value but never used.  @typescript-eslint/no-unused-vars
2025-06-19T11:09:15.3913743Z 351:16  Warning: 'error' is defined but never used.  @typescript-eslint/no-unused-vars
2025-06-19T11:09:15.3914027Z 
2025-06-19T11:09:15.3914488Z info  - Need to disable some ESLint rules? Learn more here: https://nextjs.org/docs/basic-features/eslint#disabling-rules
2025-06-19T11:09:15.4672979Z ##[group]Run npm run format:check
2025-06-19T11:09:15.4673480Z [36;1mnpm run format:check[0m
2025-06-19T11:09:15.4756169Z shell: /usr/bin/bash -e {0}
2025-06-19T11:09:15.4756546Z env:
2025-06-19T11:09:15.4757610Z   NODE_ENV: test
2025-06-19T11:09:15.4757799Z ##[endgroup]
2025-06-19T11:09:15.5857705Z 
2025-06-19T11:09:15.5858161Z > anthrasite.io@1.0.0 format:check
2025-06-19T11:09:15.5858691Z > prettier --check .
2025-06-19T11:09:15.5858930Z 
2025-06-19T11:09:15.6716252Z Checking formatting...
2025-06-19T11:09:21.7990164Z [warn] logs_visual_regression/visual-test-results-shard-2/playwright-visual-report/data/294eecad854ddac81ea7572943f064ee55d1ce00.md
2025-06-19T11:09:22.1567222Z [warn] logs_visual_regression/visual-test-results-shard-2/playwright-visual-report/data/dd55eba8ede85ec2e497cddd2ed85bd2add08c31.md
2025-06-19T11:09:24.0828263Z [warn] logs_visual_regression/visual-test-results-shard-2/playwright-visual-report/index.html
2025-06-19T11:09:25.1149572Z [warn] logs_visual_regression/visual-test-results-shard-2/playwright-visual-report/trace/assets/codeMirrorModule-BKr-mZ2D.js
2025-06-19T11:09:27.2084476Z [warn] logs_visual_regression/visual-test-results-shard-2/playwright-visual-report/trace/assets/defaultSettingsView-CzQxXsO4.js
2025-06-19T11:09:27.2358869Z [warn] logs_visual_regression/visual-test-results-shard-2/playwright-visual-report/trace/codeMirrorModule.C3UTv-Ge.css
2025-06-19T11:09:27.4869512Z [warn] logs_visual_regression/visual-test-results-shard-2/playwright-visual-report/trace/defaultSettingsView.NYBT19Ch.css
2025-06-19T11:09:27.5138601Z [warn] logs_visual_regression/visual-test-results-shard-2/playwright-visual-report/trace/index.BT-45kLv.js
2025-06-19T11:09:27.5206268Z [warn] logs_visual_regression/visual-test-results-shard-2/playwright-visual-report/trace/index.CFOW-Ezb.css
2025-06-19T11:09:27.5338098Z [warn] logs_visual_regression/visual-test-results-shard-2/playwright-visual-report/trace/index.html
2025-06-19T11:09:27.5409723Z [warn] logs_visual_regression/visual-test-results-shard-2/playwright-visual-report/trace/snapshot.html
2025-06-19T11:09:27.8399026Z [warn] logs_visual_regression/visual-test-results-shard-2/playwright-visual-report/trace/sw.bundle.js
2025-06-19T11:09:27.9104871Z [warn] logs_visual_regression/visual-test-results-shard-2/playwright-visual-report/trace/uiMode.BatfzHMG.css
2025-06-19T11:09:28.0251329Z [warn] logs_visual_regression/visual-test-results-shard-2/playwright-visual-report/trace/uiMode.BuGgfvGl.js
2025-06-19T11:09:28.0292180Z [warn] logs_visual_regression/visual-test-results-shard-2/playwright-visual-report/trace/uiMode.html
2025-06-19T11:09:28.0374173Z [warn] logs_visual_regression/visual-test-results-shard-2/playwright-visual-report/trace/xtermModule.Beg8tuEN.css
2025-06-19T11:09:28.1063969Z [warn] logs_visual_regression/visual-test-results-shard-2/visual-test-results.json
2025-06-19T11:09:28.8624254Z [warn] Code style issues found in 17 files. Run Prettier with --write to fix.
2025-06-19T11:09:28.9157917Z ##[error]Process completed with exit code 1.
2025-06-19T11:09:28.9223308Z ##[group]Run actions/upload-artifact@v4
2025-06-19T11:09:28.9223625Z with:
2025-06-19T11:09:28.9223811Z   name: playwright-report
2025-06-19T11:09:28.9224046Z   path: playwright-report/
2025-06-19T11:09:28.9224266Z   retention-days: 7
2025-06-19T11:09:28.9224460Z   if-no-files-found: warn
2025-06-19T11:09:28.9224659Z   compression-level: 6
2025-06-19T11:09:28.9224850Z   overwrite: false
2025-06-19T11:09:28.9225041Z   include-hidden-files: false
2025-06-19T11:09:28.9225244Z env:
2025-06-19T11:09:28.9225398Z   NODE_ENV: test
2025-06-19T11:09:28.9225574Z ##[endgroup]
2025-06-19T11:09:29.1424178Z ##[warning]No files were found with the provided path: playwright-report/. No artifacts will be uploaded.
2025-06-19T11:09:29.1560498Z Post job cleanup.
2025-06-19T11:09:29.2506095Z [command]/usr/bin/git version
2025-06-19T11:09:29.2542597Z git version 2.49.0
2025-06-19T11:09:29.2584896Z Temporarily overriding HOME='/home/runner/work/_temp/a28a397f-94e0-4169-b46b-f6d12b7fd9bb' before making global git config changes
2025-06-19T11:09:29.2585982Z Adding repository directory to the temporary git global config as a safe directory
2025-06-19T11:09:29.2590680Z [command]/usr/bin/git config --global --add safe.directory /home/runner/work/anthrasite.io/anthrasite.io
2025-06-19T11:09:29.2626438Z [command]/usr/bin/git config --local --name-only --get-regexp core\.sshCommand
2025-06-19T11:09:29.2661876Z [command]/usr/bin/git submodule foreach --recursive sh -c "git config --local --name-only --get-regexp 'core\.sshCommand' && git config --local --unset-all 'core.sshCommand' || :"
2025-06-19T11:09:29.2890345Z [command]/usr/bin/git config --local --name-only --get-regexp http\.https\:\/\/github\.com\/\.extraheader
2025-06-19T11:09:29.2913116Z http.https://github.com/.extraheader
2025-06-19T11:09:29.2926201Z [command]/usr/bin/git config --local --unset-all http.https://github.com/.extraheader
2025-06-19T11:09:29.2957972Z [command]/usr/bin/git submodule foreach --recursive sh -c "git config --local --name-only --get-regexp 'http\.https\:\/\/github\.com\/\.extraheader' && git config --local --unset-all 'http.https://github.com/.extraheader' || :"
2025-06-19T11:09:29.3269586Z Print service container logs: 9596e7760a094f89a653e934292da35e_postgres15_6dccf1
2025-06-19T11:09:29.3274135Z ##[command]/usr/bin/docker logs --details 67811e4b66a30e59bfe3e56db2d50ea4d1d2397e25a5c3f5cf64d28ce7f57ca2
2025-06-19T11:09:29.3398165Z  The files belonging to this database system will be owned by user "postgres".
2025-06-19T11:09:29.3398915Z  This user must also own the server process.
2025-06-19T11:09:29.3399350Z  
2025-06-19T11:09:29.3399790Z  The database cluster will be initialized with locale "en_US.utf8".
2025-06-19T11:09:29.3400485Z  The default database encoding has accordingly been set to "UTF8".
2025-06-19T11:09:29.3401136Z  The default text search configuration will be set to "english".
2025-06-19T11:09:29.3401642Z  
2025-06-19T11:09:29.3401920Z  Data page checksums are disabled.
2025-06-19T11:09:29.3402275Z  
2025-06-19T11:09:29.3402587Z  fixing permissions on existing directory /var/lib/postgresql/data ... ok
2025-06-19T11:09:29.3403032Z  creating subdirectories ... ok
2025-06-19T11:09:29.3403338Z  selecting dynamic shared memory implementation ... posix
2025-06-19T11:09:29.3403670Z  selecting default max_connections ... 100
2025-06-19T11:09:29.3403956Z  selecting default shared_buffers ... 128MB
2025-06-19T11:09:29.3404231Z  selecting default time zone ... Etc/UTC
2025-06-19T11:09:29.3404503Z  creating configuration files ... ok
2025-06-19T11:09:29.3404760Z  running bootstrap script ... ok
2025-06-19T11:09:29.3405049Z  performing post-bootstrap initialization ... ok
2025-06-19T11:09:29.3406172Z  initdb: warning: enabling "trust" authentication for local connections
2025-06-19T11:09:29.3407148Z  initdb: hint: You can change this by editing pg_hba.conf or using the option -A, or --auth-local and --auth-host, the next time you run initdb.
2025-06-19T11:09:29.3408047Z  2025-06-19 11:08:24.658 UTC [1] LOG:  starting PostgreSQL 15.13 (Debian 15.13-1.pgdg120+1) on x86_64-pc-linux-gnu, compiled by gcc (Debian 12.2.0-14) 12.2.0, 64-bit
2025-06-19T11:09:29.3408708Z  2025-06-19 11:08:24.658 UTC [1] LOG:  listening on IPv4 address "0.0.0.0", port 5432
2025-06-19T11:09:29.3409110Z  2025-06-19 11:08:24.658 UTC [1] LOG:  listening on IPv6 address "::", port 5432
2025-06-19T11:09:29.3409560Z  2025-06-19 11:08:24.659 UTC [1] LOG:  listening on Unix socket "/var/run/postgresql/.s.PGSQL.5432"
2025-06-19T11:09:29.3410062Z  2025-06-19 11:08:24.662 UTC [64] LOG:  database system was shut down at 2025-06-19 11:08:24 UTC
2025-06-19T11:09:29.3411053Z  2025-06-19 11:08:24.666 UTC [1] LOG:  database system is ready to accept connections
2025-06-19T11:09:29.3411712Z  2025-06-19 11:08:33.727 UTC [75] FATAL:  role "root" does not exist
2025-06-19T11:09:29.3412291Z  2025-06-19 11:08:43.805 UTC [83] FATAL:  role "root" does not exist
2025-06-19T11:09:29.3412825Z  2025-06-19 11:08:53.913 UTC [91] FATAL:  role "root" does not exist
2025-06-19T11:09:29.3413168Z  2025-06-19 11:09:03.992 UTC [100] FATAL:  role "root" does not exist
2025-06-19T11:09:29.3413513Z  2025-06-19 11:09:14.079 UTC [110] FATAL:  role "root" does not exist
2025-06-19T11:09:29.3413840Z  2025-06-19 11:09:24.175 UTC [118] FATAL:  role "root" does not exist
2025-06-19T11:09:29.3414140Z  syncing data to disk ... ok
2025-06-19T11:09:29.3414351Z  
2025-06-19T11:09:29.3414498Z  
2025-06-19T11:09:29.3414698Z  Success. You can now start the database server using:
2025-06-19T11:09:29.3414973Z  
2025-06-19T11:09:29.3415183Z      pg_ctl -D /var/lib/postgresql/data -l logfile start
2025-06-19T11:09:29.3415450Z  
2025-06-19T11:09:29.3415982Z  waiting for server to start....2025-06-19 11:08:24.343 UTC [48] LOG:  starting PostgreSQL 15.13 (Debian 15.13-1.pgdg120+1) on x86_64-pc-linux-gnu, compiled by gcc (Debian 12.2.0-14) 12.2.0, 64-bit
2025-06-19T11:09:29.3416964Z  2025-06-19 11:08:24.344 UTC [48] LOG:  listening on Unix socket "/var/run/postgresql/.s.PGSQL.5432"
2025-06-19T11:09:29.3417474Z  2025-06-19 11:08:24.346 UTC [51] LOG:  database system was shut down at 2025-06-19 11:08:24 UTC
2025-06-19T11:09:29.3418141Z  2025-06-19 11:08:24.350 UTC [48] LOG:  database system is ready to accept connections
2025-06-19T11:09:29.3418473Z   done
2025-06-19T11:09:29.3418629Z  server started
2025-06-19T11:09:29.3418804Z  CREATE DATABASE
2025-06-19T11:09:29.3418978Z  
2025-06-19T11:09:29.3419149Z  
2025-06-19T11:09:29.3419445Z  /usr/local/bin/docker-entrypoint.sh: ignoring /docker-entrypoint-initdb.d/*
2025-06-19T11:09:29.3419800Z  
2025-06-19T11:09:29.3420012Z  2025-06-19 11:08:24.536 UTC [48] LOG:  received fast shutdown request
2025-06-19T11:09:29.3420467Z  waiting for server to shut down....2025-06-19 11:08:24.536 UTC [48] LOG:  aborting any active transactions
2025-06-19T11:09:29.3421060Z  2025-06-19 11:08:24.538 UTC [48] LOG:  background worker "logical replication launcher" (PID 54) exited with exit code 1
2025-06-19T11:09:29.3421530Z  2025-06-19 11:08:24.538 UTC [49] LOG:  shutting down
2025-06-19T11:09:29.3421870Z  2025-06-19 11:08:24.539 UTC [49] LOG:  checkpoint starting: shutdown immediate
2025-06-19T11:09:29.3422698Z  2025-06-19 11:08:24.560 UTC [49] LOG:  checkpoint complete: wrote 918 buffers (5.6%); 0 WAL file(s) added, 0 removed, 0 recycled; write=0.015 s, sync=0.006 s, total=0.022 s; sync files=301, longest=0.005 s, average=0.001 s; distance=4222 kB, estimate=4222 kB
2025-06-19T11:09:29.3423526Z  2025-06-19 11:08:24.567 UTC [48] LOG:  database system is shut down
2025-06-19T11:09:29.3423803Z   done
2025-06-19T11:09:29.3423963Z  server stopped
2025-06-19T11:09:29.3424134Z  
2025-06-19T11:09:29.3424348Z  PostgreSQL init process complete; ready for start up.
2025-06-19T11:09:29.3424615Z  
2025-06-19T11:09:29.3429884Z Stop and remove container: 9596e7760a094f89a653e934292da35e_postgres15_6dccf1
2025-06-19T11:09:29.3434575Z ##[command]/usr/bin/docker rm --force 67811e4b66a30e59bfe3e56db2d50ea4d1d2397e25a5c3f5cf64d28ce7f57ca2
2025-06-19T11:09:30.2911126Z 67811e4b66a30e59bfe3e56db2d50ea4d1d2397e25a5c3f5cf64d28ce7f57ca2
2025-06-19T11:09:30.2939654Z Remove container network: github_network_cff97d665866416fa45082585a3fe6ee
2025-06-19T11:09:30.2943756Z ##[command]/usr/bin/docker network rm github_network_cff97d665866416fa45082585a3fe6ee
2025-06-19T11:09:30.4317100Z github_network_cff97d665866416fa45082585a3fe6ee
2025-06-19T11:09:30.4378986Z Cleaning up orphan processes
